[0.083s] DEBUG:colcon:Command line arguments: ['/usr/bin/colcon', 'build']
[0.083s] DEBUG:colcon:Parsed command line arguments: Namespace(log_base=None, log_level=None, verb_name='build', build_base='build', install_base='install', merge_install=False, symlink_install=True, test_result_base=None, continue_on_error=False, executor='parallel', parallel_workers=20, event_handlers=None, ignore_user_meta=False, metas=['./colcon.meta'], base_paths=['.'], packages_ignore=None, packages_ignore_regex=None, paths=None, packages_up_to=None, packages_up_to_regex=None, packages_above=None, packages_above_and_dependencies=None, packages_above_depth=None, packages_select_by_dep=None, packages_skip_by_dep=None, packages_skip_up_to=None, packages_select_build_failed=False, packages_skip_build_finished=False, packages_select_test_failures=False, packages_skip_test_passed=False, packages_select=None, packages_skip=None, packages_select_regex=None, packages_skip_regex=None, packages_start=None, packages_end=None, allow_overriding=[], cmake_args=None, cmake_target=None, cmake_target_skip_unavailable=False, cmake_clean_cache=False, cmake_clean_first=False, cmake_force_configure=False, ament_cmake_args=None, catkin_cmake_args=None, catkin_skip_building_tests=False, mixin_files=None, mixin=None, verb_parser=<colcon_mixin.mixin.mixin_argument.MixinArgumentDecorator object at 0x7a1020386710>, verb_extension=<colcon_core.verb.build.BuildVerb object at 0x7a102030ffd0>, main=<bound method BuildVerb.main of <colcon_core.verb.build.BuildVerb object at 0x7a102030ffd0>>, mixin_verb=('build',))
[0.111s] Level 1:colcon.colcon_core.package_discovery:discover_packages(colcon_meta) check parameters
[0.112s] Level 1:colcon.colcon_core.package_discovery:discover_packages(recursive) check parameters
[0.112s] Level 1:colcon.colcon_core.package_discovery:discover_packages(ignore) check parameters
[0.112s] Level 1:colcon.colcon_core.package_discovery:discover_packages(path) check parameters
[0.112s] Level 1:colcon.colcon_core.package_discovery:discover_packages(colcon_meta) discover
[0.112s] Level 1:colcon.colcon_core.package_discovery:discover_packages(recursive) discover
[0.112s] INFO:colcon.colcon_core.package_discovery:Crawling recursively for packages in '/home/jay/SCV_Perception'
[0.112s] Level 1:colcon.colcon_core.package_identification:_identify(.) by extensions ['ignore', 'ignore_ament_install']
[0.112s] Level 1:colcon.colcon_core.package_identification:_identify(.) by extension 'ignore'
[0.112s] Level 1:colcon.colcon_core.package_identification:_identify(.) by extension 'ignore_ament_install'
[0.112s] Level 1:colcon.colcon_core.package_identification:_identify(.) by extensions ['colcon_pkg']
[0.112s] Level 1:colcon.colcon_core.package_identification:_identify(.) by extension 'colcon_pkg'
[0.112s] Level 1:colcon.colcon_core.package_identification:_identify(.) by extensions ['colcon_meta']
[0.112s] Level 1:colcon.colcon_core.package_identification:_identify(.) by extension 'colcon_meta'
[0.112s] Level 1:colcon.colcon_core.package_identification:_identify(.) by extensions ['ros']
[0.112s] Level 1:colcon.colcon_core.package_identification:_identify(.) by extension 'ros'
[0.122s] Level 1:colcon.colcon_core.package_identification:_identify(.) by extensions ['cmake', 'python']
[0.122s] Level 1:colcon.colcon_core.package_identification:_identify(.) by extension 'cmake'
[0.122s] Level 1:colcon.colcon_core.package_identification:_identify(.) by extension 'python'
[0.122s] Level 1:colcon.colcon_core.package_identification:_identify(.) by extensions ['python_setup_py']
[0.122s] Level 1:colcon.colcon_core.package_identification:_identify(.) by extension 'python_setup_py'
[0.122s] Level 1:colcon.colcon_core.package_identification:_identify(build) by extensions ['ignore', 'ignore_ament_install']
[0.122s] Level 1:colcon.colcon_core.package_identification:_identify(build) by extension 'ignore'
[0.122s] Level 1:colcon.colcon_core.package_identification:_identify(build) ignored
[0.122s] Level 1:colcon.colcon_core.package_identification:_identify(install) by extensions ['ignore', 'ignore_ament_install']
[0.122s] Level 1:colcon.colcon_core.package_identification:_identify(install) by extension 'ignore'
[0.122s] Level 1:colcon.colcon_core.package_identification:_identify(install) ignored
[0.122s] Level 1:colcon.colcon_core.package_identification:_identify(log) by extensions ['ignore', 'ignore_ament_install']
[0.122s] Level 1:colcon.colcon_core.package_identification:_identify(log) by extension 'ignore'
[0.123s] Level 1:colcon.colcon_core.package_identification:_identify(log) ignored
[0.123s] Level 1:colcon.colcon_core.package_identification:_identify(memsort_ros2) by extensions ['ignore', 'ignore_ament_install']
[0.123s] Level 1:colcon.colcon_core.package_identification:_identify(memsort_ros2) by extension 'ignore'
[0.123s] Level 1:colcon.colcon_core.package_identification:_identify(memsort_ros2) by extension 'ignore_ament_install'
[0.123s] Level 1:colcon.colcon_core.package_identification:_identify(memsort_ros2) by extensions ['colcon_pkg']
[0.123s] Level 1:colcon.colcon_core.package_identification:_identify(memsort_ros2) by extension 'colcon_pkg'
[0.123s] Level 1:colcon.colcon_core.package_identification:_identify(memsort_ros2) by extensions ['colcon_meta']
[0.123s] Level 1:colcon.colcon_core.package_identification:_identify(memsort_ros2) by extension 'colcon_meta'
[0.123s] Level 1:colcon.colcon_core.package_identification:_identify(memsort_ros2) by extensions ['ros']
[0.123s] Level 1:colcon.colcon_core.package_identification:_identify(memsort_ros2) by extension 'ros'
[0.124s] DEBUG:colcon.colcon_core.package_identification:Package 'memsort_ros2' with type 'ros.ament_cmake' and name 'memsort_ros2'
[0.124s] Level 1:colcon.colcon_core.package_identification:_identify(object_depth_tracker) by extensions ['ignore', 'ignore_ament_install']
[0.125s] Level 1:colcon.colcon_core.package_identification:_identify(object_depth_tracker) by extension 'ignore'
[0.125s] Level 1:colcon.colcon_core.package_identification:_identify(object_depth_tracker) by extension 'ignore_ament_install'
[0.125s] Level 1:colcon.colcon_core.package_identification:_identify(object_depth_tracker) by extensions ['colcon_pkg']
[0.125s] Level 1:colcon.colcon_core.package_identification:_identify(object_depth_tracker) by extension 'colcon_pkg'
[0.125s] Level 1:colcon.colcon_core.package_identification:_identify(object_depth_tracker) by extensions ['colcon_meta']
[0.125s] Level 1:colcon.colcon_core.package_identification:_identify(object_depth_tracker) by extension 'colcon_meta'
[0.125s] Level 1:colcon.colcon_core.package_identification:_identify(object_depth_tracker) by extensions ['ros']
[0.125s] Level 1:colcon.colcon_core.package_identification:_identify(object_depth_tracker) by extension 'ros'
[0.126s] DEBUG:colcon.colcon_core.package_identification:Package 'object_depth_tracker' with type 'ros.ament_python' and name 'object_depth_tracker'
[0.126s] Level 1:colcon.colcon_core.package_identification:_identify(perception_interface) by extensions ['ignore', 'ignore_ament_install']
[0.126s] Level 1:colcon.colcon_core.package_identification:_identify(perception_interface) by extension 'ignore'
[0.126s] Level 1:colcon.colcon_core.package_identification:_identify(perception_interface) by extension 'ignore_ament_install'
[0.126s] Level 1:colcon.colcon_core.package_identification:_identify(perception_interface) by extensions ['colcon_pkg']
[0.126s] Level 1:colcon.colcon_core.package_identification:_identify(perception_interface) by extension 'colcon_pkg'
[0.126s] Level 1:colcon.colcon_core.package_identification:_identify(perception_interface) by extensions ['colcon_meta']
[0.126s] Level 1:colcon.colcon_core.package_identification:_identify(perception_interface) by extension 'colcon_meta'
[0.126s] Level 1:colcon.colcon_core.package_identification:_identify(perception_interface) by extensions ['ros']
[0.126s] Level 1:colcon.colcon_core.package_identification:_identify(perception_interface) by extension 'ros'
[0.126s] DEBUG:colcon.colcon_core.package_identification:Package 'perception_interface' with type 'ros.ament_cmake' and name 'perception_interface'
[0.126s] Level 1:colcon.colcon_core.package_identification:_identify(ultralytics_ros2) by extensions ['ignore', 'ignore_ament_install']
[0.127s] Level 1:colcon.colcon_core.package_identification:_identify(ultralytics_ros2) by extension 'ignore'
[0.127s] Level 1:colcon.colcon_core.package_identification:_identify(ultralytics_ros2) by extension 'ignore_ament_install'
[0.127s] Level 1:colcon.colcon_core.package_identification:_identify(ultralytics_ros2) by extensions ['colcon_pkg']
[0.127s] Level 1:colcon.colcon_core.package_identification:_identify(ultralytics_ros2) by extension 'colcon_pkg'
[0.127s] Level 1:colcon.colcon_core.package_identification:_identify(ultralytics_ros2) by extensions ['colcon_meta']
[0.127s] Level 1:colcon.colcon_core.package_identification:_identify(ultralytics_ros2) by extension 'colcon_meta'
[0.127s] Level 1:colcon.colcon_core.package_identification:_identify(ultralytics_ros2) by extensions ['ros']
[0.127s] Level 1:colcon.colcon_core.package_identification:_identify(ultralytics_ros2) by extension 'ros'
[0.127s] DEBUG:colcon.colcon_core.package_identification:Package 'ultralytics_ros2' with type 'ros.ament_python' and name 'ultralytics_ros2'
[0.127s] Level 1:colcon.colcon_core.package_discovery:discover_packages(recursive) using defaults
[0.127s] Level 1:colcon.colcon_core.package_discovery:discover_packages(ignore) discover
[0.127s] Level 1:colcon.colcon_core.package_discovery:discover_packages(ignore) using defaults
[0.127s] Level 1:colcon.colcon_core.package_discovery:discover_packages(path) discover
[0.127s] Level 1:colcon.colcon_core.package_discovery:discover_packages(path) using defaults
[0.142s] Level 1:colcon.colcon_core.package_discovery:discover_packages(prefix_path) check parameters
[0.142s] Level 1:colcon.colcon_core.package_discovery:discover_packages(prefix_path) discover
[0.143s] WARNING:colcon.colcon_ros.prefix_path.ament:The path '/home/jay/SCV_Perception/install/ultralytics_ros2' in the environment variable AMENT_PREFIX_PATH doesn't exist
[0.143s] WARNING:colcon.colcon_ros.prefix_path.ament:The path '/home/jay/SCV_Perception/install/object_depth_tracker' in the environment variable AMENT_PREFIX_PATH doesn't exist
[0.143s] WARNING:colcon.colcon_ros.prefix_path.ament:The path '/home/jay/SCV_Perception/install/perception_interface' in the environment variable AMENT_PREFIX_PATH doesn't exist
[0.143s] WARNING:colcon.colcon_ros.prefix_path.ament:The path '/home/jay/SCV_Perception/install/memsort_ros2' in the environment variable AMENT_PREFIX_PATH doesn't exist
[0.143s] WARNING:colcon.colcon_ros.prefix_path.catkin:The path '/home/jay/SCV_Perception/install/perception_interface' in the environment variable CMAKE_PREFIX_PATH doesn't exist
[0.143s] WARNING:colcon.colcon_ros.prefix_path.catkin:The path '/home/jay/SCV_Perception/install/memsort_ros2' in the environment variable CMAKE_PREFIX_PATH doesn't exist
[0.143s] DEBUG:colcon.colcon_installed_package_information.package_discovery:Found 0 installed packages in /home/jay/SCV_Perception/install
[0.144s] DEBUG:colcon.colcon_installed_package_information.package_discovery:Found 345 installed packages in /opt/ros/humble
[0.145s] Level 1:colcon.colcon_core.package_discovery:discover_packages(prefix_path) using defaults
[0.176s] Level 5:colcon.colcon_core.verb:set package 'memsort_ros2' build argument 'cmake_args' from command line to 'None'
[0.176s] Level 5:colcon.colcon_core.verb:set package 'memsort_ros2' build argument 'cmake_target' from command line to 'None'
[0.176s] Level 5:colcon.colcon_core.verb:set package 'memsort_ros2' build argument 'cmake_target_skip_unavailable' from command line to 'False'
[0.176s] Level 5:colcon.colcon_core.verb:set package 'memsort_ros2' build argument 'cmake_clean_cache' from command line to 'False'
[0.176s] Level 5:colcon.colcon_core.verb:set package 'memsort_ros2' build argument 'cmake_clean_first' from command line to 'False'
[0.176s] Level 5:colcon.colcon_core.verb:set package 'memsort_ros2' build argument 'cmake_force_configure' from command line to 'False'
[0.176s] Level 5:colcon.colcon_core.verb:set package 'memsort_ros2' build argument 'ament_cmake_args' from command line to 'None'
[0.176s] Level 5:colcon.colcon_core.verb:set package 'memsort_ros2' build argument 'catkin_cmake_args' from command line to 'None'
[0.176s] Level 5:colcon.colcon_core.verb:set package 'memsort_ros2' build argument 'catkin_skip_building_tests' from command line to 'False'
[0.176s] DEBUG:colcon.colcon_core.verb:Building package 'memsort_ros2' with the following arguments: {'ament_cmake_args': None, 'build_base': '/home/jay/SCV_Perception/build/memsort_ros2', 'catkin_cmake_args': None, 'catkin_skip_building_tests': False, 'cmake_args': None, 'cmake_clean_cache': False, 'cmake_clean_first': False, 'cmake_force_configure': False, 'cmake_target': None, 'cmake_target_skip_unavailable': False, 'install_base': '/home/jay/SCV_Perception/install/memsort_ros2', 'merge_install': False, 'path': '/home/jay/SCV_Perception/memsort_ros2', 'symlink_install': True, 'test_result_base': None}
[0.176s] Level 5:colcon.colcon_core.verb:set package 'perception_interface' build argument 'cmake_args' from command line to 'None'
[0.176s] Level 5:colcon.colcon_core.verb:set package 'perception_interface' build argument 'cmake_target' from command line to 'None'
[0.176s] Level 5:colcon.colcon_core.verb:set package 'perception_interface' build argument 'cmake_target_skip_unavailable' from command line to 'False'
[0.176s] Level 5:colcon.colcon_core.verb:set package 'perception_interface' build argument 'cmake_clean_cache' from command line to 'False'
[0.176s] Level 5:colcon.colcon_core.verb:set package 'perception_interface' build argument 'cmake_clean_first' from command line to 'False'
[0.176s] Level 5:colcon.colcon_core.verb:set package 'perception_interface' build argument 'cmake_force_configure' from command line to 'False'
[0.176s] Level 5:colcon.colcon_core.verb:set package 'perception_interface' build argument 'ament_cmake_args' from command line to 'None'
[0.176s] Level 5:colcon.colcon_core.verb:set package 'perception_interface' build argument 'catkin_cmake_args' from command line to 'None'
[0.176s] Level 5:colcon.colcon_core.verb:set package 'perception_interface' build argument 'catkin_skip_building_tests' from command line to 'False'
[0.176s] DEBUG:colcon.colcon_core.verb:Building package 'perception_interface' with the following arguments: {'ament_cmake_args': None, 'build_base': '/home/jay/SCV_Perception/build/perception_interface', 'catkin_cmake_args': None, 'catkin_skip_building_tests': False, 'cmake_args': None, 'cmake_clean_cache': False, 'cmake_clean_first': False, 'cmake_force_configure': False, 'cmake_target': None, 'cmake_target_skip_unavailable': False, 'install_base': '/home/jay/SCV_Perception/install/perception_interface', 'merge_install': False, 'path': '/home/jay/SCV_Perception/perception_interface', 'symlink_install': True, 'test_result_base': None}
[0.177s] Level 5:colcon.colcon_core.verb:set package 'object_depth_tracker' build argument 'cmake_args' from command line to 'None'
[0.177s] Level 5:colcon.colcon_core.verb:set package 'object_depth_tracker' build argument 'cmake_target' from command line to 'None'
[0.177s] Level 5:colcon.colcon_core.verb:set package 'object_depth_tracker' build argument 'cmake_target_skip_unavailable' from command line to 'False'
[0.177s] Level 5:colcon.colcon_core.verb:set package 'object_depth_tracker' build argument 'cmake_clean_cache' from command line to 'False'
[0.177s] Level 5:colcon.colcon_core.verb:set package 'object_depth_tracker' build argument 'cmake_clean_first' from command line to 'False'
[0.177s] Level 5:colcon.colcon_core.verb:set package 'object_depth_tracker' build argument 'cmake_force_configure' from command line to 'False'
[0.177s] Level 5:colcon.colcon_core.verb:set package 'object_depth_tracker' build argument 'ament_cmake_args' from command line to 'None'
[0.177s] Level 5:colcon.colcon_core.verb:set package 'object_depth_tracker' build argument 'catkin_cmake_args' from command line to 'None'
[0.177s] Level 5:colcon.colcon_core.verb:set package 'object_depth_tracker' build argument 'catkin_skip_building_tests' from command line to 'False'
[0.177s] DEBUG:colcon.colcon_core.verb:Building package 'object_depth_tracker' with the following arguments: {'ament_cmake_args': None, 'build_base': '/home/jay/SCV_Perception/build/object_depth_tracker', 'catkin_cmake_args': None, 'catkin_skip_building_tests': False, 'cmake_args': None, 'cmake_clean_cache': False, 'cmake_clean_first': False, 'cmake_force_configure': False, 'cmake_target': None, 'cmake_target_skip_unavailable': False, 'install_base': '/home/jay/SCV_Perception/install/object_depth_tracker', 'merge_install': False, 'path': '/home/jay/SCV_Perception/object_depth_tracker', 'symlink_install': True, 'test_result_base': None}
[0.177s] Level 5:colcon.colcon_core.verb:set package 'ultralytics_ros2' build argument 'cmake_args' from command line to 'None'
[0.177s] Level 5:colcon.colcon_core.verb:set package 'ultralytics_ros2' build argument 'cmake_target' from command line to 'None'
[0.177s] Level 5:colcon.colcon_core.verb:set package 'ultralytics_ros2' build argument 'cmake_target_skip_unavailable' from command line to 'False'
[0.177s] Level 5:colcon.colcon_core.verb:set package 'ultralytics_ros2' build argument 'cmake_clean_cache' from command line to 'False'
[0.177s] Level 5:colcon.colcon_core.verb:set package 'ultralytics_ros2' build argument 'cmake_clean_first' from command line to 'False'
[0.177s] Level 5:colcon.colcon_core.verb:set package 'ultralytics_ros2' build argument 'cmake_force_configure' from command line to 'False'
[0.177s] Level 5:colcon.colcon_core.verb:set package 'ultralytics_ros2' build argument 'ament_cmake_args' from command line to 'None'
[0.177s] Level 5:colcon.colcon_core.verb:set package 'ultralytics_ros2' build argument 'catkin_cmake_args' from command line to 'None'
[0.177s] Level 5:colcon.colcon_core.verb:set package 'ultralytics_ros2' build argument 'catkin_skip_building_tests' from command line to 'False'
[0.177s] DEBUG:colcon.colcon_core.verb:Building package 'ultralytics_ros2' with the following arguments: {'ament_cmake_args': None, 'build_base': '/home/jay/SCV_Perception/build/ultralytics_ros2', 'catkin_cmake_args': None, 'catkin_skip_building_tests': False, 'cmake_args': None, 'cmake_clean_cache': False, 'cmake_clean_first': False, 'cmake_force_configure': False, 'cmake_target': None, 'cmake_target_skip_unavailable': False, 'install_base': '/home/jay/SCV_Perception/install/ultralytics_ros2', 'merge_install': False, 'path': '/home/jay/SCV_Perception/ultralytics_ros2', 'symlink_install': True, 'test_result_base': None}
[0.177s] INFO:colcon.colcon_core.executor:Executing jobs using 'parallel' executor
[0.178s] DEBUG:colcon.colcon_parallel_executor.executor.parallel:run_until_complete
[0.178s] INFO:colcon.colcon_ros.task.ament_cmake.build:Building ROS package in '/home/jay/SCV_Perception/perception_interface' with build type 'ament_cmake'
[0.178s] INFO:colcon.colcon_cmake.task.cmake.build:Building CMake package in '/home/jay/SCV_Perception/perception_interface'
[0.180s] INFO:colcon.colcon_core.plugin_system:Skipping extension 'colcon_core.shell.bat': Not used on non-Windows systems
[0.180s] INFO:colcon.colcon_core.shell:Skip shell extension 'powershell' for command environment: Not usable outside of PowerShell
[0.180s] DEBUG:colcon.colcon_core.shell:Skip shell extension 'dsv' for command environment
[0.182s] INFO:colcon.colcon_ros.task.ament_cmake.build:Building ROS package in '/home/jay/SCV_Perception/memsort_ros2' with build type 'ament_cmake'
[0.182s] INFO:colcon.colcon_cmake.task.cmake.build:Building CMake package in '/home/jay/SCV_Perception/memsort_ros2'
[0.182s] INFO:colcon.colcon_core.shell:Skip shell extension 'powershell' for command environment: Not usable outside of PowerShell
[0.182s] DEBUG:colcon.colcon_core.shell:Skip shell extension 'dsv' for command environment
[0.186s] DEBUG:colcon.colcon_core.event_handler.log_command:Invoking command in '/home/jay/SCV_Perception/build/perception_interface': CMAKE_PREFIX_PATH=${CMAKE_PREFIX_PATH}:/home/jay/SCV_Perception/install/ultralytics_ros2:/home/jay/SCV_Perception/install/object_depth_tracker:/opt/ros/humble /usr/bin/cmake /home/jay/SCV_Perception/perception_interface -DAMENT_CMAKE_SYMLINK_INSTALL=1 -DCMAKE_INSTALL_PREFIX=/home/jay/SCV_Perception/install/perception_interface
[0.188s] DEBUG:colcon.colcon_core.event_handler.log_command:Invoking command in '/home/jay/SCV_Perception/build/memsort_ros2': CMAKE_PREFIX_PATH=${CMAKE_PREFIX_PATH}:/home/jay/SCV_Perception/install/ultralytics_ros2:/home/jay/SCV_Perception/install/object_depth_tracker:/opt/ros/humble /usr/bin/cmake /home/jay/SCV_Perception/memsort_ros2 -DAMENT_CMAKE_SYMLINK_INSTALL=1 -DCMAKE_INSTALL_PREFIX=/home/jay/SCV_Perception/install/memsort_ros2
[0.795s] DEBUG:colcon.colcon_core.event_handler.log_command:Invoked command in '/home/jay/SCV_Perception/build/memsort_ros2' returned '0': CMAKE_PREFIX_PATH=${CMAKE_PREFIX_PATH}:/home/jay/SCV_Perception/install/ultralytics_ros2:/home/jay/SCV_Perception/install/object_depth_tracker:/opt/ros/humble /usr/bin/cmake /home/jay/SCV_Perception/memsort_ros2 -DAMENT_CMAKE_SYMLINK_INSTALL=1 -DCMAKE_INSTALL_PREFIX=/home/jay/SCV_Perception/install/memsort_ros2
[0.796s] DEBUG:colcon.colcon_core.event_handler.log_command:Invoking command in '/home/jay/SCV_Perception/build/memsort_ros2': CMAKE_PREFIX_PATH=${CMAKE_PREFIX_PATH}:/home/jay/SCV_Perception/install/ultralytics_ros2:/home/jay/SCV_Perception/install/object_depth_tracker:/opt/ros/humble /usr/bin/cmake --build /home/jay/SCV_Perception/build/memsort_ros2 -- -j20 -l20
[1.095s] DEBUG:colcon.colcon_core.event_handler.log_command:Invoked command in '/home/jay/SCV_Perception/build/memsort_ros2' returned '0': CMAKE_PREFIX_PATH=${CMAKE_PREFIX_PATH}:/home/jay/SCV_Perception/install/ultralytics_ros2:/home/jay/SCV_Perception/install/object_depth_tracker:/opt/ros/humble /usr/bin/cmake --build /home/jay/SCV_Perception/build/memsort_ros2 -- -j20 -l20
[1.101s] DEBUG:colcon.colcon_core.event_handler.log_command:Invoking command in '/home/jay/SCV_Perception/build/memsort_ros2': CMAKE_PREFIX_PATH=${CMAKE_PREFIX_PATH}:/home/jay/SCV_Perception/install/ultralytics_ros2:/home/jay/SCV_Perception/install/object_depth_tracker:/opt/ros/humble /usr/bin/cmake --install /home/jay/SCV_Perception/build/memsort_ros2
[1.256s] Level 1:colcon.colcon_core.environment:create_environment_scripts_only(memsort_ros2)
[1.256s] DEBUG:colcon.colcon_core.event_handler.log_command:Invoked command in '/home/jay/SCV_Perception/build/memsort_ros2' returned '0': CMAKE_PREFIX_PATH=${CMAKE_PREFIX_PATH}:/home/jay/SCV_Perception/install/ultralytics_ros2:/home/jay/SCV_Perception/install/object_depth_tracker:/opt/ros/humble /usr/bin/cmake --install /home/jay/SCV_Perception/build/memsort_ros2
[1.258s] Level 1:colcon.colcon_core.environment:checking '/home/jay/SCV_Perception/install/memsort_ros2' for CMake module files
[1.258s] Level 1:colcon.colcon_core.environment:checking '/home/jay/SCV_Perception/install/memsort_ros2' for CMake config files
[1.258s] Level 1:colcon.colcon_core.shell:create_environment_hook('memsort_ros2', 'cmake_prefix_path')
[1.259s] INFO:colcon.colcon_core.shell:Creating environment hook '/home/jay/SCV_Perception/install/memsort_ros2/share/memsort_ros2/hook/cmake_prefix_path.ps1'
[1.259s] INFO:colcon.colcon_core.shell:Creating environment descriptor '/home/jay/SCV_Perception/install/memsort_ros2/share/memsort_ros2/hook/cmake_prefix_path.dsv'
[1.259s] INFO:colcon.colcon_core.shell:Creating environment hook '/home/jay/SCV_Perception/install/memsort_ros2/share/memsort_ros2/hook/cmake_prefix_path.sh'
[1.260s] Level 1:colcon.colcon_core.environment:checking '/home/jay/SCV_Perception/install/memsort_ros2/lib'
[1.260s] Level 1:colcon.colcon_core.environment:checking '/home/jay/SCV_Perception/install/memsort_ros2/bin'
[1.260s] Level 1:colcon.colcon_core.environment:checking '/home/jay/SCV_Perception/install/memsort_ros2/lib/pkgconfig/memsort_ros2.pc'
[1.260s] Level 1:colcon.colcon_core.environment:checking '/home/jay/SCV_Perception/install/memsort_ros2/lib/python3.10/site-packages'
[1.260s] Level 1:colcon.colcon_core.environment:checking '/home/jay/SCV_Perception/install/memsort_ros2/bin'
[1.261s] INFO:colcon.colcon_core.shell:Creating package script '/home/jay/SCV_Perception/install/memsort_ros2/share/memsort_ros2/package.ps1'
[1.261s] INFO:colcon.colcon_core.shell:Creating package descriptor '/home/jay/SCV_Perception/install/memsort_ros2/share/memsort_ros2/package.dsv'
[1.261s] INFO:colcon.colcon_core.shell:Creating package script '/home/jay/SCV_Perception/install/memsort_ros2/share/memsort_ros2/package.sh'
[1.262s] INFO:colcon.colcon_core.shell:Creating package script '/home/jay/SCV_Perception/install/memsort_ros2/share/memsort_ros2/package.bash'
[1.263s] INFO:colcon.colcon_core.shell:Creating package script '/home/jay/SCV_Perception/install/memsort_ros2/share/memsort_ros2/package.zsh'
[1.263s] Level 1:colcon.colcon_core.environment:create_file_with_runtime_dependencies(/home/jay/SCV_Perception/install/memsort_ros2/share/colcon-core/packages/memsort_ros2)
[1.263s] Level 1:colcon.colcon_core.environment:create_environment_scripts_only(memsort_ros2)
[1.264s] Level 1:colcon.colcon_core.environment:checking '/home/jay/SCV_Perception/install/memsort_ros2' for CMake module files
[1.264s] Level 1:colcon.colcon_core.environment:checking '/home/jay/SCV_Perception/install/memsort_ros2' for CMake config files
[1.264s] Level 1:colcon.colcon_core.shell:create_environment_hook('memsort_ros2', 'cmake_prefix_path')
[1.264s] INFO:colcon.colcon_core.shell:Creating environment hook '/home/jay/SCV_Perception/install/memsort_ros2/share/memsort_ros2/hook/cmake_prefix_path.ps1'
[1.264s] INFO:colcon.colcon_core.shell:Creating environment descriptor '/home/jay/SCV_Perception/install/memsort_ros2/share/memsort_ros2/hook/cmake_prefix_path.dsv'
[1.265s] INFO:colcon.colcon_core.shell:Creating environment hook '/home/jay/SCV_Perception/install/memsort_ros2/share/memsort_ros2/hook/cmake_prefix_path.sh'
[1.265s] Level 1:colcon.colcon_core.environment:checking '/home/jay/SCV_Perception/install/memsort_ros2/lib'
[1.265s] Level 1:colcon.colcon_core.environment:checking '/home/jay/SCV_Perception/install/memsort_ros2/bin'
[1.265s] Level 1:colcon.colcon_core.environment:checking '/home/jay/SCV_Perception/install/memsort_ros2/lib/pkgconfig/memsort_ros2.pc'
[1.265s] Level 1:colcon.colcon_core.environment:checking '/home/jay/SCV_Perception/install/memsort_ros2/lib/python3.10/site-packages'
[1.265s] Level 1:colcon.colcon_core.environment:checking '/home/jay/SCV_Perception/install/memsort_ros2/bin'
[1.266s] INFO:colcon.colcon_core.shell:Creating package script '/home/jay/SCV_Perception/install/memsort_ros2/share/memsort_ros2/package.ps1'
[1.266s] INFO:colcon.colcon_core.shell:Creating package descriptor '/home/jay/SCV_Perception/install/memsort_ros2/share/memsort_ros2/package.dsv'
[1.266s] INFO:colcon.colcon_core.shell:Creating package script '/home/jay/SCV_Perception/install/memsort_ros2/share/memsort_ros2/package.sh'
[1.266s] INFO:colcon.colcon_core.shell:Creating package script '/home/jay/SCV_Perception/install/memsort_ros2/share/memsort_ros2/package.bash'
[1.267s] INFO:colcon.colcon_core.shell:Creating package script '/home/jay/SCV_Perception/install/memsort_ros2/share/memsort_ros2/package.zsh'
[1.267s] Level 1:colcon.colcon_core.environment:create_file_with_runtime_dependencies(/home/jay/SCV_Perception/install/memsort_ros2/share/colcon-core/packages/memsort_ros2)
[1.604s] DEBUG:colcon.colcon_core.event_handler.log_command:Invoked command in '/home/jay/SCV_Perception/build/perception_interface' returned '0': CMAKE_PREFIX_PATH=${CMAKE_PREFIX_PATH}:/home/jay/SCV_Perception/install/ultralytics_ros2:/home/jay/SCV_Perception/install/object_depth_tracker:/opt/ros/humble /usr/bin/cmake /home/jay/SCV_Perception/perception_interface -DAMENT_CMAKE_SYMLINK_INSTALL=1 -DCMAKE_INSTALL_PREFIX=/home/jay/SCV_Perception/install/perception_interface
[1.605s] DEBUG:colcon.colcon_core.event_handler.log_command:Invoking command in '/home/jay/SCV_Perception/build/perception_interface': CMAKE_PREFIX_PATH=${CMAKE_PREFIX_PATH}:/home/jay/SCV_Perception/install/ultralytics_ros2:/home/jay/SCV_Perception/install/object_depth_tracker:/opt/ros/humble /usr/bin/cmake --build /home/jay/SCV_Perception/build/perception_interface -- -j20 -l20
[3.169s] DEBUG:colcon.colcon_core.event_handler.log_command:Invoked command in '/home/jay/SCV_Perception/build/perception_interface' returned '0': CMAKE_PREFIX_PATH=${CMAKE_PREFIX_PATH}:/home/jay/SCV_Perception/install/ultralytics_ros2:/home/jay/SCV_Perception/install/object_depth_tracker:/opt/ros/humble /usr/bin/cmake --build /home/jay/SCV_Perception/build/perception_interface -- -j20 -l20
[3.170s] DEBUG:colcon.colcon_core.event_handler.log_command:Invoking command in '/home/jay/SCV_Perception/build/perception_interface': CMAKE_PREFIX_PATH=${CMAKE_PREFIX_PATH}:/home/jay/SCV_Perception/install/ultralytics_ros2:/home/jay/SCV_Perception/install/object_depth_tracker:/opt/ros/humble /usr/bin/cmake --install /home/jay/SCV_Perception/build/perception_interface
[3.571s] Level 1:colcon.colcon_core.environment:create_environment_scripts_only(perception_interface)
[3.571s] Level 1:colcon.colcon_core.environment:checking '/home/jay/SCV_Perception/install/perception_interface' for CMake module files
[3.572s] DEBUG:colcon.colcon_core.event_handler.log_command:Invoked command in '/home/jay/SCV_Perception/build/perception_interface' returned '0': CMAKE_PREFIX_PATH=${CMAKE_PREFIX_PATH}:/home/jay/SCV_Perception/install/ultralytics_ros2:/home/jay/SCV_Perception/install/object_depth_tracker:/opt/ros/humble /usr/bin/cmake --install /home/jay/SCV_Perception/build/perception_interface
[3.572s] Level 1:colcon.colcon_core.environment:checking '/home/jay/SCV_Perception/install/perception_interface' for CMake config files
[3.572s] Level 1:colcon.colcon_core.shell:create_environment_hook('perception_interface', 'cmake_prefix_path')
[3.572s] INFO:colcon.colcon_core.shell:Creating environment hook '/home/jay/SCV_Perception/install/perception_interface/share/perception_interface/hook/cmake_prefix_path.ps1'
[3.573s] INFO:colcon.colcon_core.shell:Creating environment descriptor '/home/jay/SCV_Perception/install/perception_interface/share/perception_interface/hook/cmake_prefix_path.dsv'
[3.573s] INFO:colcon.colcon_core.shell:Creating environment hook '/home/jay/SCV_Perception/install/perception_interface/share/perception_interface/hook/cmake_prefix_path.sh'
[3.573s] Level 1:colcon.colcon_core.environment:checking '/home/jay/SCV_Perception/install/perception_interface/lib'
[3.573s] Level 1:colcon.colcon_core.shell:create_environment_hook('perception_interface', 'ld_library_path_lib')
[3.573s] INFO:colcon.colcon_core.shell:Creating environment hook '/home/jay/SCV_Perception/install/perception_interface/share/perception_interface/hook/ld_library_path_lib.ps1'
[3.574s] INFO:colcon.colcon_core.shell:Creating environment descriptor '/home/jay/SCV_Perception/install/perception_interface/share/perception_interface/hook/ld_library_path_lib.dsv'
[3.574s] INFO:colcon.colcon_core.shell:Creating environment hook '/home/jay/SCV_Perception/install/perception_interface/share/perception_interface/hook/ld_library_path_lib.sh'
[3.574s] Level 1:colcon.colcon_core.environment:checking '/home/jay/SCV_Perception/install/perception_interface/bin'
[3.574s] Level 1:colcon.colcon_core.environment:checking '/home/jay/SCV_Perception/install/perception_interface/lib/pkgconfig/perception_interface.pc'
[3.574s] Level 1:colcon.colcon_core.environment:checking '/home/jay/SCV_Perception/install/perception_interface/lib/python3.10/site-packages'
[3.575s] Level 1:colcon.colcon_core.environment:checking '/home/jay/SCV_Perception/install/perception_interface/bin'
[3.575s] INFO:colcon.colcon_core.shell:Creating package script '/home/jay/SCV_Perception/install/perception_interface/share/perception_interface/package.ps1'
[3.575s] INFO:colcon.colcon_core.shell:Creating package descriptor '/home/jay/SCV_Perception/install/perception_interface/share/perception_interface/package.dsv'
[3.575s] INFO:colcon.colcon_core.shell:Creating package script '/home/jay/SCV_Perception/install/perception_interface/share/perception_interface/package.sh'
[3.576s] INFO:colcon.colcon_core.shell:Creating package script '/home/jay/SCV_Perception/install/perception_interface/share/perception_interface/package.bash'
[3.576s] INFO:colcon.colcon_core.shell:Creating package script '/home/jay/SCV_Perception/install/perception_interface/share/perception_interface/package.zsh'
[3.576s] Level 1:colcon.colcon_core.environment:create_file_with_runtime_dependencies(/home/jay/SCV_Perception/install/perception_interface/share/colcon-core/packages/perception_interface)
[3.576s] Level 1:colcon.colcon_core.environment:create_environment_scripts_only(perception_interface)
[3.577s] Level 1:colcon.colcon_core.environment:checking '/home/jay/SCV_Perception/install/perception_interface' for CMake module files
[3.577s] Level 1:colcon.colcon_core.environment:checking '/home/jay/SCV_Perception/install/perception_interface' for CMake config files
[3.577s] Level 1:colcon.colcon_core.shell:create_environment_hook('perception_interface', 'cmake_prefix_path')
[3.577s] INFO:colcon.colcon_core.shell:Creating environment hook '/home/jay/SCV_Perception/install/perception_interface/share/perception_interface/hook/cmake_prefix_path.ps1'
[3.578s] INFO:colcon.colcon_core.shell:Creating environment descriptor '/home/jay/SCV_Perception/install/perception_interface/share/perception_interface/hook/cmake_prefix_path.dsv'
[3.578s] INFO:colcon.colcon_core.shell:Creating environment hook '/home/jay/SCV_Perception/install/perception_interface/share/perception_interface/hook/cmake_prefix_path.sh'
[3.578s] Level 1:colcon.colcon_core.environment:checking '/home/jay/SCV_Perception/install/perception_interface/lib'
[3.578s] Level 1:colcon.colcon_core.shell:create_environment_hook('perception_interface', 'ld_library_path_lib')
[3.578s] INFO:colcon.colcon_core.shell:Creating environment hook '/home/jay/SCV_Perception/install/perception_interface/share/perception_interface/hook/ld_library_path_lib.ps1'
[3.579s] INFO:colcon.colcon_core.shell:Creating environment descriptor '/home/jay/SCV_Perception/install/perception_interface/share/perception_interface/hook/ld_library_path_lib.dsv'
[3.579s] INFO:colcon.colcon_core.shell:Creating environment hook '/home/jay/SCV_Perception/install/perception_interface/share/perception_interface/hook/ld_library_path_lib.sh'
[3.579s] Level 1:colcon.colcon_core.environment:checking '/home/jay/SCV_Perception/install/perception_interface/bin'
[3.579s] Level 1:colcon.colcon_core.environment:checking '/home/jay/SCV_Perception/install/perception_interface/lib/pkgconfig/perception_interface.pc'
[3.579s] Level 1:colcon.colcon_core.environment:checking '/home/jay/SCV_Perception/install/perception_interface/lib/python3.10/site-packages'
[3.579s] Level 1:colcon.colcon_core.environment:checking '/home/jay/SCV_Perception/install/perception_interface/bin'
[3.580s] INFO:colcon.colcon_core.shell:Creating package script '/home/jay/SCV_Perception/install/perception_interface/share/perception_interface/package.ps1'
[3.580s] INFO:colcon.colcon_core.shell:Creating package descriptor '/home/jay/SCV_Perception/install/perception_interface/share/perception_interface/package.dsv'
[3.580s] INFO:colcon.colcon_core.shell:Creating package script '/home/jay/SCV_Perception/install/perception_interface/share/perception_interface/package.sh'
[3.581s] INFO:colcon.colcon_core.shell:Creating package script '/home/jay/SCV_Perception/install/perception_interface/share/perception_interface/package.bash'
[3.581s] INFO:colcon.colcon_core.shell:Creating package script '/home/jay/SCV_Perception/install/perception_interface/share/perception_interface/package.zsh'
[3.581s] Level 1:colcon.colcon_core.environment:create_file_with_runtime_dependencies(/home/jay/SCV_Perception/install/perception_interface/share/colcon-core/packages/perception_interface)
[3.581s] INFO:colcon.colcon_ros.task.ament_python.build:Building ROS package in '/home/jay/SCV_Perception/object_depth_tracker' with build type 'ament_python'
[3.582s] Level 1:colcon.colcon_core.shell:create_environment_hook('object_depth_tracker', 'ament_prefix_path')
[3.582s] INFO:colcon.colcon_core.shell:Creating environment hook '/home/jay/SCV_Perception/install/object_depth_tracker/share/object_depth_tracker/hook/ament_prefix_path.ps1'
[3.582s] INFO:colcon.colcon_core.shell:Creating environment descriptor '/home/jay/SCV_Perception/install/object_depth_tracker/share/object_depth_tracker/hook/ament_prefix_path.dsv'
[3.582s] INFO:colcon.colcon_core.shell:Creating environment hook '/home/jay/SCV_Perception/install/object_depth_tracker/share/object_depth_tracker/hook/ament_prefix_path.sh'
[3.583s] INFO:colcon.colcon_core.shell:Skip shell extension 'powershell' for command environment: Not usable outside of PowerShell
[3.583s] DEBUG:colcon.colcon_core.shell:Skip shell extension 'dsv' for command environment
[3.585s] INFO:colcon.colcon_ros.task.ament_python.build:Building ROS package in '/home/jay/SCV_Perception/ultralytics_ros2' with build type 'ament_python'
[3.585s] Level 1:colcon.colcon_core.shell:create_environment_hook('ultralytics_ros2', 'ament_prefix_path')
[3.585s] INFO:colcon.colcon_core.shell:Creating environment hook '/home/jay/SCV_Perception/install/ultralytics_ros2/share/ultralytics_ros2/hook/ament_prefix_path.ps1'
[3.585s] INFO:colcon.colcon_core.shell:Creating environment descriptor '/home/jay/SCV_Perception/install/ultralytics_ros2/share/ultralytics_ros2/hook/ament_prefix_path.dsv'
[3.586s] INFO:colcon.colcon_core.shell:Creating environment hook '/home/jay/SCV_Perception/install/ultralytics_ros2/share/ultralytics_ros2/hook/ament_prefix_path.sh'
[3.586s] INFO:colcon.colcon_core.shell:Skip shell extension 'powershell' for command environment: Not usable outside of PowerShell
[3.586s] DEBUG:colcon.colcon_core.shell:Skip shell extension 'dsv' for command environment
[3.760s] INFO:colcon.colcon_core.task.python.build:Building Python package in '/home/jay/SCV_Perception/object_depth_tracker'
[3.760s] INFO:colcon.colcon_core.shell:Skip shell extension 'powershell' for command environment: Not usable outside of PowerShell
[3.760s] DEBUG:colcon.colcon_core.shell:Skip shell extension 'dsv' for command environment
[3.927s] INFO:colcon.colcon_core.task.python.build:Building Python package in '/home/jay/SCV_Perception/ultralytics_ros2'
[3.927s] INFO:colcon.colcon_core.shell:Skip shell extension 'powershell' for command environment: Not usable outside of PowerShell
[3.927s] DEBUG:colcon.colcon_core.shell:Skip shell extension 'dsv' for command environment
[4.357s] DEBUG:colcon.colcon_core.event_handler.log_command:Invoking command in '/home/jay/SCV_Perception/build/object_depth_tracker': PYTHONPATH=/home/jay/SCV_Perception/build/object_depth_tracker/prefix_override:/usr/lib/python3/dist-packages/colcon_core/task/python/colcon_distutils_commands:/home/jay/SCV_Perception/install/object_depth_tracker/lib/python3.10/site-packages:/home/jay/SCV_Perception/install/perception_interface/local/lib/python3.10/dist-packages:${PYTHONPATH} /usr/bin/python3 -W ignore:setup.py install is deprecated -W ignore:easy_install command is deprecated setup.py develop --editable --build-directory /home/jay/SCV_Perception/build/object_depth_tracker/build --no-deps symlink_data
[4.375s] DEBUG:colcon.colcon_core.event_handler.log_command:Invoking command in '/home/jay/SCV_Perception/build/ultralytics_ros2': PYTHONPATH=/home/jay/SCV_Perception/build/ultralytics_ros2/prefix_override:/usr/lib/python3/dist-packages/colcon_core/task/python/colcon_distutils_commands:/home/jay/SCV_Perception/install/ultralytics_ros2/lib/python3.10/site-packages:/home/jay/SCV_Perception/install/perception_interface/local/lib/python3.10/dist-packages:${PYTHONPATH} /usr/bin/python3 -W ignore:setup.py install is deprecated -W ignore:easy_install command is deprecated setup.py develop --editable --build-directory /home/jay/SCV_Perception/build/ultralytics_ros2/build --no-deps symlink_data
[4.973s] Level 1:colcon.colcon_core.shell:create_environment_hook('object_depth_tracker', 'pythonpath_develop')
[4.973s] DEBUG:colcon.colcon_core.event_handler.log_command:Invoked command in '/home/jay/SCV_Perception/build/object_depth_tracker' returned '0': PYTHONPATH=/home/jay/SCV_Perception/build/object_depth_tracker/prefix_override:/usr/lib/python3/dist-packages/colcon_core/task/python/colcon_distutils_commands:/home/jay/SCV_Perception/install/object_depth_tracker/lib/python3.10/site-packages:/home/jay/SCV_Perception/install/perception_interface/local/lib/python3.10/dist-packages:${PYTHONPATH} /usr/bin/python3 -W ignore:setup.py install is deprecated -W ignore:easy_install command is deprecated setup.py develop --editable --build-directory /home/jay/SCV_Perception/build/object_depth_tracker/build --no-deps symlink_data
[4.973s] INFO:colcon.colcon_core.shell:Creating environment hook '/home/jay/SCV_Perception/build/object_depth_tracker/share/object_depth_tracker/hook/pythonpath_develop.ps1'
[4.974s] INFO:colcon.colcon_core.shell:Creating environment descriptor '/home/jay/SCV_Perception/build/object_depth_tracker/share/object_depth_tracker/hook/pythonpath_develop.dsv'
[4.974s] INFO:colcon.colcon_core.shell:Creating environment hook '/home/jay/SCV_Perception/build/object_depth_tracker/share/object_depth_tracker/hook/pythonpath_develop.sh'
[4.974s] Level 1:colcon.colcon_core.environment:checking '/home/jay/SCV_Perception/install/object_depth_tracker' for CMake module files
[4.974s] Level 1:colcon.colcon_core.environment:checking '/home/jay/SCV_Perception/install/object_depth_tracker' for CMake config files
[4.975s] Level 1:colcon.colcon_core.environment:checking '/home/jay/SCV_Perception/install/object_depth_tracker/lib'
[4.975s] Level 1:colcon.colcon_core.environment:checking '/home/jay/SCV_Perception/install/object_depth_tracker/bin'
[4.975s] Level 1:colcon.colcon_core.environment:checking '/home/jay/SCV_Perception/install/object_depth_tracker/lib/pkgconfig/object_depth_tracker.pc'
[4.975s] Level 1:colcon.colcon_core.environment:checking '/home/jay/SCV_Perception/install/object_depth_tracker/lib/python3.10/site-packages'
[4.975s] Level 1:colcon.colcon_core.shell:create_environment_hook('object_depth_tracker', 'pythonpath')
[4.975s] INFO:colcon.colcon_core.shell:Creating environment hook '/home/jay/SCV_Perception/install/object_depth_tracker/share/object_depth_tracker/hook/pythonpath.ps1'
[4.975s] INFO:colcon.colcon_core.shell:Creating environment descriptor '/home/jay/SCV_Perception/install/object_depth_tracker/share/object_depth_tracker/hook/pythonpath.dsv'
[4.976s] INFO:colcon.colcon_core.shell:Creating environment hook '/home/jay/SCV_Perception/install/object_depth_tracker/share/object_depth_tracker/hook/pythonpath.sh'
[4.976s] Level 1:colcon.colcon_core.environment:checking '/home/jay/SCV_Perception/install/object_depth_tracker/bin'
[4.976s] Level 1:colcon.colcon_core.environment:create_environment_scripts_only(object_depth_tracker)
[4.976s] INFO:colcon.colcon_core.shell:Creating package script '/home/jay/SCV_Perception/install/object_depth_tracker/share/object_depth_tracker/package.ps1'
[4.977s] INFO:colcon.colcon_core.shell:Creating package descriptor '/home/jay/SCV_Perception/install/object_depth_tracker/share/object_depth_tracker/package.dsv'
[4.977s] INFO:colcon.colcon_core.shell:Creating package script '/home/jay/SCV_Perception/install/object_depth_tracker/share/object_depth_tracker/package.sh'
[4.977s] INFO:colcon.colcon_core.shell:Creating package script '/home/jay/SCV_Perception/install/object_depth_tracker/share/object_depth_tracker/package.bash'
[4.978s] INFO:colcon.colcon_core.shell:Creating package script '/home/jay/SCV_Perception/install/object_depth_tracker/share/object_depth_tracker/package.zsh'
[4.978s] Level 1:colcon.colcon_core.environment:create_file_with_runtime_dependencies(/home/jay/SCV_Perception/install/object_depth_tracker/share/colcon-core/packages/object_depth_tracker)
[4.988s] Level 1:colcon.colcon_core.shell:create_environment_hook('ultralytics_ros2', 'pythonpath_develop')
[4.988s] INFO:colcon.colcon_core.shell:Creating environment hook '/home/jay/SCV_Perception/build/ultralytics_ros2/share/ultralytics_ros2/hook/pythonpath_develop.ps1'
[4.988s] DEBUG:colcon.colcon_core.event_handler.log_command:Invoked command in '/home/jay/SCV_Perception/build/ultralytics_ros2' returned '0': PYTHONPATH=/home/jay/SCV_Perception/build/ultralytics_ros2/prefix_override:/usr/lib/python3/dist-packages/colcon_core/task/python/colcon_distutils_commands:/home/jay/SCV_Perception/install/ultralytics_ros2/lib/python3.10/site-packages:/home/jay/SCV_Perception/install/perception_interface/local/lib/python3.10/dist-packages:${PYTHONPATH} /usr/bin/python3 -W ignore:setup.py install is deprecated -W ignore:easy_install command is deprecated setup.py develop --editable --build-directory /home/jay/SCV_Perception/build/ultralytics_ros2/build --no-deps symlink_data
[4.989s] INFO:colcon.colcon_core.shell:Creating environment descriptor '/home/jay/SCV_Perception/build/ultralytics_ros2/share/ultralytics_ros2/hook/pythonpath_develop.dsv'
[4.989s] INFO:colcon.colcon_core.shell:Creating environment hook '/home/jay/SCV_Perception/build/ultralytics_ros2/share/ultralytics_ros2/hook/pythonpath_develop.sh'
[4.989s] Level 1:colcon.colcon_core.environment:checking '/home/jay/SCV_Perception/install/ultralytics_ros2' for CMake module files
[4.990s] Level 1:colcon.colcon_core.environment:checking '/home/jay/SCV_Perception/install/ultralytics_ros2' for CMake config files
[4.990s] Level 1:colcon.colcon_core.environment:checking '/home/jay/SCV_Perception/install/ultralytics_ros2/lib'
[4.990s] Level 1:colcon.colcon_core.environment:checking '/home/jay/SCV_Perception/install/ultralytics_ros2/bin'
[4.990s] Level 1:colcon.colcon_core.environment:checking '/home/jay/SCV_Perception/install/ultralytics_ros2/lib/pkgconfig/ultralytics_ros2.pc'
[4.990s] Level 1:colcon.colcon_core.environment:checking '/home/jay/SCV_Perception/install/ultralytics_ros2/lib/python3.10/site-packages'
[4.990s] Level 1:colcon.colcon_core.shell:create_environment_hook('ultralytics_ros2', 'pythonpath')
[4.990s] INFO:colcon.colcon_core.shell:Creating environment hook '/home/jay/SCV_Perception/install/ultralytics_ros2/share/ultralytics_ros2/hook/pythonpath.ps1'
[4.991s] INFO:colcon.colcon_core.shell:Creating environment descriptor '/home/jay/SCV_Perception/install/ultralytics_ros2/share/ultralytics_ros2/hook/pythonpath.dsv'
[4.991s] INFO:colcon.colcon_core.shell:Creating environment hook '/home/jay/SCV_Perception/install/ultralytics_ros2/share/ultralytics_ros2/hook/pythonpath.sh'
[4.991s] Level 1:colcon.colcon_core.environment:checking '/home/jay/SCV_Perception/install/ultralytics_ros2/bin'
[4.991s] Level 1:colcon.colcon_core.environment:create_environment_scripts_only(ultralytics_ros2)
[4.991s] INFO:colcon.colcon_core.shell:Creating package script '/home/jay/SCV_Perception/install/ultralytics_ros2/share/ultralytics_ros2/package.ps1'
[4.992s] INFO:colcon.colcon_core.shell:Creating package descriptor '/home/jay/SCV_Perception/install/ultralytics_ros2/share/ultralytics_ros2/package.dsv'
[4.992s] INFO:colcon.colcon_core.shell:Creating package script '/home/jay/SCV_Perception/install/ultralytics_ros2/share/ultralytics_ros2/package.sh'
[4.992s] INFO:colcon.colcon_core.shell:Creating package script '/home/jay/SCV_Perception/install/ultralytics_ros2/share/ultralytics_ros2/package.bash'
[4.993s] INFO:colcon.colcon_core.shell:Creating package script '/home/jay/SCV_Perception/install/ultralytics_ros2/share/ultralytics_ros2/package.zsh'
[4.993s] Level 1:colcon.colcon_core.environment:create_file_with_runtime_dependencies(/home/jay/SCV_Perception/install/ultralytics_ros2/share/colcon-core/packages/ultralytics_ros2)
[4.993s] DEBUG:colcon.colcon_parallel_executor.executor.parallel:closing loop
[4.993s] DEBUG:colcon.colcon_parallel_executor.executor.parallel:loop closed
[4.993s] DEBUG:colcon.colcon_parallel_executor.executor.parallel:run_until_complete finished with '0'
[4.993s] DEBUG:colcon.colcon_core.event_reactor:joining thread
[4.997s] INFO:colcon.colcon_core.plugin_system:Skipping extension 'colcon_notification.desktop_notification.terminal_notifier': Not used on non-Darwin systems
[4.997s] INFO:colcon.colcon_core.plugin_system:Skipping extension 'colcon_notification.desktop_notification.win32': Not used on non-Windows systems
[4.997s] INFO:colcon.colcon_notification.desktop_notification:Sending desktop notification using 'notify2'
[5.007s] DEBUG:colcon.colcon_core.event_reactor:joined thread
[5.007s] INFO:colcon.colcon_core.shell:Creating prefix script '/home/jay/SCV_Perception/install/local_setup.ps1'
[5.008s] INFO:colcon.colcon_core.shell:Creating prefix util module '/home/jay/SCV_Perception/install/_local_setup_util_ps1.py'
[5.009s] INFO:colcon.colcon_core.shell:Creating prefix chain script '/home/jay/SCV_Perception/install/setup.ps1'
[5.009s] INFO:colcon.colcon_core.shell:Creating prefix script '/home/jay/SCV_Perception/install/local_setup.sh'
[5.010s] INFO:colcon.colcon_core.shell:Creating prefix util module '/home/jay/SCV_Perception/install/_local_setup_util_sh.py'
[5.010s] INFO:colcon.colcon_core.shell:Creating prefix chain script '/home/jay/SCV_Perception/install/setup.sh'
[5.011s] INFO:colcon.colcon_core.shell:Creating prefix script '/home/jay/SCV_Perception/install/local_setup.bash'
[5.011s] INFO:colcon.colcon_core.shell:Creating prefix chain script '/home/jay/SCV_Perception/install/setup.bash'
[5.012s] INFO:colcon.colcon_core.shell:Creating prefix script '/home/jay/SCV_Perception/install/local_setup.zsh'
[5.012s] INFO:colcon.colcon_core.shell:Creating prefix chain script '/home/jay/SCV_Perception/install/setup.zsh'
