[0.089s] DEBUG:colcon:Command line arguments: ['/usr/bin/colcon', 'build', '--symlink-install', '--event-handlers', 'console_direct+']
[0.089s] DEBUG:colcon:Parsed command line arguments: Namespace(log_base=None, log_level=None, verb_name='build', build_base='build', install_base='install', merge_install=False, symlink_install=True, test_result_base=None, continue_on_error=False, executor='parallel', parallel_workers=20, event_handlers=['console_direct+'], ignore_user_meta=False, metas=['./colcon.meta'], base_paths=['.'], packages_ignore=None, packages_ignore_regex=None, paths=None, packages_up_to=None, packages_up_to_regex=None, packages_above=None, packages_above_and_dependencies=None, packages_above_depth=None, packages_select_by_dep=None, packages_skip_by_dep=None, packages_skip_up_to=None, packages_select_build_failed=False, packages_skip_build_finished=False, packages_select_test_failures=False, packages_skip_test_passed=False, packages_select=None, packages_skip=None, packages_select_regex=None, packages_skip_regex=None, packages_start=None, packages_end=None, allow_overriding=[], cmake_args=None, cmake_target=None, cmake_target_skip_unavailable=False, cmake_clean_cache=False, cmake_clean_first=False, cmake_force_configure=False, ament_cmake_args=None, catkin_cmake_args=None, catkin_skip_building_tests=False, mixin_files=None, mixin=None, verb_parser=<colcon_mixin.mixin.mixin_argument.MixinArgumentDecorator object at 0x719fb86a2050>, verb_extension=<colcon_core.verb.build.BuildVerb object at 0x719fb86175e0>, main=<bound method BuildVerb.main of <colcon_core.verb.build.BuildVerb object at 0x719fb86175e0>>, mixin_verb=('build',))
[0.119s] Level 1:colcon.colcon_core.package_discovery:discover_packages(colcon_meta) check parameters
[0.119s] Level 1:colcon.colcon_core.package_discovery:discover_packages(recursive) check parameters
[0.119s] Level 1:colcon.colcon_core.package_discovery:discover_packages(ignore) check parameters
[0.119s] Level 1:colcon.colcon_core.package_discovery:discover_packages(path) check parameters
[0.119s] Level 1:colcon.colcon_core.package_discovery:discover_packages(colcon_meta) discover
[0.119s] Level 1:colcon.colcon_core.package_discovery:discover_packages(recursive) discover
[0.119s] INFO:colcon.colcon_core.package_discovery:Crawling recursively for packages in '/home/jay/traversability_ws'
[0.119s] Level 1:colcon.colcon_core.package_identification:_identify(.) by extensions ['ignore', 'ignore_ament_install']
[0.119s] Level 1:colcon.colcon_core.package_identification:_identify(.) by extension 'ignore'
[0.119s] Level 1:colcon.colcon_core.package_identification:_identify(.) by extension 'ignore_ament_install'
[0.119s] Level 1:colcon.colcon_core.package_identification:_identify(.) by extensions ['colcon_pkg']
[0.119s] Level 1:colcon.colcon_core.package_identification:_identify(.) by extension 'colcon_pkg'
[0.119s] Level 1:colcon.colcon_core.package_identification:_identify(.) by extensions ['colcon_meta']
[0.119s] Level 1:colcon.colcon_core.package_identification:_identify(.) by extension 'colcon_meta'
[0.119s] Level 1:colcon.colcon_core.package_identification:_identify(.) by extensions ['ros']
[0.119s] Level 1:colcon.colcon_core.package_identification:_identify(.) by extension 'ros'
[0.130s] Level 1:colcon.colcon_core.package_identification:_identify(.) by extensions ['cmake', 'python']
[0.130s] Level 1:colcon.colcon_core.package_identification:_identify(.) by extension 'cmake'
[0.130s] Level 1:colcon.colcon_core.package_identification:_identify(.) by extension 'python'
[0.130s] Level 1:colcon.colcon_core.package_identification:_identify(.) by extensions ['python_setup_py']
[0.130s] Level 1:colcon.colcon_core.package_identification:_identify(.) by extension 'python_setup_py'
[0.130s] Level 1:colcon.colcon_core.package_identification:_identify(build) by extensions ['ignore', 'ignore_ament_install']
[0.130s] Level 1:colcon.colcon_core.package_identification:_identify(build) by extension 'ignore'
[0.130s] Level 1:colcon.colcon_core.package_identification:_identify(build) ignored
[0.130s] Level 1:colcon.colcon_core.package_identification:_identify(install) by extensions ['ignore', 'ignore_ament_install']
[0.131s] Level 1:colcon.colcon_core.package_identification:_identify(install) by extension 'ignore'
[0.131s] Level 1:colcon.colcon_core.package_identification:_identify(install) ignored
[0.131s] Level 1:colcon.colcon_core.package_identification:_identify(log) by extensions ['ignore', 'ignore_ament_install']
[0.131s] Level 1:colcon.colcon_core.package_identification:_identify(log) by extension 'ignore'
[0.131s] Level 1:colcon.colcon_core.package_identification:_identify(log) ignored
[0.131s] Level 1:colcon.colcon_core.package_identification:_identify(src) by extensions ['ignore', 'ignore_ament_install']
[0.131s] Level 1:colcon.colcon_core.package_identification:_identify(src) by extension 'ignore'
[0.131s] Level 1:colcon.colcon_core.package_identification:_identify(src) by extension 'ignore_ament_install'
[0.131s] Level 1:colcon.colcon_core.package_identification:_identify(src) by extensions ['colcon_pkg']
[0.131s] Level 1:colcon.colcon_core.package_identification:_identify(src) by extension 'colcon_pkg'
[0.131s] Level 1:colcon.colcon_core.package_identification:_identify(src) by extensions ['colcon_meta']
[0.131s] Level 1:colcon.colcon_core.package_identification:_identify(src) by extension 'colcon_meta'
[0.131s] Level 1:colcon.colcon_core.package_identification:_identify(src) by extensions ['ros']
[0.131s] Level 1:colcon.colcon_core.package_identification:_identify(src) by extension 'ros'
[0.131s] Level 1:colcon.colcon_core.package_identification:_identify(src) by extensions ['cmake', 'python']
[0.131s] Level 1:colcon.colcon_core.package_identification:_identify(src) by extension 'cmake'
[0.131s] Level 1:colcon.colcon_core.package_identification:_identify(src) by extension 'python'
[0.131s] Level 1:colcon.colcon_core.package_identification:_identify(src) by extensions ['python_setup_py']
[0.131s] Level 1:colcon.colcon_core.package_identification:_identify(src) by extension 'python_setup_py'
[0.131s] Level 1:colcon.colcon_core.package_identification:_identify(src/ugv_self_supervised_traversability) by extensions ['ignore', 'ignore_ament_install']
[0.131s] Level 1:colcon.colcon_core.package_identification:_identify(src/ugv_self_supervised_traversability) by extension 'ignore'
[0.131s] Level 1:colcon.colcon_core.package_identification:_identify(src/ugv_self_supervised_traversability) by extension 'ignore_ament_install'
[0.131s] Level 1:colcon.colcon_core.package_identification:_identify(src/ugv_self_supervised_traversability) by extensions ['colcon_pkg']
[0.131s] Level 1:colcon.colcon_core.package_identification:_identify(src/ugv_self_supervised_traversability) by extension 'colcon_pkg'
[0.131s] Level 1:colcon.colcon_core.package_identification:_identify(src/ugv_self_supervised_traversability) by extensions ['colcon_meta']
[0.131s] Level 1:colcon.colcon_core.package_identification:_identify(src/ugv_self_supervised_traversability) by extension 'colcon_meta'
[0.132s] Level 1:colcon.colcon_core.package_identification:_identify(src/ugv_self_supervised_traversability) by extensions ['ros']
[0.132s] Level 1:colcon.colcon_core.package_identification:_identify(src/ugv_self_supervised_traversability) by extension 'ros'
[0.133s] DEBUG:colcon.colcon_core.package_identification:Package 'src/ugv_self_supervised_traversability' with type 'ros.ament_python' and name 'ugv_self_supervised_traversability'
[0.133s] Level 1:colcon.colcon_core.package_discovery:discover_packages(recursive) using defaults
[0.133s] Level 1:colcon.colcon_core.package_discovery:discover_packages(ignore) discover
[0.133s] Level 1:colcon.colcon_core.package_discovery:discover_packages(ignore) using defaults
[0.134s] Level 1:colcon.colcon_core.package_discovery:discover_packages(path) discover
[0.134s] Level 1:colcon.colcon_core.package_discovery:discover_packages(path) using defaults
[0.149s] Level 1:colcon.colcon_core.package_discovery:discover_packages(prefix_path) check parameters
[0.149s] Level 1:colcon.colcon_core.package_discovery:discover_packages(prefix_path) discover
[0.150s] DEBUG:colcon.colcon_installed_package_information.package_discovery:Found 1 installed packages in /home/jay/traversability_ws/install
[0.151s] DEBUG:colcon.colcon_installed_package_information.package_discovery:Found 345 installed packages in /opt/ros/humble
[0.152s] Level 1:colcon.colcon_core.package_discovery:discover_packages(prefix_path) using defaults
[0.184s] Level 5:colcon.colcon_core.verb:set package 'ugv_self_supervised_traversability' build argument 'cmake_args' from command line to 'None'
[0.184s] Level 5:colcon.colcon_core.verb:set package 'ugv_self_supervised_traversability' build argument 'cmake_target' from command line to 'None'
[0.184s] Level 5:colcon.colcon_core.verb:set package 'ugv_self_supervised_traversability' build argument 'cmake_target_skip_unavailable' from command line to 'False'
[0.184s] Level 5:colcon.colcon_core.verb:set package 'ugv_self_supervised_traversability' build argument 'cmake_clean_cache' from command line to 'False'
[0.184s] Level 5:colcon.colcon_core.verb:set package 'ugv_self_supervised_traversability' build argument 'cmake_clean_first' from command line to 'False'
[0.184s] Level 5:colcon.colcon_core.verb:set package 'ugv_self_supervised_traversability' build argument 'cmake_force_configure' from command line to 'False'
[0.184s] Level 5:colcon.colcon_core.verb:set package 'ugv_self_supervised_traversability' build argument 'ament_cmake_args' from command line to 'None'
[0.184s] Level 5:colcon.colcon_core.verb:set package 'ugv_self_supervised_traversability' build argument 'catkin_cmake_args' from command line to 'None'
[0.184s] Level 5:colcon.colcon_core.verb:set package 'ugv_self_supervised_traversability' build argument 'catkin_skip_building_tests' from command line to 'False'
[0.184s] DEBUG:colcon.colcon_core.verb:Building package 'ugv_self_supervised_traversability' with the following arguments: {'ament_cmake_args': None, 'build_base': '/home/jay/traversability_ws/build/ugv_self_supervised_traversability', 'catkin_cmake_args': None, 'catkin_skip_building_tests': False, 'cmake_args': None, 'cmake_clean_cache': False, 'cmake_clean_first': False, 'cmake_force_configure': False, 'cmake_target': None, 'cmake_target_skip_unavailable': False, 'install_base': '/home/jay/traversability_ws/install/ugv_self_supervised_traversability', 'merge_install': False, 'path': '/home/jay/traversability_ws/src/ugv_self_supervised_traversability', 'symlink_install': True, 'test_result_base': None}
[0.184s] INFO:colcon.colcon_core.executor:Executing jobs using 'parallel' executor
[0.185s] DEBUG:colcon.colcon_parallel_executor.executor.parallel:run_until_complete
[0.185s] INFO:colcon.colcon_ros.task.ament_python.build:Building ROS package in '/home/jay/traversability_ws/src/ugv_self_supervised_traversability' with build type 'ament_python'
[0.185s] Level 1:colcon.colcon_core.shell:create_environment_hook('ugv_self_supervised_traversability', 'ament_prefix_path')
[0.186s] INFO:colcon.colcon_core.plugin_system:Skipping extension 'colcon_core.shell.bat': Not used on non-Windows systems
[0.187s] INFO:colcon.colcon_core.shell:Creating environment hook '/home/jay/traversability_ws/install/ugv_self_supervised_traversability/share/ugv_self_supervised_traversability/hook/ament_prefix_path.ps1'
[0.187s] INFO:colcon.colcon_core.shell:Creating environment descriptor '/home/jay/traversability_ws/install/ugv_self_supervised_traversability/share/ugv_self_supervised_traversability/hook/ament_prefix_path.dsv'
[0.187s] INFO:colcon.colcon_core.shell:Creating environment hook '/home/jay/traversability_ws/install/ugv_self_supervised_traversability/share/ugv_self_supervised_traversability/hook/ament_prefix_path.sh'
[0.188s] INFO:colcon.colcon_core.shell:Skip shell extension 'powershell' for command environment: Not usable outside of PowerShell
[0.188s] DEBUG:colcon.colcon_core.shell:Skip shell extension 'dsv' for command environment
[0.383s] INFO:colcon.colcon_core.task.python.build:Building Python package in '/home/jay/traversability_ws/src/ugv_self_supervised_traversability'
[0.384s] INFO:colcon.colcon_core.shell:Skip shell extension 'powershell' for command environment: Not usable outside of PowerShell
[0.384s] DEBUG:colcon.colcon_core.shell:Skip shell extension 'dsv' for command environment
[0.897s] DEBUG:colcon.colcon_core.event_handler.log_command:Invoking command in '/home/jay/traversability_ws/build/ugv_self_supervised_traversability': CONDA_PROMPT_MODIFIER=(base) PYTHONPATH=/home/jay/traversability_ws/build/ugv_self_supervised_traversability/prefix_override:/usr/lib/python3/dist-packages/colcon_core/task/python/colcon_distutils_commands:/home/jay/traversability_ws/install/ugv_self_supervised_traversability/lib/python3.10/site-packages:${PYTHONPATH} /usr/bin/python3 -W ignore:setup.py install is deprecated -W ignore:easy_install command is deprecated setup.py develop --editable --build-directory /home/jay/traversability_ws/build/ugv_self_supervised_traversability/build --no-deps symlink_data
[1.554s] Level 1:colcon.colcon_core.shell:create_environment_hook('ugv_self_supervised_traversability', 'pythonpath_develop')
[1.555s] INFO:colcon.colcon_core.shell:Creating environment hook '/home/jay/traversability_ws/build/ugv_self_supervised_traversability/share/ugv_self_supervised_traversability/hook/pythonpath_develop.ps1'
[1.555s] DEBUG:colcon.colcon_core.event_handler.log_command:Invoked command in '/home/jay/traversability_ws/build/ugv_self_supervised_traversability' returned '0': CONDA_PROMPT_MODIFIER=(base) PYTHONPATH=/home/jay/traversability_ws/build/ugv_self_supervised_traversability/prefix_override:/usr/lib/python3/dist-packages/colcon_core/task/python/colcon_distutils_commands:/home/jay/traversability_ws/install/ugv_self_supervised_traversability/lib/python3.10/site-packages:${PYTHONPATH} /usr/bin/python3 -W ignore:setup.py install is deprecated -W ignore:easy_install command is deprecated setup.py develop --editable --build-directory /home/jay/traversability_ws/build/ugv_self_supervised_traversability/build --no-deps symlink_data
[1.555s] INFO:colcon.colcon_core.shell:Creating environment descriptor '/home/jay/traversability_ws/build/ugv_self_supervised_traversability/share/ugv_self_supervised_traversability/hook/pythonpath_develop.dsv'
[1.555s] INFO:colcon.colcon_core.shell:Creating environment hook '/home/jay/traversability_ws/build/ugv_self_supervised_traversability/share/ugv_self_supervised_traversability/hook/pythonpath_develop.sh'
[1.557s] Level 1:colcon.colcon_core.environment:checking '/home/jay/traversability_ws/install/ugv_self_supervised_traversability' for CMake module files
[1.558s] Level 1:colcon.colcon_core.environment:checking '/home/jay/traversability_ws/install/ugv_self_supervised_traversability' for CMake config files
[1.558s] Level 1:colcon.colcon_core.environment:checking '/home/jay/traversability_ws/install/ugv_self_supervised_traversability/lib'
[1.558s] Level 1:colcon.colcon_core.environment:checking '/home/jay/traversability_ws/install/ugv_self_supervised_traversability/bin'
[1.558s] Level 1:colcon.colcon_core.environment:checking '/home/jay/traversability_ws/install/ugv_self_supervised_traversability/lib/pkgconfig/ugv_self_supervised_traversability.pc'
[1.558s] Level 1:colcon.colcon_core.environment:checking '/home/jay/traversability_ws/install/ugv_self_supervised_traversability/lib/python3.10/site-packages'
[1.558s] Level 1:colcon.colcon_core.shell:create_environment_hook('ugv_self_supervised_traversability', 'pythonpath')
[1.559s] INFO:colcon.colcon_core.shell:Creating environment hook '/home/jay/traversability_ws/install/ugv_self_supervised_traversability/share/ugv_self_supervised_traversability/hook/pythonpath.ps1'
[1.559s] INFO:colcon.colcon_core.shell:Creating environment descriptor '/home/jay/traversability_ws/install/ugv_self_supervised_traversability/share/ugv_self_supervised_traversability/hook/pythonpath.dsv'
[1.559s] INFO:colcon.colcon_core.shell:Creating environment hook '/home/jay/traversability_ws/install/ugv_self_supervised_traversability/share/ugv_self_supervised_traversability/hook/pythonpath.sh'
[1.560s] Level 1:colcon.colcon_core.environment:checking '/home/jay/traversability_ws/install/ugv_self_supervised_traversability/bin'
[1.560s] Level 1:colcon.colcon_core.environment:create_environment_scripts_only(ugv_self_supervised_traversability)
[1.560s] INFO:colcon.colcon_core.shell:Creating package script '/home/jay/traversability_ws/install/ugv_self_supervised_traversability/share/ugv_self_supervised_traversability/package.ps1'
[1.561s] INFO:colcon.colcon_core.shell:Creating package descriptor '/home/jay/traversability_ws/install/ugv_self_supervised_traversability/share/ugv_self_supervised_traversability/package.dsv'
[1.562s] INFO:colcon.colcon_core.shell:Creating package script '/home/jay/traversability_ws/install/ugv_self_supervised_traversability/share/ugv_self_supervised_traversability/package.sh'
[1.563s] INFO:colcon.colcon_core.shell:Creating package script '/home/jay/traversability_ws/install/ugv_self_supervised_traversability/share/ugv_self_supervised_traversability/package.bash'
[1.564s] INFO:colcon.colcon_core.shell:Creating package script '/home/jay/traversability_ws/install/ugv_self_supervised_traversability/share/ugv_self_supervised_traversability/package.zsh'
[1.564s] Level 1:colcon.colcon_core.environment:create_file_with_runtime_dependencies(/home/jay/traversability_ws/install/ugv_self_supervised_traversability/share/colcon-core/packages/ugv_self_supervised_traversability)
[1.565s] DEBUG:colcon.colcon_parallel_executor.executor.parallel:closing loop
[1.565s] DEBUG:colcon.colcon_parallel_executor.executor.parallel:loop closed
[1.565s] DEBUG:colcon.colcon_parallel_executor.executor.parallel:run_until_complete finished with '0'
[1.565s] DEBUG:colcon.colcon_core.event_reactor:joining thread
[1.568s] INFO:colcon.colcon_core.plugin_system:Skipping extension 'colcon_notification.desktop_notification.terminal_notifier': Not used on non-Darwin systems
[1.568s] INFO:colcon.colcon_core.plugin_system:Skipping extension 'colcon_notification.desktop_notification.win32': Not used on non-Windows systems
[1.568s] INFO:colcon.colcon_notification.desktop_notification:Sending desktop notification using 'notify2'
[1.569s] DEBUG:colcon.colcon_notification.desktop_notification.notify2:Failed to initialize notify2: org.freedesktop.DBus.Error.AccessDenied: Failed to connect to socket /run/user/1000/bus: Operation not permitted
[1.569s] DEBUG:colcon.colcon_core.event_reactor:joined thread
[1.569s] INFO:colcon.colcon_core.shell:Creating prefix script '/home/jay/traversability_ws/install/local_setup.ps1'
[1.569s] INFO:colcon.colcon_core.shell:Creating prefix util module '/home/jay/traversability_ws/install/_local_setup_util_ps1.py'
[1.570s] INFO:colcon.colcon_core.shell:Creating prefix chain script '/home/jay/traversability_ws/install/setup.ps1'
[1.571s] INFO:colcon.colcon_core.shell:Creating prefix script '/home/jay/traversability_ws/install/local_setup.sh'
[1.571s] INFO:colcon.colcon_core.shell:Creating prefix util module '/home/jay/traversability_ws/install/_local_setup_util_sh.py'
[1.572s] INFO:colcon.colcon_core.shell:Creating prefix chain script '/home/jay/traversability_ws/install/setup.sh'
[1.573s] INFO:colcon.colcon_core.shell:Creating prefix script '/home/jay/traversability_ws/install/local_setup.bash'
[1.573s] INFO:colcon.colcon_core.shell:Creating prefix chain script '/home/jay/traversability_ws/install/setup.bash'
[1.574s] INFO:colcon.colcon_core.shell:Creating prefix script '/home/jay/traversability_ws/install/local_setup.zsh'
[1.574s] INFO:colcon.colcon_core.shell:Creating prefix chain script '/home/jay/traversability_ws/install/setup.zsh'
