[0.078s] DEBUG:colcon:Command line arguments: ['/usr/bin/colcon', 'build']
[0.078s] DEBUG:colcon:Parsed command line arguments: Namespace(log_base=None, log_level=None, verb_name='build', build_base='build', install_base='install', merge_install=False, symlink_install=True, test_result_base=None, continue_on_error=False, executor='parallel', parallel_workers=20, event_handlers=None, ignore_user_meta=False, metas=['./colcon.meta'], base_paths=['.'], packages_ignore=None, packages_ignore_regex=None, paths=None, packages_up_to=None, packages_up_to_regex=None, packages_above=None, packages_above_and_dependencies=None, packages_above_depth=None, packages_select_by_dep=None, packages_skip_by_dep=None, packages_skip_up_to=None, packages_select_build_failed=False, packages_skip_build_finished=False, packages_select_test_failures=False, packages_skip_test_passed=False, packages_select=None, packages_skip=None, packages_select_regex=None, packages_skip_regex=None, packages_start=None, packages_end=None, allow_overriding=[], cmake_args=None, cmake_target=None, cmake_target_skip_unavailable=False, cmake_clean_cache=False, cmake_clean_first=False, cmake_force_configure=False, ament_cmake_args=None, catkin_cmake_args=None, catkin_skip_building_tests=False, mixin_files=None, mixin=None, verb_parser=<colcon_mixin.mixin.mixin_argument.MixinArgumentDecorator object at 0x74fd64e5fb50>, verb_extension=<colcon_core.verb.build.BuildVerb object at 0x74fd64e110f0>, main=<bound method BuildVerb.main of <colcon_core.verb.build.BuildVerb object at 0x74fd64e110f0>>, mixin_verb=('build',))
[0.108s] Level 1:colcon.colcon_core.package_discovery:discover_packages(colcon_meta) check parameters
[0.108s] Level 1:colcon.colcon_core.package_discovery:discover_packages(recursive) check parameters
[0.108s] Level 1:colcon.colcon_core.package_discovery:discover_packages(ignore) check parameters
[0.108s] Level 1:colcon.colcon_core.package_discovery:discover_packages(path) check parameters
[0.108s] Level 1:colcon.colcon_core.package_discovery:discover_packages(colcon_meta) discover
[0.108s] Level 1:colcon.colcon_core.package_discovery:discover_packages(recursive) discover
[0.108s] INFO:colcon.colcon_core.package_discovery:Crawling recursively for packages in '/home/jay/sort'
[0.108s] Level 1:colcon.colcon_core.package_identification:_identify(.) by extensions ['ignore', 'ignore_ament_install']
[0.108s] Level 1:colcon.colcon_core.package_identification:_identify(.) by extension 'ignore'
[0.108s] Level 1:colcon.colcon_core.package_identification:_identify(.) by extension 'ignore_ament_install'
[0.108s] Level 1:colcon.colcon_core.package_identification:_identify(.) by extensions ['colcon_pkg']
[0.108s] Level 1:colcon.colcon_core.package_identification:_identify(.) by extension 'colcon_pkg'
[0.108s] Level 1:colcon.colcon_core.package_identification:_identify(.) by extensions ['colcon_meta']
[0.108s] Level 1:colcon.colcon_core.package_identification:_identify(.) by extension 'colcon_meta'
[0.108s] Level 1:colcon.colcon_core.package_identification:_identify(.) by extensions ['ros']
[0.108s] Level 1:colcon.colcon_core.package_identification:_identify(.) by extension 'ros'
[0.118s] Level 1:colcon.colcon_core.package_identification:_identify(.) by extensions ['cmake', 'python']
[0.118s] Level 1:colcon.colcon_core.package_identification:_identify(.) by extension 'cmake'
[0.118s] Level 1:colcon.colcon_core.package_identification:_identify(.) by extension 'python'
[0.119s] Level 1:colcon.colcon_core.package_identification:_identify(.) by extensions ['python_setup_py']
[0.119s] Level 1:colcon.colcon_core.package_identification:_identify(.) by extension 'python_setup_py'
[0.119s] Level 1:colcon.colcon_core.package_identification:_identify(build) by extensions ['ignore', 'ignore_ament_install']
[0.119s] Level 1:colcon.colcon_core.package_identification:_identify(build) by extension 'ignore'
[0.119s] Level 1:colcon.colcon_core.package_identification:_identify(build) ignored
[0.119s] Level 1:colcon.colcon_core.package_identification:_identify(install) by extensions ['ignore', 'ignore_ament_install']
[0.119s] Level 1:colcon.colcon_core.package_identification:_identify(install) by extension 'ignore'
[0.119s] Level 1:colcon.colcon_core.package_identification:_identify(install) ignored
[0.119s] Level 1:colcon.colcon_core.package_identification:_identify(log) by extensions ['ignore', 'ignore_ament_install']
[0.119s] Level 1:colcon.colcon_core.package_identification:_identify(log) by extension 'ignore'
[0.119s] Level 1:colcon.colcon_core.package_identification:_identify(log) ignored
[0.119s] Level 1:colcon.colcon_core.package_identification:_identify(src) by extensions ['ignore', 'ignore_ament_install']
[0.119s] Level 1:colcon.colcon_core.package_identification:_identify(src) by extension 'ignore'
[0.119s] Level 1:colcon.colcon_core.package_identification:_identify(src) by extension 'ignore_ament_install'
[0.119s] Level 1:colcon.colcon_core.package_identification:_identify(src) by extensions ['colcon_pkg']
[0.119s] Level 1:colcon.colcon_core.package_identification:_identify(src) by extension 'colcon_pkg'
[0.119s] Level 1:colcon.colcon_core.package_identification:_identify(src) by extensions ['colcon_meta']
[0.119s] Level 1:colcon.colcon_core.package_identification:_identify(src) by extension 'colcon_meta'
[0.119s] Level 1:colcon.colcon_core.package_identification:_identify(src) by extensions ['ros']
[0.119s] Level 1:colcon.colcon_core.package_identification:_identify(src) by extension 'ros'
[0.120s] Level 1:colcon.colcon_core.package_identification:_identify(src) by extensions ['cmake', 'python']
[0.120s] Level 1:colcon.colcon_core.package_identification:_identify(src) by extension 'cmake'
[0.120s] Level 1:colcon.colcon_core.package_identification:_identify(src) by extension 'python'
[0.120s] Level 1:colcon.colcon_core.package_identification:_identify(src) by extensions ['python_setup_py']
[0.120s] Level 1:colcon.colcon_core.package_identification:_identify(src) by extension 'python_setup_py'
[0.120s] Level 1:colcon.colcon_core.package_identification:_identify(src/memsort_ros2) by extensions ['ignore', 'ignore_ament_install']
[0.120s] Level 1:colcon.colcon_core.package_identification:_identify(src/memsort_ros2) by extension 'ignore'
[0.120s] Level 1:colcon.colcon_core.package_identification:_identify(src/memsort_ros2) by extension 'ignore_ament_install'
[0.120s] Level 1:colcon.colcon_core.package_identification:_identify(src/memsort_ros2) by extensions ['colcon_pkg']
[0.120s] Level 1:colcon.colcon_core.package_identification:_identify(src/memsort_ros2) by extension 'colcon_pkg'
[0.120s] Level 1:colcon.colcon_core.package_identification:_identify(src/memsort_ros2) by extensions ['colcon_meta']
[0.120s] Level 1:colcon.colcon_core.package_identification:_identify(src/memsort_ros2) by extension 'colcon_meta'
[0.120s] Level 1:colcon.colcon_core.package_identification:_identify(src/memsort_ros2) by extensions ['ros']
[0.120s] Level 1:colcon.colcon_core.package_identification:_identify(src/memsort_ros2) by extension 'ros'
[0.122s] DEBUG:colcon.colcon_core.package_identification:Package 'src/memsort_ros2' with type 'ros.ament_cmake' and name 'memsort_ros2'
[0.122s] Level 1:colcon.colcon_core.package_identification:_identify(src/perception_interface) by extensions ['ignore', 'ignore_ament_install']
[0.122s] Level 1:colcon.colcon_core.package_identification:_identify(src/perception_interface) by extension 'ignore'
[0.122s] Level 1:colcon.colcon_core.package_identification:_identify(src/perception_interface) by extension 'ignore_ament_install'
[0.122s] Level 1:colcon.colcon_core.package_identification:_identify(src/perception_interface) by extensions ['colcon_pkg']
[0.122s] Level 1:colcon.colcon_core.package_identification:_identify(src/perception_interface) by extension 'colcon_pkg'
[0.122s] Level 1:colcon.colcon_core.package_identification:_identify(src/perception_interface) by extensions ['colcon_meta']
[0.122s] Level 1:colcon.colcon_core.package_identification:_identify(src/perception_interface) by extension 'colcon_meta'
[0.122s] Level 1:colcon.colcon_core.package_identification:_identify(src/perception_interface) by extensions ['ros']
[0.122s] Level 1:colcon.colcon_core.package_identification:_identify(src/perception_interface) by extension 'ros'
[0.123s] DEBUG:colcon.colcon_core.package_identification:Package 'src/perception_interface' with type 'ros.ament_cmake' and name 'perception_interface'
[0.123s] Level 1:colcon.colcon_core.package_discovery:discover_packages(recursive) using defaults
[0.123s] Level 1:colcon.colcon_core.package_discovery:discover_packages(ignore) discover
[0.123s] Level 1:colcon.colcon_core.package_discovery:discover_packages(ignore) using defaults
[0.123s] Level 1:colcon.colcon_core.package_discovery:discover_packages(path) discover
[0.123s] Level 1:colcon.colcon_core.package_discovery:discover_packages(path) using defaults
[0.136s] Level 1:colcon.colcon_core.package_discovery:discover_packages(prefix_path) check parameters
[0.136s] Level 1:colcon.colcon_core.package_discovery:discover_packages(prefix_path) discover
[0.137s] WARNING:colcon.colcon_ros.prefix_path.ament:The path '/home/jay/sort/install/perception_interface' in the environment variable AMENT_PREFIX_PATH doesn't exist
[0.137s] WARNING:colcon.colcon_ros.prefix_path.ament:The path '/home/jay/sort/install/memsort_ros2' in the environment variable AMENT_PREFIX_PATH doesn't exist
[0.137s] WARNING:colcon.colcon_ros.prefix_path.catkin:The path '/home/jay/sort/install/perception_interface' in the environment variable CMAKE_PREFIX_PATH doesn't exist
[0.137s] WARNING:colcon.colcon_ros.prefix_path.catkin:The path '/home/jay/sort/install/memsort_ros2' in the environment variable CMAKE_PREFIX_PATH doesn't exist
[0.137s] DEBUG:colcon.colcon_installed_package_information.package_discovery:Found 0 installed packages in /home/jay/sort/install
[0.138s] DEBUG:colcon.colcon_installed_package_information.package_discovery:Found 338 installed packages in /opt/ros/humble
[0.139s] Level 1:colcon.colcon_core.package_discovery:discover_packages(prefix_path) using defaults
[0.170s] Level 5:colcon.colcon_core.verb:set package 'memsort_ros2' build argument 'cmake_args' from command line to 'None'
[0.170s] Level 5:colcon.colcon_core.verb:set package 'memsort_ros2' build argument 'cmake_target' from command line to 'None'
[0.170s] Level 5:colcon.colcon_core.verb:set package 'memsort_ros2' build argument 'cmake_target_skip_unavailable' from command line to 'False'
[0.170s] Level 5:colcon.colcon_core.verb:set package 'memsort_ros2' build argument 'cmake_clean_cache' from command line to 'False'
[0.170s] Level 5:colcon.colcon_core.verb:set package 'memsort_ros2' build argument 'cmake_clean_first' from command line to 'False'
[0.170s] Level 5:colcon.colcon_core.verb:set package 'memsort_ros2' build argument 'cmake_force_configure' from command line to 'False'
[0.170s] Level 5:colcon.colcon_core.verb:set package 'memsort_ros2' build argument 'ament_cmake_args' from command line to 'None'
[0.170s] Level 5:colcon.colcon_core.verb:set package 'memsort_ros2' build argument 'catkin_cmake_args' from command line to 'None'
[0.170s] Level 5:colcon.colcon_core.verb:set package 'memsort_ros2' build argument 'catkin_skip_building_tests' from command line to 'False'
[0.170s] DEBUG:colcon.colcon_core.verb:Building package 'memsort_ros2' with the following arguments: {'ament_cmake_args': None, 'build_base': '/home/jay/sort/build/memsort_ros2', 'catkin_cmake_args': None, 'catkin_skip_building_tests': False, 'cmake_args': None, 'cmake_clean_cache': False, 'cmake_clean_first': False, 'cmake_force_configure': False, 'cmake_target': None, 'cmake_target_skip_unavailable': False, 'install_base': '/home/jay/sort/install/memsort_ros2', 'merge_install': False, 'path': '/home/jay/sort/src/memsort_ros2', 'symlink_install': True, 'test_result_base': None}
[0.170s] Level 5:colcon.colcon_core.verb:set package 'perception_interface' build argument 'cmake_args' from command line to 'None'
[0.170s] Level 5:colcon.colcon_core.verb:set package 'perception_interface' build argument 'cmake_target' from command line to 'None'
[0.170s] Level 5:colcon.colcon_core.verb:set package 'perception_interface' build argument 'cmake_target_skip_unavailable' from command line to 'False'
[0.170s] Level 5:colcon.colcon_core.verb:set package 'perception_interface' build argument 'cmake_clean_cache' from command line to 'False'
[0.170s] Level 5:colcon.colcon_core.verb:set package 'perception_interface' build argument 'cmake_clean_first' from command line to 'False'
[0.170s] Level 5:colcon.colcon_core.verb:set package 'perception_interface' build argument 'cmake_force_configure' from command line to 'False'
[0.170s] Level 5:colcon.colcon_core.verb:set package 'perception_interface' build argument 'ament_cmake_args' from command line to 'None'
[0.170s] Level 5:colcon.colcon_core.verb:set package 'perception_interface' build argument 'catkin_cmake_args' from command line to 'None'
[0.170s] Level 5:colcon.colcon_core.verb:set package 'perception_interface' build argument 'catkin_skip_building_tests' from command line to 'False'
[0.170s] DEBUG:colcon.colcon_core.verb:Building package 'perception_interface' with the following arguments: {'ament_cmake_args': None, 'build_base': '/home/jay/sort/build/perception_interface', 'catkin_cmake_args': None, 'catkin_skip_building_tests': False, 'cmake_args': None, 'cmake_clean_cache': False, 'cmake_clean_first': False, 'cmake_force_configure': False, 'cmake_target': None, 'cmake_target_skip_unavailable': False, 'install_base': '/home/jay/sort/install/perception_interface', 'merge_install': False, 'path': '/home/jay/sort/src/perception_interface', 'symlink_install': True, 'test_result_base': None}
[0.170s] INFO:colcon.colcon_core.executor:Executing jobs using 'parallel' executor
[0.171s] DEBUG:colcon.colcon_parallel_executor.executor.parallel:run_until_complete
[0.171s] INFO:colcon.colcon_ros.task.ament_cmake.build:Building ROS package in '/home/jay/sort/src/memsort_ros2' with build type 'ament_cmake'
[0.171s] INFO:colcon.colcon_cmake.task.cmake.build:Building CMake package in '/home/jay/sort/src/memsort_ros2'
[0.172s] INFO:colcon.colcon_core.plugin_system:Skipping extension 'colcon_core.shell.bat': Not used on non-Windows systems
[0.173s] INFO:colcon.colcon_core.shell:Skip shell extension 'powershell' for command environment: Not usable outside of PowerShell
[0.173s] DEBUG:colcon.colcon_core.shell:Skip shell extension 'dsv' for command environment
[0.175s] INFO:colcon.colcon_ros.task.ament_cmake.build:Building ROS package in '/home/jay/sort/src/perception_interface' with build type 'ament_cmake'
[0.175s] INFO:colcon.colcon_cmake.task.cmake.build:Building CMake package in '/home/jay/sort/src/perception_interface'
[0.175s] INFO:colcon.colcon_core.shell:Skip shell extension 'powershell' for command environment: Not usable outside of PowerShell
[0.175s] DEBUG:colcon.colcon_core.shell:Skip shell extension 'dsv' for command environment
[0.179s] DEBUG:colcon.colcon_core.event_handler.log_command:Invoking command in '/home/jay/sort/build/memsort_ros2': CMAKE_PREFIX_PATH=${CMAKE_PREFIX_PATH}:/opt/ros/humble /usr/bin/cmake /home/jay/sort/src/memsort_ros2 -DAMENT_CMAKE_SYMLINK_INSTALL=1 -DCMAKE_INSTALL_PREFIX=/home/jay/sort/install/memsort_ros2
[0.181s] DEBUG:colcon.colcon_core.event_handler.log_command:Invoking command in '/home/jay/sort/build/perception_interface': CMAKE_PREFIX_PATH=${CMAKE_PREFIX_PATH}:/opt/ros/humble /usr/bin/cmake /home/jay/sort/src/perception_interface -DAMENT_CMAKE_SYMLINK_INSTALL=1 -DCMAKE_INSTALL_PREFIX=/home/jay/sort/install/perception_interface
[0.769s] DEBUG:colcon.colcon_core.event_handler.log_command:Invoked command in '/home/jay/sort/build/memsort_ros2' returned '0': CMAKE_PREFIX_PATH=${CMAKE_PREFIX_PATH}:/opt/ros/humble /usr/bin/cmake /home/jay/sort/src/memsort_ros2 -DAMENT_CMAKE_SYMLINK_INSTALL=1 -DCMAKE_INSTALL_PREFIX=/home/jay/sort/install/memsort_ros2
[0.770s] DEBUG:colcon.colcon_core.event_handler.log_command:Invoking command in '/home/jay/sort/build/memsort_ros2': CMAKE_PREFIX_PATH=${CMAKE_PREFIX_PATH}:/opt/ros/humble /usr/bin/cmake --build /home/jay/sort/build/memsort_ros2 -- -j20 -l20
[1.036s] DEBUG:colcon.colcon_core.event_handler.log_command:Invoked command in '/home/jay/sort/build/memsort_ros2' returned '0': CMAKE_PREFIX_PATH=${CMAKE_PREFIX_PATH}:/opt/ros/humble /usr/bin/cmake --build /home/jay/sort/build/memsort_ros2 -- -j20 -l20
[1.042s] DEBUG:colcon.colcon_core.event_handler.log_command:Invoking command in '/home/jay/sort/build/memsort_ros2': CMAKE_PREFIX_PATH=${CMAKE_PREFIX_PATH}:/opt/ros/humble /usr/bin/cmake --install /home/jay/sort/build/memsort_ros2
[1.199s] Level 1:colcon.colcon_core.environment:create_environment_scripts_only(memsort_ros2)
[1.199s] DEBUG:colcon.colcon_core.event_handler.log_command:Invoked command in '/home/jay/sort/build/memsort_ros2' returned '0': CMAKE_PREFIX_PATH=${CMAKE_PREFIX_PATH}:/opt/ros/humble /usr/bin/cmake --install /home/jay/sort/build/memsort_ros2
[1.200s] Level 1:colcon.colcon_core.environment:checking '/home/jay/sort/install/memsort_ros2' for CMake module files
[1.201s] Level 1:colcon.colcon_core.environment:checking '/home/jay/sort/install/memsort_ros2' for CMake config files
[1.201s] Level 1:colcon.colcon_core.shell:create_environment_hook('memsort_ros2', 'cmake_prefix_path')
[1.201s] INFO:colcon.colcon_core.shell:Creating environment hook '/home/jay/sort/install/memsort_ros2/share/memsort_ros2/hook/cmake_prefix_path.ps1'
[1.201s] INFO:colcon.colcon_core.shell:Creating environment descriptor '/home/jay/sort/install/memsort_ros2/share/memsort_ros2/hook/cmake_prefix_path.dsv'
[1.202s] INFO:colcon.colcon_core.shell:Creating environment hook '/home/jay/sort/install/memsort_ros2/share/memsort_ros2/hook/cmake_prefix_path.sh'
[1.202s] Level 1:colcon.colcon_core.environment:checking '/home/jay/sort/install/memsort_ros2/lib'
[1.202s] Level 1:colcon.colcon_core.environment:checking '/home/jay/sort/install/memsort_ros2/bin'
[1.202s] Level 1:colcon.colcon_core.environment:checking '/home/jay/sort/install/memsort_ros2/lib/pkgconfig/memsort_ros2.pc'
[1.202s] Level 1:colcon.colcon_core.environment:checking '/home/jay/sort/install/memsort_ros2/lib/python3.10/site-packages'
[1.203s] Level 1:colcon.colcon_core.environment:checking '/home/jay/sort/install/memsort_ros2/bin'
[1.203s] INFO:colcon.colcon_core.shell:Creating package script '/home/jay/sort/install/memsort_ros2/share/memsort_ros2/package.ps1'
[1.203s] INFO:colcon.colcon_core.shell:Creating package descriptor '/home/jay/sort/install/memsort_ros2/share/memsort_ros2/package.dsv'
[1.204s] INFO:colcon.colcon_core.shell:Creating package script '/home/jay/sort/install/memsort_ros2/share/memsort_ros2/package.sh'
[1.204s] INFO:colcon.colcon_core.shell:Creating package script '/home/jay/sort/install/memsort_ros2/share/memsort_ros2/package.bash'
[1.205s] INFO:colcon.colcon_core.shell:Creating package script '/home/jay/sort/install/memsort_ros2/share/memsort_ros2/package.zsh'
[1.205s] Level 1:colcon.colcon_core.environment:create_file_with_runtime_dependencies(/home/jay/sort/install/memsort_ros2/share/colcon-core/packages/memsort_ros2)
[1.205s] Level 1:colcon.colcon_core.environment:create_environment_scripts_only(memsort_ros2)
[1.205s] Level 1:colcon.colcon_core.environment:checking '/home/jay/sort/install/memsort_ros2' for CMake module files
[1.206s] Level 1:colcon.colcon_core.environment:checking '/home/jay/sort/install/memsort_ros2' for CMake config files
[1.206s] Level 1:colcon.colcon_core.shell:create_environment_hook('memsort_ros2', 'cmake_prefix_path')
[1.206s] INFO:colcon.colcon_core.shell:Creating environment hook '/home/jay/sort/install/memsort_ros2/share/memsort_ros2/hook/cmake_prefix_path.ps1'
[1.206s] INFO:colcon.colcon_core.shell:Creating environment descriptor '/home/jay/sort/install/memsort_ros2/share/memsort_ros2/hook/cmake_prefix_path.dsv'
[1.206s] INFO:colcon.colcon_core.shell:Creating environment hook '/home/jay/sort/install/memsort_ros2/share/memsort_ros2/hook/cmake_prefix_path.sh'
[1.207s] Level 1:colcon.colcon_core.environment:checking '/home/jay/sort/install/memsort_ros2/lib'
[1.207s] Level 1:colcon.colcon_core.environment:checking '/home/jay/sort/install/memsort_ros2/bin'
[1.207s] Level 1:colcon.colcon_core.environment:checking '/home/jay/sort/install/memsort_ros2/lib/pkgconfig/memsort_ros2.pc'
[1.207s] Level 1:colcon.colcon_core.environment:checking '/home/jay/sort/install/memsort_ros2/lib/python3.10/site-packages'
[1.207s] Level 1:colcon.colcon_core.environment:checking '/home/jay/sort/install/memsort_ros2/bin'
[1.207s] INFO:colcon.colcon_core.shell:Creating package script '/home/jay/sort/install/memsort_ros2/share/memsort_ros2/package.ps1'
[1.208s] INFO:colcon.colcon_core.shell:Creating package descriptor '/home/jay/sort/install/memsort_ros2/share/memsort_ros2/package.dsv'
[1.208s] INFO:colcon.colcon_core.shell:Creating package script '/home/jay/sort/install/memsort_ros2/share/memsort_ros2/package.sh'
[1.208s] INFO:colcon.colcon_core.shell:Creating package script '/home/jay/sort/install/memsort_ros2/share/memsort_ros2/package.bash'
[1.209s] INFO:colcon.colcon_core.shell:Creating package script '/home/jay/sort/install/memsort_ros2/share/memsort_ros2/package.zsh'
[1.209s] Level 1:colcon.colcon_core.environment:create_file_with_runtime_dependencies(/home/jay/sort/install/memsort_ros2/share/colcon-core/packages/memsort_ros2)
[1.570s] DEBUG:colcon.colcon_core.event_handler.log_command:Invoked command in '/home/jay/sort/build/perception_interface' returned '0': CMAKE_PREFIX_PATH=${CMAKE_PREFIX_PATH}:/opt/ros/humble /usr/bin/cmake /home/jay/sort/src/perception_interface -DAMENT_CMAKE_SYMLINK_INSTALL=1 -DCMAKE_INSTALL_PREFIX=/home/jay/sort/install/perception_interface
[1.571s] DEBUG:colcon.colcon_core.event_handler.log_command:Invoking command in '/home/jay/sort/build/perception_interface': CMAKE_PREFIX_PATH=${CMAKE_PREFIX_PATH}:/opt/ros/humble /usr/bin/cmake --build /home/jay/sort/build/perception_interface -- -j20 -l20
[3.219s] DEBUG:colcon.colcon_core.event_handler.log_command:Invoked command in '/home/jay/sort/build/perception_interface' returned '0': CMAKE_PREFIX_PATH=${CMAKE_PREFIX_PATH}:/opt/ros/humble /usr/bin/cmake --build /home/jay/sort/build/perception_interface -- -j20 -l20
[3.221s] DEBUG:colcon.colcon_core.event_handler.log_command:Invoking command in '/home/jay/sort/build/perception_interface': CMAKE_PREFIX_PATH=${CMAKE_PREFIX_PATH}:/opt/ros/humble /usr/bin/cmake --install /home/jay/sort/build/perception_interface
[3.752s] Level 1:colcon.colcon_core.environment:create_environment_scripts_only(perception_interface)
[3.752s] Level 1:colcon.colcon_core.environment:checking '/home/jay/sort/install/perception_interface' for CMake module files
[3.752s] DEBUG:colcon.colcon_core.event_handler.log_command:Invoked command in '/home/jay/sort/build/perception_interface' returned '0': CMAKE_PREFIX_PATH=${CMAKE_PREFIX_PATH}:/opt/ros/humble /usr/bin/cmake --install /home/jay/sort/build/perception_interface
[3.753s] Level 1:colcon.colcon_core.environment:checking '/home/jay/sort/install/perception_interface' for CMake config files
[3.753s] Level 1:colcon.colcon_core.shell:create_environment_hook('perception_interface', 'cmake_prefix_path')
[3.753s] INFO:colcon.colcon_core.shell:Creating environment hook '/home/jay/sort/install/perception_interface/share/perception_interface/hook/cmake_prefix_path.ps1'
[3.753s] INFO:colcon.colcon_core.shell:Creating environment descriptor '/home/jay/sort/install/perception_interface/share/perception_interface/hook/cmake_prefix_path.dsv'
[3.754s] INFO:colcon.colcon_core.shell:Creating environment hook '/home/jay/sort/install/perception_interface/share/perception_interface/hook/cmake_prefix_path.sh'
[3.754s] Level 1:colcon.colcon_core.environment:checking '/home/jay/sort/install/perception_interface/lib'
[3.754s] Level 1:colcon.colcon_core.shell:create_environment_hook('perception_interface', 'ld_library_path_lib')
[3.754s] INFO:colcon.colcon_core.shell:Creating environment hook '/home/jay/sort/install/perception_interface/share/perception_interface/hook/ld_library_path_lib.ps1'
[3.754s] INFO:colcon.colcon_core.shell:Creating environment descriptor '/home/jay/sort/install/perception_interface/share/perception_interface/hook/ld_library_path_lib.dsv'
[3.755s] INFO:colcon.colcon_core.shell:Creating environment hook '/home/jay/sort/install/perception_interface/share/perception_interface/hook/ld_library_path_lib.sh'
[3.755s] Level 1:colcon.colcon_core.environment:checking '/home/jay/sort/install/perception_interface/bin'
[3.755s] Level 1:colcon.colcon_core.environment:checking '/home/jay/sort/install/perception_interface/lib/pkgconfig/perception_interface.pc'
[3.755s] Level 1:colcon.colcon_core.environment:checking '/home/jay/sort/install/perception_interface/lib/python3.10/site-packages'
[3.755s] Level 1:colcon.colcon_core.environment:checking '/home/jay/sort/install/perception_interface/bin'
[3.755s] INFO:colcon.colcon_core.shell:Creating package script '/home/jay/sort/install/perception_interface/share/perception_interface/package.ps1'
[3.756s] INFO:colcon.colcon_core.shell:Creating package descriptor '/home/jay/sort/install/perception_interface/share/perception_interface/package.dsv'
[3.756s] INFO:colcon.colcon_core.shell:Creating package script '/home/jay/sort/install/perception_interface/share/perception_interface/package.sh'
[3.756s] INFO:colcon.colcon_core.shell:Creating package script '/home/jay/sort/install/perception_interface/share/perception_interface/package.bash'
[3.757s] INFO:colcon.colcon_core.shell:Creating package script '/home/jay/sort/install/perception_interface/share/perception_interface/package.zsh'
[3.757s] Level 1:colcon.colcon_core.environment:create_file_with_runtime_dependencies(/home/jay/sort/install/perception_interface/share/colcon-core/packages/perception_interface)
[3.757s] Level 1:colcon.colcon_core.environment:create_environment_scripts_only(perception_interface)
[3.757s] Level 1:colcon.colcon_core.environment:checking '/home/jay/sort/install/perception_interface' for CMake module files
[3.758s] Level 1:colcon.colcon_core.environment:checking '/home/jay/sort/install/perception_interface' for CMake config files
[3.758s] Level 1:colcon.colcon_core.shell:create_environment_hook('perception_interface', 'cmake_prefix_path')
[3.758s] INFO:colcon.colcon_core.shell:Creating environment hook '/home/jay/sort/install/perception_interface/share/perception_interface/hook/cmake_prefix_path.ps1'
[3.758s] INFO:colcon.colcon_core.shell:Creating environment descriptor '/home/jay/sort/install/perception_interface/share/perception_interface/hook/cmake_prefix_path.dsv'
[3.759s] INFO:colcon.colcon_core.shell:Creating environment hook '/home/jay/sort/install/perception_interface/share/perception_interface/hook/cmake_prefix_path.sh'
[3.759s] Level 1:colcon.colcon_core.environment:checking '/home/jay/sort/install/perception_interface/lib'
[3.759s] Level 1:colcon.colcon_core.shell:create_environment_hook('perception_interface', 'ld_library_path_lib')
[3.759s] INFO:colcon.colcon_core.shell:Creating environment hook '/home/jay/sort/install/perception_interface/share/perception_interface/hook/ld_library_path_lib.ps1'
[3.759s] INFO:colcon.colcon_core.shell:Creating environment descriptor '/home/jay/sort/install/perception_interface/share/perception_interface/hook/ld_library_path_lib.dsv'
[3.760s] INFO:colcon.colcon_core.shell:Creating environment hook '/home/jay/sort/install/perception_interface/share/perception_interface/hook/ld_library_path_lib.sh'
[3.760s] Level 1:colcon.colcon_core.environment:checking '/home/jay/sort/install/perception_interface/bin'
[3.760s] Level 1:colcon.colcon_core.environment:checking '/home/jay/sort/install/perception_interface/lib/pkgconfig/perception_interface.pc'
[3.760s] Level 1:colcon.colcon_core.environment:checking '/home/jay/sort/install/perception_interface/lib/python3.10/site-packages'
[3.760s] Level 1:colcon.colcon_core.environment:checking '/home/jay/sort/install/perception_interface/bin'
[3.760s] INFO:colcon.colcon_core.shell:Creating package script '/home/jay/sort/install/perception_interface/share/perception_interface/package.ps1'
[3.761s] INFO:colcon.colcon_core.shell:Creating package descriptor '/home/jay/sort/install/perception_interface/share/perception_interface/package.dsv'
[3.761s] INFO:colcon.colcon_core.shell:Creating package script '/home/jay/sort/install/perception_interface/share/perception_interface/package.sh'
[3.761s] INFO:colcon.colcon_core.shell:Creating package script '/home/jay/sort/install/perception_interface/share/perception_interface/package.bash'
[3.762s] INFO:colcon.colcon_core.shell:Creating package script '/home/jay/sort/install/perception_interface/share/perception_interface/package.zsh'
[3.762s] Level 1:colcon.colcon_core.environment:create_file_with_runtime_dependencies(/home/jay/sort/install/perception_interface/share/colcon-core/packages/perception_interface)
[3.762s] DEBUG:colcon.colcon_parallel_executor.executor.parallel:closing loop
[3.762s] DEBUG:colcon.colcon_parallel_executor.executor.parallel:loop closed
[3.762s] DEBUG:colcon.colcon_parallel_executor.executor.parallel:run_until_complete finished with '0'
[3.762s] DEBUG:colcon.colcon_core.event_reactor:joining thread
[3.766s] INFO:colcon.colcon_core.plugin_system:Skipping extension 'colcon_notification.desktop_notification.terminal_notifier': Not used on non-Darwin systems
[3.766s] INFO:colcon.colcon_core.plugin_system:Skipping extension 'colcon_notification.desktop_notification.win32': Not used on non-Windows systems
[3.766s] INFO:colcon.colcon_notification.desktop_notification:Sending desktop notification using 'notify2'
[3.776s] DEBUG:colcon.colcon_core.event_reactor:joined thread
[3.777s] INFO:colcon.colcon_core.shell:Creating prefix script '/home/jay/sort/install/local_setup.ps1'
[3.777s] INFO:colcon.colcon_core.shell:Creating prefix util module '/home/jay/sort/install/_local_setup_util_ps1.py'
[3.778s] INFO:colcon.colcon_core.shell:Creating prefix chain script '/home/jay/sort/install/setup.ps1'
[3.779s] INFO:colcon.colcon_core.shell:Creating prefix script '/home/jay/sort/install/local_setup.sh'
[3.779s] INFO:colcon.colcon_core.shell:Creating prefix util module '/home/jay/sort/install/_local_setup_util_sh.py'
[3.780s] INFO:colcon.colcon_core.shell:Creating prefix chain script '/home/jay/sort/install/setup.sh'
[3.780s] INFO:colcon.colcon_core.shell:Creating prefix script '/home/jay/sort/install/local_setup.bash'
[3.781s] INFO:colcon.colcon_core.shell:Creating prefix chain script '/home/jay/sort/install/setup.bash'
[3.781s] INFO:colcon.colcon_core.shell:Creating prefix script '/home/jay/sort/install/local_setup.zsh'
[3.782s] INFO:colcon.colcon_core.shell:Creating prefix chain script '/home/jay/sort/install/setup.zsh'
