[0.007s] Invoking command in '/home/jay/sort/build/memsort_ros2': CMAKE_PREFIX_PATH=${CMAKE_PREFIX_PATH}:/opt/ros/humble /usr/bin/cmake /home/jay/sort/src/memsort_ros2 -DAMENT_CMAKE_SYMLINK_INSTALL=1 -DCMAKE_INSTALL_PREFIX=/home/jay/sort/install/memsort_ros2
[0.042s] -- The C compiler identification is GNU 11.4.0
[0.077s] -- The CXX compiler identification is GNU 11.4.0
[0.082s] -- Detecting C compiler ABI info
[0.122s] -- Detecting C compiler ABI info - done
[0.127s] -- Check for working C compiler: /usr/bin/cc - skipped
[0.127s] -- Detecting C compile features
[0.127s] -- Detecting C compile features - done
[0.129s] -- Detecting CXX compiler ABI info
[0.177s] -- Detecting CXX compiler ABI info - done
[0.182s] -- Check for working CXX compiler: /usr/bin/c++ - skipped
[0.182s] -- Detecting CXX compile features
[0.182s] -- Detecting CXX compile features - done
[0.184s] -- Found ament_cmake: 1.3.12 (/opt/ros/humble/share/ament_cmake/cmake)
[0.438s] -- Found Python3: /usr/bin/python3 (found version "3.10.12") found components: Interpreter 
[0.480s] -- Override CMake install command with custom implementation using symlinks instead of copying resources
[0.591s] -- Configuring done
[0.593s] -- Generating done
[0.595s] -- Build files have been written to: /home/jay/sort/build/memsort_ros2
[0.597s] Invoked command in '/home/jay/sort/build/memsort_ros2' returned '0': CMAKE_PREFIX_PATH=${CMAKE_PREFIX_PATH}:/opt/ros/humble /usr/bin/cmake /home/jay/sort/src/memsort_ros2 -DAMENT_CMAKE_SYMLINK_INSTALL=1 -DCMAKE_INSTALL_PREFIX=/home/jay/sort/install/memsort_ros2
[0.598s] Invoking command in '/home/jay/sort/build/memsort_ros2': CMAKE_PREFIX_PATH=${CMAKE_PREFIX_PATH}:/opt/ros/humble /usr/bin/cmake --build /home/jay/sort/build/memsort_ros2 -- -j20 -l20
[0.630s] Built target ament_cmake_python_symlink_memsort_ros2_setup
[0.630s] Built target ament_cmake_python_symlink_memsort_ros2
[0.786s] running egg_info
[0.787s] creating memsort_ros2.egg-info
[0.800s] writing memsort_ros2.egg-info/PKG-INFO
[0.800s] writing dependency_links to memsort_ros2.egg-info/dependency_links.txt
[0.800s] writing top-level names to memsort_ros2.egg-info/top_level.txt
[0.800s] writing manifest file 'memsort_ros2.egg-info/SOURCES.txt'
[0.839s] reading manifest file 'memsort_ros2.egg-info/SOURCES.txt'
[0.839s] writing manifest file 'memsort_ros2.egg-info/SOURCES.txt'
[0.857s] Built target ament_cmake_python_build_memsort_ros2_egg
[0.865s] Invoked command in '/home/jay/sort/build/memsort_ros2' returned '0': CMAKE_PREFIX_PATH=${CMAKE_PREFIX_PATH}:/opt/ros/humble /usr/bin/cmake --build /home/jay/sort/build/memsort_ros2 -- -j20 -l20
[0.870s] Invoking command in '/home/jay/sort/build/memsort_ros2': CMAKE_PREFIX_PATH=${CMAKE_PREFIX_PATH}:/opt/ros/humble /usr/bin/cmake --install /home/jay/sort/build/memsort_ros2
[0.874s] -- Install configuration: ""
[0.875s] -- Execute custom install script
[0.875s] -- Symlinking: /home/jay/sort/install/memsort_ros2/share/memsort_ros2/environment/pythonpath.sh
[0.880s] -- Symlinking: /home/jay/sort/install/memsort_ros2/share/memsort_ros2/environment/pythonpath.dsv
[0.885s] -- Symlinking: /home/jay/sort/install/memsort_ros2/local/lib/python3.10/dist-packages/memsort_ros2-0.1.0-py3.10.egg-info/PKG-INFO
[0.890s] -- Symlinking: /home/jay/sort/install/memsort_ros2/local/lib/python3.10/dist-packages/memsort_ros2-0.1.0-py3.10.egg-info/SOURCES.txt
[0.894s] -- Symlinking: /home/jay/sort/install/memsort_ros2/local/lib/python3.10/dist-packages/memsort_ros2-0.1.0-py3.10.egg-info/dependency_links.txt
[0.899s] -- Symlinking: /home/jay/sort/install/memsort_ros2/local/lib/python3.10/dist-packages/memsort_ros2-0.1.0-py3.10.egg-info/top_level.txt
[0.904s] -- Symlinking: /home/jay/sort/install/memsort_ros2/local/lib/python3.10/dist-packages/memsort_ros2/__init__.py
[0.909s] -- Symlinking: /home/jay/sort/install/memsort_ros2/local/lib/python3.10/dist-packages/memsort_ros2/memory_sort_node.py
[0.915s] -- Symlinking: /home/jay/sort/install/memsort_ros2/local/lib/python3.10/dist-packages/memsort_ros2/your_memory_sort_impl.py
[0.920s] -- Symlinking: /home/jay/sort/install/memsort_ros2/lib/memsort_ros2/memory_sort_node
[0.925s] -- Symlinking: /home/jay/sort/install/memsort_ros2/share/ament_index/resource_index/package_run_dependencies/memsort_ros2
[0.930s] -- Symlinking: /home/jay/sort/install/memsort_ros2/share/ament_index/resource_index/parent_prefix_path/memsort_ros2
[0.935s] -- Symlinking: /home/jay/sort/install/memsort_ros2/share/memsort_ros2/environment/ament_prefix_path.sh
[0.939s] -- Symlinking: /home/jay/sort/install/memsort_ros2/share/memsort_ros2/environment/ament_prefix_path.dsv
[0.944s] -- Symlinking: /home/jay/sort/install/memsort_ros2/share/memsort_ros2/environment/path.sh
[0.949s] -- Symlinking: /home/jay/sort/install/memsort_ros2/share/memsort_ros2/environment/path.dsv
[0.954s] -- Symlinking: /home/jay/sort/install/memsort_ros2/share/memsort_ros2/local_setup.bash
[0.958s] -- Symlinking: /home/jay/sort/install/memsort_ros2/share/memsort_ros2/local_setup.sh
[0.963s] -- Symlinking: /home/jay/sort/install/memsort_ros2/share/memsort_ros2/local_setup.zsh
[0.968s] -- Symlinking: /home/jay/sort/install/memsort_ros2/share/memsort_ros2/local_setup.dsv
[0.973s] -- Symlinking: /home/jay/sort/install/memsort_ros2/share/memsort_ros2/package.dsv
[0.978s] -- Symlinking: /home/jay/sort/install/memsort_ros2/share/ament_index/resource_index/packages/memsort_ros2
[0.983s] -- Symlinking: /home/jay/sort/install/memsort_ros2/share/memsort_ros2/cmake/memsort_ros2Config.cmake
[0.988s] -- Symlinking: /home/jay/sort/install/memsort_ros2/share/memsort_ros2/cmake/memsort_ros2Config-version.cmake
[0.993s] -- Symlinking: /home/jay/sort/install/memsort_ros2/share/memsort_ros2/package.xml
[1.023s] Listing '/home/jay/sort/install/memsort_ros2/local/lib/python3.10/dist-packages/memsort_ros2'...
[1.023s] Compiling '/home/jay/sort/install/memsort_ros2/local/lib/python3.10/dist-packages/memsort_ros2/__init__.py'...
[1.023s] Compiling '/home/jay/sort/install/memsort_ros2/local/lib/python3.10/dist-packages/memsort_ros2/memory_sort_node.py'...
[1.023s] Compiling '/home/jay/sort/install/memsort_ros2/local/lib/python3.10/dist-packages/memsort_ros2/your_memory_sort_impl.py'...
[1.027s] Invoked command in '/home/jay/sort/build/memsort_ros2' returned '0': CMAKE_PREFIX_PATH=${CMAKE_PREFIX_PATH}:/opt/ros/humble /usr/bin/cmake --install /home/jay/sort/build/memsort_ros2
