[30.704s] Invoking command in '/home/jay/traversability_ws/build/ugv_self_supervised_traversability': CONDA_PROMPT_MODIFIER=(base) PYTHONPATH=/home/jay/traversability_ws/build/ugv_self_supervised_traversability/prefix_override:/usr/lib/python3/dist-packages/colcon_core/task/python/colcon_distutils_commands:/home/jay/traversability_ws/install/ugv_self_supervised_traversability/lib/python3.10/site-packages:${PYTHONPATH} /usr/bin/python3 -W ignore:setup.py install is deprecated -W ignore:easy_install command is deprecated setup.py develop --editable --build-directory /home/jay/traversability_ws/build/ugv_self_supervised_traversability/build --no-deps symlink_data
[30.832s] /home/jay/.local/lib/python3.10/site-packages/setuptools/_distutils/dist.py:289: UserWarning: Unknown distribution option: 'tests_require'
[30.832s]   warnings.warn(msg)
[31.011s] running develop
[31.235s] running egg_info
[31.253s] creating ugv_self_supervised_traversability.egg-info
[31.253s] writing ugv_self_supervised_traversability.egg-info/PKG-INFO
[31.254s] writing dependency_links to ugv_self_supervised_traversability.egg-info/dependency_links.txt
[31.254s] writing entry points to ugv_self_supervised_traversability.egg-info/entry_points.txt
[31.254s] writing requirements to ugv_self_supervised_traversability.egg-info/requires.txt
[31.254s] writing top-level names to ugv_self_supervised_traversability.egg-info/top_level.txt
[31.254s] writing manifest file 'ugv_self_supervised_traversability.egg-info/SOURCES.txt'
[31.296s] reading manifest file 'ugv_self_supervised_traversability.egg-info/SOURCES.txt'
[31.297s] writing manifest file 'ugv_self_supervised_traversability.egg-info/SOURCES.txt'
[31.315s] running build_ext
[31.315s] Creating /home/jay/traversability_ws/install/ugv_self_supervised_traversability/lib/python3.10/site-packages/ugv-self-supervised-traversability.egg-link (link to .)
[31.315s] Installing footprint_generator script to /home/jay/traversability_ws/install/ugv_self_supervised_traversability/lib/ugv_self_supervised_traversability
[31.315s] Installing label_visualizer script to /home/jay/traversability_ws/install/ugv_self_supervised_traversability/lib/ugv_self_supervised_traversability
[31.315s] Installing trajectory_recorder script to /home/jay/traversability_ws/install/ugv_self_supervised_traversability/lib/ugv_self_supervised_traversability
[31.316s] Installing traversability_labeler script to /home/jay/traversability_ws/install/ugv_self_supervised_traversability/lib/ugv_self_supervised_traversability
[31.316s] 
[31.316s] Installed /home/jay/traversability_ws/build/ugv_self_supervised_traversability
[31.316s] running symlink_data
[31.316s] creating /home/jay/traversability_ws/install/ugv_self_supervised_traversability/share/ament_index/resource_index/packages
[31.316s] symbolically linking /home/jay/traversability_ws/build/ugv_self_supervised_traversability/resource/ugv_self_supervised_traversability -> /home/jay/traversability_ws/install/ugv_self_supervised_traversability/share/ament_index/resource_index/packages
[31.316s] symbolically linking /home/jay/traversability_ws/build/ugv_self_supervised_traversability/package.xml -> /home/jay/traversability_ws/install/ugv_self_supervised_traversability/share/ugv_self_supervised_traversability
[31.316s] creating /home/jay/traversability_ws/install/ugv_self_supervised_traversability/share/ugv_self_supervised_traversability/launch
[31.316s] symbolically linking /home/jay/traversability_ws/build/ugv_self_supervised_traversability/launch/traversability_labeling.launch.py -> /home/jay/traversability_ws/install/ugv_self_supervised_traversability/share/ugv_self_supervised_traversability/launch
[31.317s] creating /home/jay/traversability_ws/install/ugv_self_supervised_traversability/share/ugv_self_supervised_traversability/config
[31.317s] symbolically linking /home/jay/traversability_ws/build/ugv_self_supervised_traversability/config/traversability.yaml -> /home/jay/traversability_ws/install/ugv_self_supervised_traversability/share/ugv_self_supervised_traversability/config
[31.339s] Invoked command in '/home/jay/traversability_ws/build/ugv_self_supervised_traversability' returned '0': CONDA_PROMPT_MODIFIER=(base) PYTHONPATH=/home/jay/traversability_ws/build/ugv_self_supervised_traversability/prefix_override:/usr/lib/python3/dist-packages/colcon_core/task/python/colcon_distutils_commands:/home/jay/traversability_ws/install/ugv_self_supervised_traversability/lib/python3.10/site-packages:${PYTHONPATH} /usr/bin/python3 -W ignore:setup.py install is deprecated -W ignore:easy_install command is deprecated setup.py develop --editable --build-directory /home/jay/traversability_ws/build/ugv_self_supervised_traversability/build --no-deps symlink_data
