[0.006s] Invoking command in '/home/jay/sort/build/perception_interface': CMAKE_PREFIX_PATH=${CMAKE_PREFIX_PATH}:/opt/ros/humble /usr/bin/cmake /home/jay/sort/src/perception_interface -DAMENT_CMAKE_SYMLINK_INSTALL=1 -DCMAKE_INSTALL_PREFIX=/home/jay/sort/install/perception_interface
[0.039s] -- The C compiler identification is GNU 11.4.0
[0.074s] -- The CXX compiler identification is GNU 11.4.0
[0.078s] -- Detecting C compiler ABI info
[0.118s] -- Detecting C compiler ABI info - done
[0.123s] -- Check for working C compiler: /usr/bin/cc - skipped
[0.123s] -- Detecting C compile features
[0.123s] -- Detecting C compile features - done
[0.126s] -- Detecting CXX compiler ABI info
[0.173s] -- Detecting CXX compiler ABI info - done
[0.178s] -- Check for working CXX compiler: /usr/bin/c++ - skipped
[0.179s] -- Detecting CXX compile features
[0.179s] -- Detecting CXX compile features - done
[0.180s] -- Found ament_cmake: 1.3.12 (/opt/ros/humble/share/ament_cmake/cmake)
[0.432s] -- Found Python3: /usr/bin/python3 (found version "3.10.12") found components: Interpreter 
[0.474s] -- Override CMake install command with custom implementation using symlinks instead of copying resources
[0.489s] -- Found std_msgs: 4.9.0 (/opt/ros/humble/share/std_msgs/cmake)
[0.509s] -- Found rosidl_generator_c: 3.1.7 (/opt/ros/humble/share/rosidl_generator_c/cmake)
[0.512s] -- Found rosidl_adapter: 3.1.7 (/opt/ros/humble/share/rosidl_adapter/cmake)
[0.518s] -- Found rosidl_generator_cpp: 3.1.7 (/opt/ros/humble/share/rosidl_generator_cpp/cmake)
[0.525s] -- Using all available rosidl_typesupport_c: rosidl_typesupport_fastrtps_c;rosidl_typesupport_introspection_c
[0.536s] -- Using all available rosidl_typesupport_cpp: rosidl_typesupport_fastrtps_cpp;rosidl_typesupport_introspection_cpp
[0.554s] -- Found geometry_msgs: 4.9.0 (/opt/ros/humble/share/geometry_msgs/cmake)
[0.563s] -- Found sensor_msgs: 4.9.0 (/opt/ros/humble/share/sensor_msgs/cmake)
[0.576s] -- Found rosidl_default_generators: 1.2.0 (/opt/ros/humble/share/rosidl_default_generators/cmake)
[0.791s] -- Found ament_cmake_ros: 0.10.0 (/opt/ros/humble/share/ament_cmake_ros/cmake)
[1.117s] -- Using all available rosidl_typesupport_c: rosidl_typesupport_fastrtps_c;rosidl_typesupport_introspection_c
[1.244s] -- Using all available rosidl_typesupport_cpp: rosidl_typesupport_fastrtps_cpp;rosidl_typesupport_introspection_cpp
[1.260s] -- Found PythonInterp: /usr/bin/python3 (found suitable version "3.10.12", minimum required is "3.6") 
[1.260s] -- Found python_cmake_module: 0.10.0 (/opt/ros/humble/share/python_cmake_module/cmake)
[1.277s] -- Found PythonLibs: /usr/lib/x86_64-linux-gnu/libpython3.10.so (found suitable version "3.10.12", minimum required is "3.5") 
[1.277s] -- Using PYTHON_EXECUTABLE: /usr/bin/python3
[1.277s] -- Using PYTHON_INCLUDE_DIRS: /usr/include/python3.10
[1.277s] -- Using PYTHON_LIBRARIES: /usr/lib/x86_64-linux-gnu/libpython3.10.so
[1.291s] -- Found PythonExtra: .so  
[1.341s] -- Found ament_lint_auto: 0.12.14 (/opt/ros/humble/share/ament_lint_auto/cmake)
[1.353s] -- Added test 'cppcheck' to perform static code analysis on C / C++ code
[1.354s] -- Configured cppcheck include dirs: 
[1.354s] -- Configured cppcheck exclude dirs and/or files: 
[1.354s] -- Added test 'lint_cmake' to check CMake code style
[1.355s] -- Added test 'uncrustify' to check C / C++ code style
[1.355s] -- Configured uncrustify additional arguments: 
[1.355s] -- Added test 'xmllint' to check XML markup files
[1.357s] -- Configuring done
[1.381s] -- Generating done
[1.390s] -- Build files have been written to: /home/jay/sort/build/perception_interface
[1.395s] Invoked command in '/home/jay/sort/build/perception_interface' returned '0': CMAKE_PREFIX_PATH=${CMAKE_PREFIX_PATH}:/opt/ros/humble /usr/bin/cmake /home/jay/sort/src/perception_interface -DAMENT_CMAKE_SYMLINK_INSTALL=1 -DCMAKE_INSTALL_PREFIX=/home/jay/sort/install/perception_interface
[1.396s] Invoking command in '/home/jay/sort/build/perception_interface': CMAKE_PREFIX_PATH=${CMAKE_PREFIX_PATH}:/opt/ros/humble /usr/bin/cmake --build /home/jay/sort/build/perception_interface -- -j20 -l20
[1.419s] [  2%] [34m[1mGenerating C code for ROS interfaces[0m
[1.425s] [  5%] [34m[1mGenerating C++ code for ROS interfaces[0m
[1.430s] [  5%] Built target ament_cmake_python_symlink_perception_interface
[1.587s] running egg_info
[1.587s] creating perception_interface.egg-info
[1.600s] writing perception_interface.egg-info/PKG-INFO
[1.600s] writing dependency_links to perception_interface.egg-info/dependency_links.txt
[1.601s] writing top-level names to perception_interface.egg-info/top_level.txt
[1.601s] writing manifest file 'perception_interface.egg-info/SOURCES.txt'
[1.640s] reading manifest file 'perception_interface.egg-info/SOURCES.txt'
[1.641s] writing manifest file 'perception_interface.egg-info/SOURCES.txt'
[1.658s] [  5%] Built target ament_cmake_python_build_perception_interface_egg
[1.678s] [  5%] Built target perception_interface__cpp
[1.679s] [  7%] [32mBuilding C object CMakeFiles/perception_interface__rosidl_generator_c.dir/rosidl_generator_c/perception_interface/msg/detail/detection_array__functions.c.o[0m
[1.679s] [ 10%] [32mBuilding C object CMakeFiles/perception_interface__rosidl_generator_c.dir/rosidl_generator_c/perception_interface/msg/detail/detection_result__functions.c.o[0m
[1.684s] [ 12%] [34m[1mGenerating C++ type support dispatch for ROS interfaces[0m
[1.684s] [ 15%] [34m[1mGenerating C++ type support for eProsima Fast-RTPS[0m
[1.684s] [ 17%] [34m[1mGenerating C++ introspection for ROS interfaces[0m
[1.712s] [ 20%] [32m[1mLinking C shared library libperception_interface__rosidl_generator_c.so[0m
[1.736s] [ 20%] Built target perception_interface__rosidl_generator_c
[1.742s] [ 28%] [34m[1mGenerating C type support dispatch for ROS interfaces[0m
[1.742s] [ 28%] [34m[1mGenerating C type support for eProsima Fast-RTPS[0m
[1.742s] [ 28%] [34m[1mGenerating C introspection for ROS interfaces[0m
[1.920s] [ 33%] [32mBuilding CXX object CMakeFiles/perception_interface__rosidl_typesupport_introspection_cpp.dir/rosidl_typesupport_introspection_cpp/perception_interface/msg/detail/detection_result__type_support.cpp.o[0m
[1.920s] [ 33%] [32mBuilding CXX object CMakeFiles/perception_interface__rosidl_typesupport_introspection_cpp.dir/rosidl_typesupport_introspection_cpp/perception_interface/msg/detail/detection_array__type_support.cpp.o[0m
[1.920s] [ 35%] [32mBuilding CXX object CMakeFiles/perception_interface__rosidl_typesupport_cpp.dir/rosidl_typesupport_cpp/perception_interface/msg/detection_result__type_support.cpp.o[0m
[1.920s] [ 38%] [32mBuilding CXX object CMakeFiles/perception_interface__rosidl_typesupport_cpp.dir/rosidl_typesupport_cpp/perception_interface/msg/detection_array__type_support.cpp.o[0m
[1.932s] [ 43%] [32mBuilding CXX object CMakeFiles/perception_interface__rosidl_typesupport_fastrtps_cpp.dir/rosidl_typesupport_fastrtps_cpp/perception_interface/msg/detail/dds_fastrtps/detection_array__type_support.cpp.o[0m
[1.932s] [ 43%] [32mBuilding CXX object CMakeFiles/perception_interface__rosidl_typesupport_fastrtps_cpp.dir/rosidl_typesupport_fastrtps_cpp/perception_interface/msg/detail/dds_fastrtps/detection_result__type_support.cpp.o[0m
[1.959s] [ 48%] [32mBuilding CXX object CMakeFiles/perception_interface__rosidl_typesupport_c.dir/rosidl_typesupport_c/perception_interface/msg/detection_result__type_support.cpp.o[0m
[1.959s] [ 48%] [32mBuilding CXX object CMakeFiles/perception_interface__rosidl_typesupport_c.dir/rosidl_typesupport_c/perception_interface/msg/detection_array__type_support.cpp.o[0m
[1.979s] [ 51%] [32m[1mLinking CXX shared library libperception_interface__rosidl_typesupport_c.so[0m
[1.990s] [ 58%] [32mBuilding C object CMakeFiles/perception_interface__rosidl_typesupport_introspection_c.dir/rosidl_typesupport_introspection_c/perception_interface/msg/detail/detection_result__type_support.c.o[0m
[1.990s] [ 58%] [32mBuilding CXX object CMakeFiles/perception_interface__rosidl_typesupport_fastrtps_c.dir/rosidl_typesupport_fastrtps_c/perception_interface/msg/detail/detection_array__type_support_c.cpp.o[0m
[1.990s] [ 58%] [32mBuilding C object CMakeFiles/perception_interface__rosidl_typesupport_introspection_c.dir/rosidl_typesupport_introspection_c/perception_interface/msg/detail/detection_array__type_support.c.o[0m
[1.992s] [ 61%] [32mBuilding CXX object CMakeFiles/perception_interface__rosidl_typesupport_fastrtps_c.dir/rosidl_typesupport_fastrtps_c/perception_interface/msg/detail/detection_result__type_support_c.cpp.o[0m
[2.006s] [ 61%] Built target perception_interface__rosidl_typesupport_c
[2.016s] [ 64%] [32m[1mLinking C shared library libperception_interface__rosidl_typesupport_introspection_c.so[0m
[2.037s] [ 64%] Built target perception_interface__rosidl_typesupport_introspection_c
[2.106s] [ 66%] [32m[1mLinking CXX shared library libperception_interface__rosidl_typesupport_cpp.so[0m
[2.134s] [ 66%] Built target perception_interface__rosidl_typesupport_cpp
[2.259s] [ 69%] [32m[1mLinking CXX shared library libperception_interface__rosidl_typesupport_fastrtps_c.so[0m
[2.273s] [ 71%] [32m[1mLinking CXX shared library libperception_interface__rosidl_typesupport_fastrtps_cpp.so[0m
[2.303s] [ 74%] [32m[1mLinking CXX shared library libperception_interface__rosidl_typesupport_introspection_cpp.so[0m
[2.304s] [ 74%] Built target perception_interface__rosidl_typesupport_fastrtps_c
[2.322s] [ 74%] Built target perception_interface__rosidl_typesupport_fastrtps_cpp
[2.348s] [ 74%] Built target perception_interface__rosidl_typesupport_introspection_cpp
[2.359s] [ 74%] Built target perception_interface
[2.370s] [ 76%] [34m[1mGenerating Python code for ROS interfaces[0m
[2.783s] [ 76%] Built target perception_interface__py
[2.797s] [ 82%] [32mBuilding C object CMakeFiles/perception_interface__rosidl_generator_py.dir/rosidl_generator_py/perception_interface/msg/_detection_array_s.c.o[0m
[2.797s] [ 82%] [32mBuilding C object CMakeFiles/perception_interface__rosidl_generator_py.dir/rosidl_generator_py/perception_interface/msg/_detection_result_s.c.o[0m
[2.870s] [ 84%] [32m[1mLinking C shared library rosidl_generator_py/perception_interface/libperception_interface__rosidl_generator_py.so[0m
[2.899s] [ 84%] Built target perception_interface__rosidl_generator_py
[2.912s] [ 92%] [32mBuilding C object CMakeFiles/perception_interface__rosidl_typesupport_fastrtps_c__pyext.dir/rosidl_generator_py/perception_interface/_perception_interface_s.ep.rosidl_typesupport_fastrtps_c.c.o[0m
[2.913s] [ 92%] [32mBuilding C object CMakeFiles/perception_interface__rosidl_typesupport_c__pyext.dir/rosidl_generator_py/perception_interface/_perception_interface_s.ep.rosidl_typesupport_c.c.o[0m
[2.913s] [ 92%] [32mBuilding C object CMakeFiles/perception_interface__rosidl_typesupport_introspection_c__pyext.dir/rosidl_generator_py/perception_interface/_perception_interface_s.ep.rosidl_typesupport_introspection_c.c.o[0m
[2.981s] [ 97%] [32m[1mLinking C shared library rosidl_generator_py/perception_interface/perception_interface_s__rosidl_typesupport_c.cpython-310-x86_64-linux-gnu.so[0m
[2.981s] [ 97%] [32m[1mLinking C shared library rosidl_generator_py/perception_interface/perception_interface_s__rosidl_typesupport_fastrtps_c.cpython-310-x86_64-linux-gnu.so[0m
[3.008s] [100%] [32m[1mLinking C shared library rosidl_generator_py/perception_interface/perception_interface_s__rosidl_typesupport_introspection_c.cpython-310-x86_64-linux-gnu.so[0m
[3.009s] [100%] Built target perception_interface__rosidl_typesupport_fastrtps_c__pyext
[3.011s] [100%] Built target perception_interface__rosidl_typesupport_c__pyext
[3.037s] [100%] Built target perception_interface__rosidl_typesupport_introspection_c__pyext
[3.044s] Invoked command in '/home/jay/sort/build/perception_interface' returned '0': CMAKE_PREFIX_PATH=${CMAKE_PREFIX_PATH}:/opt/ros/humble /usr/bin/cmake --build /home/jay/sort/build/perception_interface -- -j20 -l20
[3.046s] Invoking command in '/home/jay/sort/build/perception_interface': CMAKE_PREFIX_PATH=${CMAKE_PREFIX_PATH}:/opt/ros/humble /usr/bin/cmake --install /home/jay/sort/build/perception_interface
[3.051s] -- Install configuration: ""
[3.051s] -- Execute custom install script
[3.051s] -- Symlinking: /home/jay/sort/install/perception_interface/share/ament_index/resource_index/rosidl_interfaces/perception_interface
[3.058s] -- Symlinking: /home/jay/sort/install/perception_interface/include/perception_interface/perception_interface/msg/detail/detection_array__functions.h
[3.063s] -- Symlinking: /home/jay/sort/install/perception_interface/include/perception_interface/perception_interface/msg/detail/detection_array__struct.h
[3.069s] -- Symlinking: /home/jay/sort/install/perception_interface/include/perception_interface/perception_interface/msg/detail/detection_array__type_support.h
[3.075s] -- Symlinking: /home/jay/sort/install/perception_interface/include/perception_interface/perception_interface/msg/detail/detection_result__functions.h
[3.081s] -- Symlinking: /home/jay/sort/install/perception_interface/include/perception_interface/perception_interface/msg/detail/detection_result__struct.h
[3.086s] -- Symlinking: /home/jay/sort/install/perception_interface/include/perception_interface/perception_interface/msg/detail/detection_result__type_support.h
[3.092s] -- Symlinking: /home/jay/sort/install/perception_interface/include/perception_interface/perception_interface/msg/detection_array.h
[3.098s] -- Symlinking: /home/jay/sort/install/perception_interface/include/perception_interface/perception_interface/msg/detection_result.h
[3.104s] -- Symlinking: /home/jay/sort/install/perception_interface/include/perception_interface/perception_interface/msg/rosidl_generator_c__visibility_control.h
[3.110s] -- Symlinking: /home/jay/sort/install/perception_interface/share/perception_interface/environment/library_path.sh
[3.116s] -- Symlinking: /home/jay/sort/install/perception_interface/share/perception_interface/environment/library_path.dsv
[3.122s] -- Symlinking: /home/jay/sort/install/perception_interface/include/perception_interface/perception_interface/msg/detail/detection_array__rosidl_typesupport_fastrtps_c.h
[3.128s] -- Symlinking: /home/jay/sort/install/perception_interface/include/perception_interface/perception_interface/msg/detail/detection_result__rosidl_typesupport_fastrtps_c.h
[3.134s] -- Symlinking: /home/jay/sort/install/perception_interface/include/perception_interface/perception_interface/msg/rosidl_typesupport_fastrtps_c__visibility_control.h
[3.140s] -- Symlinking: /home/jay/sort/install/perception_interface/include/perception_interface/perception_interface/msg/detail/detection_array__builder.hpp
[3.146s] -- Symlinking: /home/jay/sort/install/perception_interface/include/perception_interface/perception_interface/msg/detail/detection_array__struct.hpp
[3.152s] -- Symlinking: /home/jay/sort/install/perception_interface/include/perception_interface/perception_interface/msg/detail/detection_array__traits.hpp
[3.158s] -- Symlinking: /home/jay/sort/install/perception_interface/include/perception_interface/perception_interface/msg/detail/detection_array__type_support.hpp
[3.164s] -- Symlinking: /home/jay/sort/install/perception_interface/include/perception_interface/perception_interface/msg/detail/detection_result__builder.hpp
[3.170s] -- Symlinking: /home/jay/sort/install/perception_interface/include/perception_interface/perception_interface/msg/detail/detection_result__struct.hpp
[3.176s] -- Symlinking: /home/jay/sort/install/perception_interface/include/perception_interface/perception_interface/msg/detail/detection_result__traits.hpp
[3.182s] -- Symlinking: /home/jay/sort/install/perception_interface/include/perception_interface/perception_interface/msg/detail/detection_result__type_support.hpp
[3.188s] -- Symlinking: /home/jay/sort/install/perception_interface/include/perception_interface/perception_interface/msg/detection_array.hpp
[3.194s] -- Symlinking: /home/jay/sort/install/perception_interface/include/perception_interface/perception_interface/msg/detection_result.hpp
[3.200s] -- Symlinking: /home/jay/sort/install/perception_interface/include/perception_interface/perception_interface/msg/rosidl_generator_cpp__visibility_control.hpp
[3.207s] -- Symlinking: /home/jay/sort/install/perception_interface/include/perception_interface/perception_interface/msg/detail/detection_array__rosidl_typesupport_fastrtps_cpp.hpp
[3.213s] -- Symlinking: /home/jay/sort/install/perception_interface/include/perception_interface/perception_interface/msg/detail/detection_result__rosidl_typesupport_fastrtps_cpp.hpp
[3.219s] -- Symlinking: /home/jay/sort/install/perception_interface/include/perception_interface/perception_interface/msg/rosidl_typesupport_fastrtps_cpp__visibility_control.h
[3.225s] -- Symlinking: /home/jay/sort/install/perception_interface/include/perception_interface/perception_interface/msg/detail/detection_array__rosidl_typesupport_introspection_c.h
[3.231s] -- Symlinking: /home/jay/sort/install/perception_interface/include/perception_interface/perception_interface/msg/detail/detection_result__rosidl_typesupport_introspection_c.h
[3.238s] -- Symlinking: /home/jay/sort/install/perception_interface/include/perception_interface/perception_interface/msg/rosidl_typesupport_introspection_c__visibility_control.h
[3.244s] -- Symlinking: /home/jay/sort/install/perception_interface/include/perception_interface/perception_interface/msg/detail/detection_array__rosidl_typesupport_introspection_cpp.hpp
[3.250s] -- Symlinking: /home/jay/sort/install/perception_interface/include/perception_interface/perception_interface/msg/detail/detection_result__rosidl_typesupport_introspection_cpp.hpp
[3.256s] -- Symlinking: /home/jay/sort/install/perception_interface/share/perception_interface/environment/pythonpath.sh
[3.263s] -- Symlinking: /home/jay/sort/install/perception_interface/share/perception_interface/environment/pythonpath.dsv
[3.269s] -- Symlinking: /home/jay/sort/install/perception_interface/local/lib/python3.10/dist-packages/perception_interface-0.0.0-py3.10.egg-info/PKG-INFO
[3.276s] -- Symlinking: /home/jay/sort/install/perception_interface/local/lib/python3.10/dist-packages/perception_interface-0.0.0-py3.10.egg-info/SOURCES.txt
[3.282s] -- Symlinking: /home/jay/sort/install/perception_interface/local/lib/python3.10/dist-packages/perception_interface-0.0.0-py3.10.egg-info/dependency_links.txt
[3.288s] -- Symlinking: /home/jay/sort/install/perception_interface/local/lib/python3.10/dist-packages/perception_interface-0.0.0-py3.10.egg-info/top_level.txt
[3.295s] -- Symlinking: /home/jay/sort/install/perception_interface/local/lib/python3.10/dist-packages/perception_interface/__init__.py
[3.302s] -- Symlinking: /home/jay/sort/install/perception_interface/local/lib/python3.10/dist-packages/perception_interface/_perception_interface_s.ep.rosidl_typesupport_c.c
[3.308s] -- Symlinking: /home/jay/sort/install/perception_interface/local/lib/python3.10/dist-packages/perception_interface/_perception_interface_s.ep.rosidl_typesupport_fastrtps_c.c
[3.314s] -- Symlinking: /home/jay/sort/install/perception_interface/local/lib/python3.10/dist-packages/perception_interface/_perception_interface_s.ep.rosidl_typesupport_introspection_c.c
[3.321s] -- Symlinking: /home/jay/sort/install/perception_interface/local/lib/python3.10/dist-packages/perception_interface/libperception_interface__rosidl_generator_py.so
[3.327s] -- Symlinking: /home/jay/sort/install/perception_interface/local/lib/python3.10/dist-packages/perception_interface/msg/__init__.py
[3.333s] -- Symlinking: /home/jay/sort/install/perception_interface/local/lib/python3.10/dist-packages/perception_interface/msg/_detection_array.py
[3.339s] -- Symlinking: /home/jay/sort/install/perception_interface/local/lib/python3.10/dist-packages/perception_interface/msg/_detection_array_s.c
[3.346s] -- Symlinking: /home/jay/sort/install/perception_interface/local/lib/python3.10/dist-packages/perception_interface/msg/_detection_result.py
[3.352s] -- Symlinking: /home/jay/sort/install/perception_interface/local/lib/python3.10/dist-packages/perception_interface/msg/_detection_result_s.c
[3.359s] -- Symlinking: /home/jay/sort/install/perception_interface/local/lib/python3.10/dist-packages/perception_interface/perception_interface_s__rosidl_typesupport_c.cpython-310-x86_64-linux-gnu.so
[3.365s] -- Symlinking: /home/jay/sort/install/perception_interface/local/lib/python3.10/dist-packages/perception_interface/perception_interface_s__rosidl_typesupport_fastrtps_c.cpython-310-x86_64-linux-gnu.so
[3.371s] -- Symlinking: /home/jay/sort/install/perception_interface/local/lib/python3.10/dist-packages/perception_interface/perception_interface_s__rosidl_typesupport_introspection_c.cpython-310-x86_64-linux-gnu.so
[3.378s] -- Up-to-date symlink: /home/jay/sort/install/perception_interface/local/lib/python3.10/dist-packages/perception_interface/perception_interface_s__rosidl_typesupport_fastrtps_c.cpython-310-x86_64-linux-gnu.so
[3.378s] -- Up-to-date symlink: /home/jay/sort/install/perception_interface/local/lib/python3.10/dist-packages/perception_interface/perception_interface_s__rosidl_typesupport_introspection_c.cpython-310-x86_64-linux-gnu.so
[3.378s] -- Up-to-date symlink: /home/jay/sort/install/perception_interface/local/lib/python3.10/dist-packages/perception_interface/perception_interface_s__rosidl_typesupport_c.cpython-310-x86_64-linux-gnu.so
[3.379s] -- Symlinking: /home/jay/sort/install/perception_interface/share/perception_interface/msg/DetectionResult.idl
[3.385s] -- Symlinking: /home/jay/sort/install/perception_interface/share/perception_interface/msg/DetectionArray.idl
[3.391s] -- Symlinking: /home/jay/sort/install/perception_interface/share/perception_interface/msg/DetectionResult.msg
[3.398s] -- Symlinking: /home/jay/sort/install/perception_interface/share/perception_interface/msg/DetectionArray.msg
[3.404s] -- Symlinking: /home/jay/sort/install/perception_interface/share/ament_index/resource_index/package_run_dependencies/perception_interface
[3.411s] -- Symlinking: /home/jay/sort/install/perception_interface/share/ament_index/resource_index/parent_prefix_path/perception_interface
[3.417s] -- Symlinking: /home/jay/sort/install/perception_interface/share/perception_interface/environment/ament_prefix_path.sh
[3.423s] -- Symlinking: /home/jay/sort/install/perception_interface/share/perception_interface/environment/ament_prefix_path.dsv
[3.430s] -- Symlinking: /home/jay/sort/install/perception_interface/share/perception_interface/environment/path.sh
[3.436s] -- Symlinking: /home/jay/sort/install/perception_interface/share/perception_interface/environment/path.dsv
[3.442s] -- Symlinking: /home/jay/sort/install/perception_interface/share/perception_interface/local_setup.bash
[3.448s] -- Symlinking: /home/jay/sort/install/perception_interface/share/perception_interface/local_setup.sh
[3.454s] -- Symlinking: /home/jay/sort/install/perception_interface/share/perception_interface/local_setup.zsh
[3.460s] -- Symlinking: /home/jay/sort/install/perception_interface/share/perception_interface/local_setup.dsv
[3.466s] -- Symlinking: /home/jay/sort/install/perception_interface/share/perception_interface/package.dsv
[3.472s] -- Symlinking: /home/jay/sort/install/perception_interface/share/ament_index/resource_index/packages/perception_interface
[3.478s] -- Symlinking: /home/jay/sort/install/perception_interface/share/perception_interface/cmake/rosidl_cmake-extras.cmake
[3.484s] -- Symlinking: /home/jay/sort/install/perception_interface/share/perception_interface/cmake/ament_cmake_export_dependencies-extras.cmake
[3.490s] -- Symlinking: /home/jay/sort/install/perception_interface/share/perception_interface/cmake/ament_cmake_export_include_directories-extras.cmake
[3.496s] -- Symlinking: /home/jay/sort/install/perception_interface/share/perception_interface/cmake/ament_cmake_export_libraries-extras.cmake
[3.503s] -- Symlinking: /home/jay/sort/install/perception_interface/share/perception_interface/cmake/ament_cmake_export_targets-extras.cmake
[3.509s] -- Symlinking: /home/jay/sort/install/perception_interface/share/perception_interface/cmake/rosidl_cmake_export_typesupport_targets-extras.cmake
[3.515s] -- Symlinking: /home/jay/sort/install/perception_interface/share/perception_interface/cmake/rosidl_cmake_export_typesupport_libraries-extras.cmake
[3.521s] -- Symlinking: /home/jay/sort/install/perception_interface/share/perception_interface/cmake/perception_interfaceConfig.cmake
[3.528s] -- Symlinking: /home/jay/sort/install/perception_interface/share/perception_interface/cmake/perception_interfaceConfig-version.cmake
[3.534s] -- Symlinking: /home/jay/sort/install/perception_interface/share/perception_interface/package.xml
[3.541s] -- Installing: /home/jay/sort/install/perception_interface/lib/libperception_interface__rosidl_generator_c.so
[3.541s] -- Set runtime path of "/home/jay/sort/install/perception_interface/lib/libperception_interface__rosidl_generator_c.so" to ""
[3.541s] -- Installing: /home/jay/sort/install/perception_interface/lib/libperception_interface__rosidl_typesupport_fastrtps_c.so
[3.541s] -- Set runtime path of "/home/jay/sort/install/perception_interface/lib/libperception_interface__rosidl_typesupport_fastrtps_c.so" to ""
[3.541s] -- Installing: /home/jay/sort/install/perception_interface/lib/libperception_interface__rosidl_typesupport_fastrtps_cpp.so
[3.542s] -- Set runtime path of "/home/jay/sort/install/perception_interface/lib/libperception_interface__rosidl_typesupport_fastrtps_cpp.so" to ""
[3.542s] -- Installing: /home/jay/sort/install/perception_interface/lib/libperception_interface__rosidl_typesupport_introspection_c.so
[3.542s] -- Set runtime path of "/home/jay/sort/install/perception_interface/lib/libperception_interface__rosidl_typesupport_introspection_c.so" to ""
[3.542s] -- Installing: /home/jay/sort/install/perception_interface/lib/libperception_interface__rosidl_typesupport_c.so
[3.542s] -- Set runtime path of "/home/jay/sort/install/perception_interface/lib/libperception_interface__rosidl_typesupport_c.so" to ""
[3.542s] -- Installing: /home/jay/sort/install/perception_interface/lib/libperception_interface__rosidl_typesupport_introspection_cpp.so
[3.543s] -- Set runtime path of "/home/jay/sort/install/perception_interface/lib/libperception_interface__rosidl_typesupport_introspection_cpp.so" to ""
[3.543s] -- Installing: /home/jay/sort/install/perception_interface/lib/libperception_interface__rosidl_typesupport_cpp.so
[3.543s] -- Set runtime path of "/home/jay/sort/install/perception_interface/lib/libperception_interface__rosidl_typesupport_cpp.so" to ""
[3.569s] Listing '/home/jay/sort/install/perception_interface/local/lib/python3.10/dist-packages/perception_interface'...
[3.569s] Compiling '/home/jay/sort/install/perception_interface/local/lib/python3.10/dist-packages/perception_interface/__init__.py'...
[3.569s] Listing '/home/jay/sort/install/perception_interface/local/lib/python3.10/dist-packages/perception_interface/msg'...
[3.569s] Compiling '/home/jay/sort/install/perception_interface/local/lib/python3.10/dist-packages/perception_interface/msg/__init__.py'...
[3.569s] Compiling '/home/jay/sort/install/perception_interface/local/lib/python3.10/dist-packages/perception_interface/msg/_detection_array.py'...
[3.569s] Compiling '/home/jay/sort/install/perception_interface/local/lib/python3.10/dist-packages/perception_interface/msg/_detection_result.py'...
[3.573s] -- Installing: /home/jay/sort/install/perception_interface/lib/libperception_interface__rosidl_generator_py.so
[3.573s] -- Set runtime path of "/home/jay/sort/install/perception_interface/lib/libperception_interface__rosidl_generator_py.so" to ""
[3.573s] -- Installing: /home/jay/sort/install/perception_interface/share/perception_interface/cmake/export_perception_interface__rosidl_generator_cExport.cmake
[3.573s] -- Installing: /home/jay/sort/install/perception_interface/share/perception_interface/cmake/export_perception_interface__rosidl_generator_cExport-noconfig.cmake
[3.573s] -- Installing: /home/jay/sort/install/perception_interface/share/perception_interface/cmake/export_perception_interface__rosidl_typesupport_fastrtps_cExport.cmake
[3.573s] -- Installing: /home/jay/sort/install/perception_interface/share/perception_interface/cmake/export_perception_interface__rosidl_typesupport_fastrtps_cExport-noconfig.cmake
[3.574s] -- Installing: /home/jay/sort/install/perception_interface/share/perception_interface/cmake/export_perception_interface__rosidl_generator_cppExport.cmake
[3.574s] -- Installing: /home/jay/sort/install/perception_interface/share/perception_interface/cmake/export_perception_interface__rosidl_typesupport_fastrtps_cppExport.cmake
[3.574s] -- Installing: /home/jay/sort/install/perception_interface/share/perception_interface/cmake/export_perception_interface__rosidl_typesupport_fastrtps_cppExport-noconfig.cmake
[3.574s] -- Installing: /home/jay/sort/install/perception_interface/share/perception_interface/cmake/perception_interface__rosidl_typesupport_introspection_cExport.cmake
[3.574s] -- Installing: /home/jay/sort/install/perception_interface/share/perception_interface/cmake/perception_interface__rosidl_typesupport_introspection_cExport-noconfig.cmake
[3.574s] -- Installing: /home/jay/sort/install/perception_interface/share/perception_interface/cmake/perception_interface__rosidl_typesupport_cExport.cmake
[3.574s] -- Installing: /home/jay/sort/install/perception_interface/share/perception_interface/cmake/perception_interface__rosidl_typesupport_cExport-noconfig.cmake
[3.574s] -- Installing: /home/jay/sort/install/perception_interface/share/perception_interface/cmake/perception_interface__rosidl_typesupport_introspection_cppExport.cmake
[3.575s] -- Installing: /home/jay/sort/install/perception_interface/share/perception_interface/cmake/perception_interface__rosidl_typesupport_introspection_cppExport-noconfig.cmake
[3.575s] -- Installing: /home/jay/sort/install/perception_interface/share/perception_interface/cmake/perception_interface__rosidl_typesupport_cppExport.cmake
[3.575s] -- Installing: /home/jay/sort/install/perception_interface/share/perception_interface/cmake/perception_interface__rosidl_typesupport_cppExport-noconfig.cmake
[3.575s] -- Installing: /home/jay/sort/install/perception_interface/share/perception_interface/cmake/export_perception_interface__rosidl_generator_pyExport.cmake
[3.575s] -- Installing: /home/jay/sort/install/perception_interface/share/perception_interface/cmake/export_perception_interface__rosidl_generator_pyExport-noconfig.cmake
[3.577s] Invoked command in '/home/jay/sort/build/perception_interface' returned '0': CMAKE_PREFIX_PATH=${CMAKE_PREFIX_PATH}:/opt/ros/humble /usr/bin/cmake --install /home/jay/sort/build/perception_interface
