[0.008s] Invoking command in '/home/jay/SCV_Perception/build/perception_interface': CMAKE_PREFIX_PATH=${CMAKE_PREFIX_PATH}:/home/jay/SCV_Perception/install/ultralytics_ros2:/home/jay/SCV_Perception/install/object_depth_tracker:/opt/ros/humble /usr/bin/cmake /home/jay/SCV_Perception/perception_interface -DAMENT_CMAKE_SYMLINK_INSTALL=1 -DCMAKE_INSTALL_PREFIX=/home/jay/SCV_Perception/install/perception_interface
[0.040s] -- The C compiler identification is GNU 11.4.0
[0.073s] -- The CXX compiler identification is GNU 11.4.0
[0.078s] -- Detecting C compiler ABI info
[0.118s] -- Detecting C compiler ABI info - done
[0.123s] -- Check for working C compiler: /usr/bin/cc - skipped
[0.123s] -- Detecting C compile features
[0.123s] -- Detecting C compile features - done
[0.125s] -- Detecting CXX compiler ABI info
[0.172s] -- Detecting CXX compiler ABI info - done
[0.177s] -- Check for working CXX compiler: /usr/bin/c++ - skipped
[0.178s] -- Detecting CXX compile features
[0.178s] -- Detecting CXX compile features - done
[0.179s] -- Found ament_cmake: 1.3.12 (/opt/ros/humble/share/ament_cmake/cmake)
[0.434s] -- Found Python3: /usr/bin/python3 (found version "3.10.12") found components: Interpreter 
[0.478s] -- Override CMake install command with custom implementation using symlinks instead of copying resources
[0.493s] -- Found std_msgs: 4.9.0 (/opt/ros/humble/share/std_msgs/cmake)
[0.514s] -- Found rosidl_generator_c: 3.1.7 (/opt/ros/humble/share/rosidl_generator_c/cmake)
[0.517s] -- Found rosidl_adapter: 3.1.7 (/opt/ros/humble/share/rosidl_adapter/cmake)
[0.522s] -- Found rosidl_generator_cpp: 3.1.7 (/opt/ros/humble/share/rosidl_generator_cpp/cmake)
[0.530s] -- Using all available rosidl_typesupport_c: rosidl_typesupport_fastrtps_c;rosidl_typesupport_introspection_c
[0.541s] -- Using all available rosidl_typesupport_cpp: rosidl_typesupport_fastrtps_cpp;rosidl_typesupport_introspection_cpp
[0.559s] -- Found geometry_msgs: 4.9.0 (/opt/ros/humble/share/geometry_msgs/cmake)
[0.568s] -- Found sensor_msgs: 4.9.0 (/opt/ros/humble/share/sensor_msgs/cmake)
[0.581s] -- Found rosidl_default_generators: 1.2.0 (/opt/ros/humble/share/rosidl_default_generators/cmake)
[0.804s] -- Found ament_cmake_ros: 0.10.0 (/opt/ros/humble/share/ament_cmake_ros/cmake)
[1.136s] -- Using all available rosidl_typesupport_c: rosidl_typesupport_fastrtps_c;rosidl_typesupport_introspection_c
[1.267s] -- Using all available rosidl_typesupport_cpp: rosidl_typesupport_fastrtps_cpp;rosidl_typesupport_introspection_cpp
[1.283s] -- Found PythonInterp: /usr/bin/python3 (found suitable version "3.10.12", minimum required is "3.6") 
[1.283s] -- Found python_cmake_module: 0.10.0 (/opt/ros/humble/share/python_cmake_module/cmake)
[1.302s] -- Found PythonLibs: /usr/lib/x86_64-linux-gnu/libpython3.10.so (found suitable version "3.10.12", minimum required is "3.5") 
[1.302s] -- Using PYTHON_EXECUTABLE: /usr/bin/python3
[1.302s] -- Using PYTHON_INCLUDE_DIRS: /usr/include/python3.10
[1.302s] -- Using PYTHON_LIBRARIES: /usr/lib/x86_64-linux-gnu/libpython3.10.so
[1.317s] -- Found PythonExtra: .so  
[1.371s] -- Found ament_lint_auto: 0.12.14 (/opt/ros/humble/share/ament_lint_auto/cmake)
[1.382s] -- Added test 'cppcheck' to perform static code analysis on C / C++ code
[1.383s] -- Configured cppcheck include dirs: 
[1.383s] -- Configured cppcheck exclude dirs and/or files: 
[1.383s] -- Added test 'lint_cmake' to check CMake code style
[1.384s] -- Added test 'uncrustify' to check C / C++ code style
[1.384s] -- Configured uncrustify additional arguments: 
[1.384s] -- Added test 'xmllint' to check XML markup files
[1.387s] -- Configuring done
[1.411s] -- Generating done
[1.419s] -- Build files have been written to: /home/jay/SCV_Perception/build/perception_interface
[1.425s] Invoked command in '/home/jay/SCV_Perception/build/perception_interface' returned '0': CMAKE_PREFIX_PATH=${CMAKE_PREFIX_PATH}:/home/jay/SCV_Perception/install/ultralytics_ros2:/home/jay/SCV_Perception/install/object_depth_tracker:/opt/ros/humble /usr/bin/cmake /home/jay/SCV_Perception/perception_interface -DAMENT_CMAKE_SYMLINK_INSTALL=1 -DCMAKE_INSTALL_PREFIX=/home/jay/SCV_Perception/install/perception_interface
[1.426s] Invoking command in '/home/jay/SCV_Perception/build/perception_interface': CMAKE_PREFIX_PATH=${CMAKE_PREFIX_PATH}:/home/jay/SCV_Perception/install/ultralytics_ros2:/home/jay/SCV_Perception/install/object_depth_tracker:/opt/ros/humble /usr/bin/cmake --build /home/jay/SCV_Perception/build/perception_interface -- -j20 -l20
[1.449s] [  2%] [34m[1mGenerating C code for ROS interfaces[0m
[1.455s] [  5%] [34m[1mGenerating C++ code for ROS interfaces[0m
[1.459s] [  5%] Built target ament_cmake_python_symlink_perception_interface
[1.639s] running egg_info
[1.657s] creating perception_interface.egg-info
[1.657s] writing perception_interface.egg-info/PKG-INFO
[1.657s] writing dependency_links to perception_interface.egg-info/dependency_links.txt
[1.657s] writing top-level names to perception_interface.egg-info/top_level.txt
[1.657s] writing manifest file 'perception_interface.egg-info/SOURCES.txt'
[1.710s] reading manifest file 'perception_interface.egg-info/SOURCES.txt'
[1.710s] writing manifest file 'perception_interface.egg-info/SOURCES.txt'
[1.712s] [  7%] [32mBuilding C object CMakeFiles/perception_interface__rosidl_generator_c.dir/rosidl_generator_c/perception_interface/msg/detail/detection_result__functions.c.o[0m
[1.712s] [ 10%] [32mBuilding C object CMakeFiles/perception_interface__rosidl_generator_c.dir/rosidl_generator_c/perception_interface/msg/detail/detection_array__functions.c.o[0m
[1.716s] [ 10%] Built target perception_interface__cpp
[1.722s] [ 17%] [34m[1mGenerating C++ type support dispatch for ROS interfaces[0m
[1.722s] [ 17%] [34m[1mGenerating C++ type support for eProsima Fast-RTPS[0m
[1.722s] [ 17%] [34m[1mGenerating C++ introspection for ROS interfaces[0m
[1.731s] [ 17%] Built target ament_cmake_python_build_perception_interface_egg
[1.745s] [ 20%] [32m[1mLinking C shared library libperception_interface__rosidl_generator_c.so[0m
[1.769s] [ 20%] Built target perception_interface__rosidl_generator_c
[1.775s] [ 28%] [34m[1mGenerating C introspection for ROS interfaces[0m
[1.775s] [ 28%] [34m[1mGenerating C type support for eProsima Fast-RTPS[0m
[1.775s] [ 28%] [34m[1mGenerating C type support dispatch for ROS interfaces[0m
[1.944s] [ 33%] [32mBuilding CXX object CMakeFiles/perception_interface__rosidl_typesupport_cpp.dir/rosidl_typesupport_cpp/perception_interface/msg/detection_result__type_support.cpp.o[0m
[1.944s] [ 33%] [32mBuilding CXX object CMakeFiles/perception_interface__rosidl_typesupport_cpp.dir/rosidl_typesupport_cpp/perception_interface/msg/detection_array__type_support.cpp.o[0m
[1.958s] [ 38%] [32mBuilding CXX object CMakeFiles/perception_interface__rosidl_typesupport_introspection_cpp.dir/rosidl_typesupport_introspection_cpp/perception_interface/msg/detail/detection_result__type_support.cpp.o[0m
[1.958s] [ 38%] [32mBuilding CXX object CMakeFiles/perception_interface__rosidl_typesupport_introspection_cpp.dir/rosidl_typesupport_introspection_cpp/perception_interface/msg/detail/detection_array__type_support.cpp.o[0m
[1.974s] [ 43%] [32mBuilding CXX object CMakeFiles/perception_interface__rosidl_typesupport_fastrtps_cpp.dir/rosidl_typesupport_fastrtps_cpp/perception_interface/msg/detail/dds_fastrtps/detection_result__type_support.cpp.o[0m
[1.974s] [ 43%] [32mBuilding CXX object CMakeFiles/perception_interface__rosidl_typesupport_fastrtps_cpp.dir/rosidl_typesupport_fastrtps_cpp/perception_interface/msg/detail/dds_fastrtps/detection_array__type_support.cpp.o[0m
[2.002s] [ 48%] [32mBuilding CXX object CMakeFiles/perception_interface__rosidl_typesupport_c.dir/rosidl_typesupport_c/perception_interface/msg/detection_result__type_support.cpp.o[0m
[2.003s] [ 48%] [32mBuilding CXX object CMakeFiles/perception_interface__rosidl_typesupport_c.dir/rosidl_typesupport_c/perception_interface/msg/detection_array__type_support.cpp.o[0m
[2.025s] [ 51%] [32m[1mLinking CXX shared library libperception_interface__rosidl_typesupport_c.so[0m
[2.028s] [ 56%] [32mBuilding C object CMakeFiles/perception_interface__rosidl_typesupport_introspection_c.dir/rosidl_typesupport_introspection_c/perception_interface/msg/detail/detection_result__type_support.c.o[0m
[2.029s] [ 56%] [32mBuilding C object CMakeFiles/perception_interface__rosidl_typesupport_introspection_c.dir/rosidl_typesupport_introspection_c/perception_interface/msg/detail/detection_array__type_support.c.o[0m
[2.030s] [ 61%] [32mBuilding CXX object CMakeFiles/perception_interface__rosidl_typesupport_fastrtps_c.dir/rosidl_typesupport_fastrtps_c/perception_interface/msg/detail/detection_result__type_support_c.cpp.o[0m
[2.030s] [ 61%] [32mBuilding CXX object CMakeFiles/perception_interface__rosidl_typesupport_fastrtps_c.dir/rosidl_typesupport_fastrtps_c/perception_interface/msg/detail/detection_array__type_support_c.cpp.o[0m
[2.062s] [ 64%] [32m[1mLinking C shared library libperception_interface__rosidl_typesupport_introspection_c.so[0m
[2.063s] [ 64%] Built target perception_interface__rosidl_typesupport_c
[2.084s] [ 64%] Built target perception_interface__rosidl_typesupport_introspection_c
[2.135s] [ 66%] [32m[1mLinking CXX shared library libperception_interface__rosidl_typesupport_cpp.so[0m
[2.162s] [ 66%] Built target perception_interface__rosidl_typesupport_cpp
[2.273s] [ 69%] [32m[1mLinking CXX shared library libperception_interface__rosidl_typesupport_fastrtps_c.so[0m
[2.307s] [ 71%] [32m[1mLinking CXX shared library libperception_interface__rosidl_typesupport_fastrtps_cpp.so[0m
[2.318s] [ 74%] [32m[1mLinking CXX shared library libperception_interface__rosidl_typesupport_introspection_cpp.so[0m
[2.318s] [ 74%] Built target perception_interface__rosidl_typesupport_fastrtps_c
[2.359s] [ 74%] Built target perception_interface__rosidl_typesupport_fastrtps_cpp
[2.369s] [ 74%] Built target perception_interface__rosidl_typesupport_introspection_cpp
[2.380s] [ 74%] Built target perception_interface
[2.391s] [ 76%] [34m[1mGenerating Python code for ROS interfaces[0m
[2.762s] [ 76%] Built target perception_interface__py
[2.773s] [ 82%] [32mBuilding C object CMakeFiles/perception_interface__rosidl_generator_py.dir/rosidl_generator_py/perception_interface/msg/_detection_array_s.c.o[0m
[2.773s] [ 82%] [32mBuilding C object CMakeFiles/perception_interface__rosidl_generator_py.dir/rosidl_generator_py/perception_interface/msg/_detection_result_s.c.o[0m
[2.854s] [ 84%] [32m[1mLinking C shared library rosidl_generator_py/perception_interface/libperception_interface__rosidl_generator_py.so[0m
[2.880s] [ 84%] Built target perception_interface__rosidl_generator_py
[2.892s] [ 87%] [32mBuilding C object CMakeFiles/perception_interface__rosidl_typesupport_introspection_c__pyext.dir/rosidl_generator_py/perception_interface/_perception_interface_s.ep.rosidl_typesupport_introspection_c.c.o[0m
[2.892s] [ 89%] [32mBuilding C object CMakeFiles/perception_interface__rosidl_typesupport_c__pyext.dir/rosidl_generator_py/perception_interface/_perception_interface_s.ep.rosidl_typesupport_c.c.o[0m
[2.892s] [ 92%] [32mBuilding C object CMakeFiles/perception_interface__rosidl_typesupport_fastrtps_c__pyext.dir/rosidl_generator_py/perception_interface/_perception_interface_s.ep.rosidl_typesupport_fastrtps_c.c.o[0m
[2.958s] [100%] [32m[1mLinking C shared library rosidl_generator_py/perception_interface/perception_interface_s__rosidl_typesupport_c.cpython-310-x86_64-linux-gnu.so[0m
[2.958s] [100%] [32m[1mLinking C shared library rosidl_generator_py/perception_interface/perception_interface_s__rosidl_typesupport_fastrtps_c.cpython-310-x86_64-linux-gnu.so[0m
[2.958s] [100%] [32m[1mLinking C shared library rosidl_generator_py/perception_interface/perception_interface_s__rosidl_typesupport_introspection_c.cpython-310-x86_64-linux-gnu.so[0m
[2.984s] [100%] Built target perception_interface__rosidl_typesupport_introspection_c__pyext
[2.984s] [100%] Built target perception_interface__rosidl_typesupport_c__pyext
[2.984s] [100%] Built target perception_interface__rosidl_typesupport_fastrtps_c__pyext
[2.990s] Invoked command in '/home/jay/SCV_Perception/build/perception_interface' returned '0': CMAKE_PREFIX_PATH=${CMAKE_PREFIX_PATH}:/home/jay/SCV_Perception/install/ultralytics_ros2:/home/jay/SCV_Perception/install/object_depth_tracker:/opt/ros/humble /usr/bin/cmake --build /home/jay/SCV_Perception/build/perception_interface -- -j20 -l20
[2.991s] Invoking command in '/home/jay/SCV_Perception/build/perception_interface': CMAKE_PREFIX_PATH=${CMAKE_PREFIX_PATH}:/home/jay/SCV_Perception/install/ultralytics_ros2:/home/jay/SCV_Perception/install/object_depth_tracker:/opt/ros/humble /usr/bin/cmake --install /home/jay/SCV_Perception/build/perception_interface
[2.995s] -- Install configuration: ""
[2.996s] -- Execute custom install script
[2.996s] -- Symlinking: /home/jay/SCV_Perception/install/perception_interface/share/ament_index/resource_index/rosidl_interfaces/perception_interface
[3.001s] -- Symlinking: /home/jay/SCV_Perception/install/perception_interface/include/perception_interface/perception_interface/msg/detail/detection_array__functions.h
[3.005s] -- Symlinking: /home/jay/SCV_Perception/install/perception_interface/include/perception_interface/perception_interface/msg/detail/detection_array__struct.h
[3.010s] -- Symlinking: /home/jay/SCV_Perception/install/perception_interface/include/perception_interface/perception_interface/msg/detail/detection_array__type_support.h
[3.014s] -- Symlinking: /home/jay/SCV_Perception/install/perception_interface/include/perception_interface/perception_interface/msg/detail/detection_result__functions.h
[3.019s] -- Symlinking: /home/jay/SCV_Perception/install/perception_interface/include/perception_interface/perception_interface/msg/detail/detection_result__struct.h
[3.024s] -- Symlinking: /home/jay/SCV_Perception/install/perception_interface/include/perception_interface/perception_interface/msg/detail/detection_result__type_support.h
[3.028s] -- Symlinking: /home/jay/SCV_Perception/install/perception_interface/include/perception_interface/perception_interface/msg/detection_array.h
[3.033s] -- Symlinking: /home/jay/SCV_Perception/install/perception_interface/include/perception_interface/perception_interface/msg/detection_result.h
[3.037s] -- Symlinking: /home/jay/SCV_Perception/install/perception_interface/include/perception_interface/perception_interface/msg/rosidl_generator_c__visibility_control.h
[3.042s] -- Symlinking: /home/jay/SCV_Perception/install/perception_interface/share/perception_interface/environment/library_path.sh
[3.047s] -- Symlinking: /home/jay/SCV_Perception/install/perception_interface/share/perception_interface/environment/library_path.dsv
[3.052s] -- Symlinking: /home/jay/SCV_Perception/install/perception_interface/include/perception_interface/perception_interface/msg/detail/detection_array__rosidl_typesupport_fastrtps_c.h
[3.056s] -- Symlinking: /home/jay/SCV_Perception/install/perception_interface/include/perception_interface/perception_interface/msg/detail/detection_result__rosidl_typesupport_fastrtps_c.h
[3.061s] -- Symlinking: /home/jay/SCV_Perception/install/perception_interface/include/perception_interface/perception_interface/msg/rosidl_typesupport_fastrtps_c__visibility_control.h
[3.065s] -- Symlinking: /home/jay/SCV_Perception/install/perception_interface/include/perception_interface/perception_interface/msg/detail/detection_array__builder.hpp
[3.070s] -- Symlinking: /home/jay/SCV_Perception/install/perception_interface/include/perception_interface/perception_interface/msg/detail/detection_array__struct.hpp
[3.074s] -- Symlinking: /home/jay/SCV_Perception/install/perception_interface/include/perception_interface/perception_interface/msg/detail/detection_array__traits.hpp
[3.079s] -- Symlinking: /home/jay/SCV_Perception/install/perception_interface/include/perception_interface/perception_interface/msg/detail/detection_array__type_support.hpp
[3.083s] -- Symlinking: /home/jay/SCV_Perception/install/perception_interface/include/perception_interface/perception_interface/msg/detail/detection_result__builder.hpp
[3.088s] -- Symlinking: /home/jay/SCV_Perception/install/perception_interface/include/perception_interface/perception_interface/msg/detail/detection_result__struct.hpp
[3.092s] -- Symlinking: /home/jay/SCV_Perception/install/perception_interface/include/perception_interface/perception_interface/msg/detail/detection_result__traits.hpp
[3.097s] -- Symlinking: /home/jay/SCV_Perception/install/perception_interface/include/perception_interface/perception_interface/msg/detail/detection_result__type_support.hpp
[3.101s] -- Symlinking: /home/jay/SCV_Perception/install/perception_interface/include/perception_interface/perception_interface/msg/detection_array.hpp
[3.106s] -- Symlinking: /home/jay/SCV_Perception/install/perception_interface/include/perception_interface/perception_interface/msg/detection_result.hpp
[3.110s] -- Symlinking: /home/jay/SCV_Perception/install/perception_interface/include/perception_interface/perception_interface/msg/rosidl_generator_cpp__visibility_control.hpp
[3.115s] -- Symlinking: /home/jay/SCV_Perception/install/perception_interface/include/perception_interface/perception_interface/msg/detail/detection_array__rosidl_typesupport_fastrtps_cpp.hpp
[3.120s] -- Symlinking: /home/jay/SCV_Perception/install/perception_interface/include/perception_interface/perception_interface/msg/detail/detection_result__rosidl_typesupport_fastrtps_cpp.hpp
[3.124s] -- Symlinking: /home/jay/SCV_Perception/install/perception_interface/include/perception_interface/perception_interface/msg/rosidl_typesupport_fastrtps_cpp__visibility_control.h
[3.129s] -- Symlinking: /home/jay/SCV_Perception/install/perception_interface/include/perception_interface/perception_interface/msg/detail/detection_array__rosidl_typesupport_introspection_c.h
[3.134s] -- Symlinking: /home/jay/SCV_Perception/install/perception_interface/include/perception_interface/perception_interface/msg/detail/detection_result__rosidl_typesupport_introspection_c.h
[3.138s] -- Symlinking: /home/jay/SCV_Perception/install/perception_interface/include/perception_interface/perception_interface/msg/rosidl_typesupport_introspection_c__visibility_control.h
[3.143s] -- Symlinking: /home/jay/SCV_Perception/install/perception_interface/include/perception_interface/perception_interface/msg/detail/detection_array__rosidl_typesupport_introspection_cpp.hpp
[3.147s] -- Symlinking: /home/jay/SCV_Perception/install/perception_interface/include/perception_interface/perception_interface/msg/detail/detection_result__rosidl_typesupport_introspection_cpp.hpp
[3.152s] -- Symlinking: /home/jay/SCV_Perception/install/perception_interface/share/perception_interface/environment/pythonpath.sh
[3.157s] -- Symlinking: /home/jay/SCV_Perception/install/perception_interface/share/perception_interface/environment/pythonpath.dsv
[3.161s] -- Symlinking: /home/jay/SCV_Perception/install/perception_interface/local/lib/python3.10/dist-packages/perception_interface-0.0.0-py3.10.egg-info/PKG-INFO
[3.166s] -- Symlinking: /home/jay/SCV_Perception/install/perception_interface/local/lib/python3.10/dist-packages/perception_interface-0.0.0-py3.10.egg-info/SOURCES.txt
[3.170s] -- Symlinking: /home/jay/SCV_Perception/install/perception_interface/local/lib/python3.10/dist-packages/perception_interface-0.0.0-py3.10.egg-info/dependency_links.txt
[3.175s] -- Symlinking: /home/jay/SCV_Perception/install/perception_interface/local/lib/python3.10/dist-packages/perception_interface-0.0.0-py3.10.egg-info/top_level.txt
[3.180s] -- Symlinking: /home/jay/SCV_Perception/install/perception_interface/local/lib/python3.10/dist-packages/perception_interface/__init__.py
[3.185s] -- Symlinking: /home/jay/SCV_Perception/install/perception_interface/local/lib/python3.10/dist-packages/perception_interface/_perception_interface_s.ep.rosidl_typesupport_c.c
[3.189s] -- Symlinking: /home/jay/SCV_Perception/install/perception_interface/local/lib/python3.10/dist-packages/perception_interface/_perception_interface_s.ep.rosidl_typesupport_fastrtps_c.c
[3.194s] -- Symlinking: /home/jay/SCV_Perception/install/perception_interface/local/lib/python3.10/dist-packages/perception_interface/_perception_interface_s.ep.rosidl_typesupport_introspection_c.c
[3.198s] -- Symlinking: /home/jay/SCV_Perception/install/perception_interface/local/lib/python3.10/dist-packages/perception_interface/libperception_interface__rosidl_generator_py.so
[3.202s] -- Symlinking: /home/jay/SCV_Perception/install/perception_interface/local/lib/python3.10/dist-packages/perception_interface/msg/__init__.py
[3.207s] -- Symlinking: /home/jay/SCV_Perception/install/perception_interface/local/lib/python3.10/dist-packages/perception_interface/msg/_detection_array.py
[3.211s] -- Symlinking: /home/jay/SCV_Perception/install/perception_interface/local/lib/python3.10/dist-packages/perception_interface/msg/_detection_array_s.c
[3.216s] -- Symlinking: /home/jay/SCV_Perception/install/perception_interface/local/lib/python3.10/dist-packages/perception_interface/msg/_detection_result.py
[3.220s] -- Symlinking: /home/jay/SCV_Perception/install/perception_interface/local/lib/python3.10/dist-packages/perception_interface/msg/_detection_result_s.c
[3.225s] -- Symlinking: /home/jay/SCV_Perception/install/perception_interface/local/lib/python3.10/dist-packages/perception_interface/perception_interface_s__rosidl_typesupport_c.cpython-310-x86_64-linux-gnu.so
[3.229s] -- Symlinking: /home/jay/SCV_Perception/install/perception_interface/local/lib/python3.10/dist-packages/perception_interface/perception_interface_s__rosidl_typesupport_fastrtps_c.cpython-310-x86_64-linux-gnu.so
[3.234s] -- Symlinking: /home/jay/SCV_Perception/install/perception_interface/local/lib/python3.10/dist-packages/perception_interface/perception_interface_s__rosidl_typesupport_introspection_c.cpython-310-x86_64-linux-gnu.so
[3.239s] -- Up-to-date symlink: /home/jay/SCV_Perception/install/perception_interface/local/lib/python3.10/dist-packages/perception_interface/perception_interface_s__rosidl_typesupport_fastrtps_c.cpython-310-x86_64-linux-gnu.so
[3.239s] -- Up-to-date symlink: /home/jay/SCV_Perception/install/perception_interface/local/lib/python3.10/dist-packages/perception_interface/perception_interface_s__rosidl_typesupport_introspection_c.cpython-310-x86_64-linux-gnu.so
[3.239s] -- Up-to-date symlink: /home/jay/SCV_Perception/install/perception_interface/local/lib/python3.10/dist-packages/perception_interface/perception_interface_s__rosidl_typesupport_c.cpython-310-x86_64-linux-gnu.so
[3.239s] -- Symlinking: /home/jay/SCV_Perception/install/perception_interface/share/perception_interface/msg/DetectionResult.idl
[3.244s] -- Symlinking: /home/jay/SCV_Perception/install/perception_interface/share/perception_interface/msg/DetectionArray.idl
[3.249s] -- Symlinking: /home/jay/SCV_Perception/install/perception_interface/share/perception_interface/msg/DetectionResult.msg
[3.253s] -- Symlinking: /home/jay/SCV_Perception/install/perception_interface/share/perception_interface/msg/DetectionArray.msg
[3.258s] -- Symlinking: /home/jay/SCV_Perception/install/perception_interface/share/ament_index/resource_index/package_run_dependencies/perception_interface
[3.262s] -- Symlinking: /home/jay/SCV_Perception/install/perception_interface/share/ament_index/resource_index/parent_prefix_path/perception_interface
[3.267s] -- Symlinking: /home/jay/SCV_Perception/install/perception_interface/share/perception_interface/environment/ament_prefix_path.sh
[3.271s] -- Symlinking: /home/jay/SCV_Perception/install/perception_interface/share/perception_interface/environment/ament_prefix_path.dsv
[3.276s] -- Symlinking: /home/jay/SCV_Perception/install/perception_interface/share/perception_interface/environment/path.sh
[3.281s] -- Symlinking: /home/jay/SCV_Perception/install/perception_interface/share/perception_interface/environment/path.dsv
[3.285s] -- Symlinking: /home/jay/SCV_Perception/install/perception_interface/share/perception_interface/local_setup.bash
[3.290s] -- Symlinking: /home/jay/SCV_Perception/install/perception_interface/share/perception_interface/local_setup.sh
[3.295s] -- Symlinking: /home/jay/SCV_Perception/install/perception_interface/share/perception_interface/local_setup.zsh
[3.300s] -- Symlinking: /home/jay/SCV_Perception/install/perception_interface/share/perception_interface/local_setup.dsv
[3.304s] -- Symlinking: /home/jay/SCV_Perception/install/perception_interface/share/perception_interface/package.dsv
[3.309s] -- Symlinking: /home/jay/SCV_Perception/install/perception_interface/share/ament_index/resource_index/packages/perception_interface
[3.313s] -- Symlinking: /home/jay/SCV_Perception/install/perception_interface/share/perception_interface/cmake/rosidl_cmake-extras.cmake
[3.318s] -- Symlinking: /home/jay/SCV_Perception/install/perception_interface/share/perception_interface/cmake/ament_cmake_export_dependencies-extras.cmake
[3.322s] -- Symlinking: /home/jay/SCV_Perception/install/perception_interface/share/perception_interface/cmake/ament_cmake_export_include_directories-extras.cmake
[3.326s] -- Symlinking: /home/jay/SCV_Perception/install/perception_interface/share/perception_interface/cmake/ament_cmake_export_libraries-extras.cmake
[3.331s] -- Symlinking: /home/jay/SCV_Perception/install/perception_interface/share/perception_interface/cmake/ament_cmake_export_targets-extras.cmake
[3.336s] -- Symlinking: /home/jay/SCV_Perception/install/perception_interface/share/perception_interface/cmake/rosidl_cmake_export_typesupport_targets-extras.cmake
[3.340s] -- Symlinking: /home/jay/SCV_Perception/install/perception_interface/share/perception_interface/cmake/rosidl_cmake_export_typesupport_libraries-extras.cmake
[3.345s] -- Symlinking: /home/jay/SCV_Perception/install/perception_interface/share/perception_interface/cmake/perception_interfaceConfig.cmake
[3.349s] -- Symlinking: /home/jay/SCV_Perception/install/perception_interface/share/perception_interface/cmake/perception_interfaceConfig-version.cmake
[3.354s] -- Symlinking: /home/jay/SCV_Perception/install/perception_interface/share/perception_interface/package.xml
[3.359s] -- Installing: /home/jay/SCV_Perception/install/perception_interface/lib/libperception_interface__rosidl_generator_c.so
[3.359s] -- Set runtime path of "/home/jay/SCV_Perception/install/perception_interface/lib/libperception_interface__rosidl_generator_c.so" to ""
[3.359s] -- Installing: /home/jay/SCV_Perception/install/perception_interface/lib/libperception_interface__rosidl_typesupport_fastrtps_c.so
[3.360s] -- Set runtime path of "/home/jay/SCV_Perception/install/perception_interface/lib/libperception_interface__rosidl_typesupport_fastrtps_c.so" to ""
[3.360s] -- Installing: /home/jay/SCV_Perception/install/perception_interface/lib/libperception_interface__rosidl_typesupport_fastrtps_cpp.so
[3.360s] -- Set runtime path of "/home/jay/SCV_Perception/install/perception_interface/lib/libperception_interface__rosidl_typesupport_fastrtps_cpp.so" to ""
[3.360s] -- Installing: /home/jay/SCV_Perception/install/perception_interface/lib/libperception_interface__rosidl_typesupport_introspection_c.so
[3.360s] -- Set runtime path of "/home/jay/SCV_Perception/install/perception_interface/lib/libperception_interface__rosidl_typesupport_introspection_c.so" to ""
[3.360s] -- Installing: /home/jay/SCV_Perception/install/perception_interface/lib/libperception_interface__rosidl_typesupport_c.so
[3.360s] -- Set runtime path of "/home/jay/SCV_Perception/install/perception_interface/lib/libperception_interface__rosidl_typesupport_c.so" to ""
[3.360s] -- Installing: /home/jay/SCV_Perception/install/perception_interface/lib/libperception_interface__rosidl_typesupport_introspection_cpp.so
[3.361s] -- Set runtime path of "/home/jay/SCV_Perception/install/perception_interface/lib/libperception_interface__rosidl_typesupport_introspection_cpp.so" to ""
[3.361s] -- Installing: /home/jay/SCV_Perception/install/perception_interface/lib/libperception_interface__rosidl_typesupport_cpp.so
[3.361s] -- Set runtime path of "/home/jay/SCV_Perception/install/perception_interface/lib/libperception_interface__rosidl_typesupport_cpp.so" to ""
[3.386s] Listing '/home/jay/SCV_Perception/install/perception_interface/local/lib/python3.10/dist-packages/perception_interface'...
[3.386s] Compiling '/home/jay/SCV_Perception/install/perception_interface/local/lib/python3.10/dist-packages/perception_interface/__init__.py'...
[3.386s] Listing '/home/jay/SCV_Perception/install/perception_interface/local/lib/python3.10/dist-packages/perception_interface/msg'...
[3.386s] Compiling '/home/jay/SCV_Perception/install/perception_interface/local/lib/python3.10/dist-packages/perception_interface/msg/__init__.py'...
[3.386s] Compiling '/home/jay/SCV_Perception/install/perception_interface/local/lib/python3.10/dist-packages/perception_interface/msg/_detection_array.py'...
[3.387s] Compiling '/home/jay/SCV_Perception/install/perception_interface/local/lib/python3.10/dist-packages/perception_interface/msg/_detection_result.py'...
[3.390s] -- Installing: /home/jay/SCV_Perception/install/perception_interface/lib/libperception_interface__rosidl_generator_py.so
[3.390s] -- Set runtime path of "/home/jay/SCV_Perception/install/perception_interface/lib/libperception_interface__rosidl_generator_py.so" to ""
[3.390s] -- Installing: /home/jay/SCV_Perception/install/perception_interface/share/perception_interface/cmake/export_perception_interface__rosidl_generator_cExport.cmake
[3.390s] -- Installing: /home/jay/SCV_Perception/install/perception_interface/share/perception_interface/cmake/export_perception_interface__rosidl_generator_cExport-noconfig.cmake
[3.390s] -- Installing: /home/jay/SCV_Perception/install/perception_interface/share/perception_interface/cmake/export_perception_interface__rosidl_typesupport_fastrtps_cExport.cmake
[3.390s] -- Installing: /home/jay/SCV_Perception/install/perception_interface/share/perception_interface/cmake/export_perception_interface__rosidl_typesupport_fastrtps_cExport-noconfig.cmake
[3.390s] -- Installing: /home/jay/SCV_Perception/install/perception_interface/share/perception_interface/cmake/export_perception_interface__rosidl_generator_cppExport.cmake
[3.390s] -- Installing: /home/jay/SCV_Perception/install/perception_interface/share/perception_interface/cmake/export_perception_interface__rosidl_typesupport_fastrtps_cppExport.cmake
[3.390s] -- Installing: /home/jay/SCV_Perception/install/perception_interface/share/perception_interface/cmake/export_perception_interface__rosidl_typesupport_fastrtps_cppExport-noconfig.cmake
[3.390s] -- Installing: /home/jay/SCV_Perception/install/perception_interface/share/perception_interface/cmake/perception_interface__rosidl_typesupport_introspection_cExport.cmake
[3.391s] -- Installing: /home/jay/SCV_Perception/install/perception_interface/share/perception_interface/cmake/perception_interface__rosidl_typesupport_introspection_cExport-noconfig.cmake
[3.391s] -- Installing: /home/jay/SCV_Perception/install/perception_interface/share/perception_interface/cmake/perception_interface__rosidl_typesupport_cExport.cmake
[3.391s] -- Installing: /home/jay/SCV_Perception/install/perception_interface/share/perception_interface/cmake/perception_interface__rosidl_typesupport_cExport-noconfig.cmake
[3.391s] -- Installing: /home/jay/SCV_Perception/install/perception_interface/share/perception_interface/cmake/perception_interface__rosidl_typesupport_introspection_cppExport.cmake
[3.391s] -- Installing: /home/jay/SCV_Perception/install/perception_interface/share/perception_interface/cmake/perception_interface__rosidl_typesupport_introspection_cppExport-noconfig.cmake
[3.391s] -- Installing: /home/jay/SCV_Perception/install/perception_interface/share/perception_interface/cmake/perception_interface__rosidl_typesupport_cppExport.cmake
[3.391s] -- Installing: /home/jay/SCV_Perception/install/perception_interface/share/perception_interface/cmake/perception_interface__rosidl_typesupport_cppExport-noconfig.cmake
[3.391s] -- Installing: /home/jay/SCV_Perception/install/perception_interface/share/perception_interface/cmake/export_perception_interface__rosidl_generator_pyExport.cmake
[3.391s] -- Installing: /home/jay/SCV_Perception/install/perception_interface/share/perception_interface/cmake/export_perception_interface__rosidl_generator_pyExport-noconfig.cmake
[3.393s] Invoked command in '/home/jay/SCV_Perception/build/perception_interface' returned '0': CMAKE_PREFIX_PATH=${CMAKE_PREFIX_PATH}:/home/jay/SCV_Perception/install/ultralytics_ros2:/home/jay/SCV_Perception/install/object_depth_tracker:/opt/ros/humble /usr/bin/cmake --install /home/jay/SCV_Perception/build/perception_interface
