[0.676s] Invoking command in '/home/jay/traversability_ws/build/ugv_self_supervised_traversability': CONDA_PROMPT_MODIFIER=(base) PYTHONPATH=/home/jay/traversability_ws/build/ugv_self_supervised_traversability/prefix_override:/usr/lib/python3/dist-packages/colcon_core/task/python/colcon_distutils_commands:/home/jay/traversability_ws/install/ugv_self_supervised_traversability/lib/python3.10/site-packages:${PYTHONPATH} /usr/bin/python3 -W ignore:setup.py install is deprecated -W ignore:easy_install command is deprecated setup.py develop --editable --build-directory /home/jay/traversability_ws/build/ugv_self_supervised_traversability/build --no-deps symlink_data
[0.980s] running develop
[1.220s] running egg_info
[1.238s] writing ugv_self_supervised_traversability.egg-info/PKG-INFO
[1.238s] writing dependency_links to ugv_self_supervised_traversability.egg-info/dependency_links.txt
[1.238s] writing entry points to ugv_self_supervised_traversability.egg-info/entry_points.txt
[1.238s] writing requirements to ugv_self_supervised_traversability.egg-info/requires.txt
[1.238s] writing top-level names to ugv_self_supervised_traversability.egg-info/top_level.txt
[1.280s] reading manifest file 'ugv_self_supervised_traversability.egg-info/SOURCES.txt'
[1.281s] writing manifest file 'ugv_self_supervised_traversability.egg-info/SOURCES.txt'
[1.301s] running build_ext
[1.301s] Creating /home/jay/traversability_ws/install/ugv_self_supervised_traversability/lib/python3.10/site-packages/ugv-self-supervised-traversability.egg-link (link to .)
[1.302s] Installing footprint_generator script to /home/jay/traversability_ws/install/ugv_self_supervised_traversability/lib/ugv_self_supervised_traversability
[1.302s] Installing label_visualizer script to /home/jay/traversability_ws/install/ugv_self_supervised_traversability/lib/ugv_self_supervised_traversability
[1.302s] Installing trajectory_recorder script to /home/jay/traversability_ws/install/ugv_self_supervised_traversability/lib/ugv_self_supervised_traversability
[1.302s] Installing traversability_labeler script to /home/jay/traversability_ws/install/ugv_self_supervised_traversability/lib/ugv_self_supervised_traversability
[1.302s] 
[1.302s] Installed /home/jay/traversability_ws/build/ugv_self_supervised_traversability
[1.302s] running symlink_data
[1.328s] Invoked command in '/home/jay/traversability_ws/build/ugv_self_supervised_traversability' returned '0': CONDA_PROMPT_MODIFIER=(base) PYTHONPATH=/home/jay/traversability_ws/build/ugv_self_supervised_traversability/prefix_override:/usr/lib/python3/dist-packages/colcon_core/task/python/colcon_distutils_commands:/home/jay/traversability_ws/install/ugv_self_supervised_traversability/lib/python3.10/site-packages:${PYTHONPATH} /usr/bin/python3 -W ignore:setup.py install is deprecated -W ignore:easy_install command is deprecated setup.py develop --editable --build-directory /home/jay/traversability_ws/build/ugv_self_supervised_traversability/build --no-deps symlink_data
