[0.007s] Invoking command in '/home/jay/sort/build/perception_interface': CMAKE_PREFIX_PATH=${CMAKE_PREFIX_PATH}:/opt/ros/humble /usr/bin/cmake --build /home/jay/sort/build/perception_interface -- -j20 -l20
[0.022s] -- Found ament_cmake: 1.3.12 (/opt/ros/humble/share/ament_cmake/cmake)
[0.101s] -- Override CMake install command with custom implementation using symlinks instead of copying resources
[0.109s] -- Found rclpy: 3.3.17 (/opt/ros/humble/share/rclpy/cmake)
[0.109s] -- Found std_msgs: 4.9.0 (/opt/ros/humble/share/std_msgs/cmake)
[0.126s] -- Found rosidl_generator_c: 3.1.7 (/opt/ros/humble/share/rosidl_generator_c/cmake)
[0.127s] -- Found rosidl_adapter: 3.1.7 (/opt/ros/humble/share/rosidl_adapter/cmake)
[0.131s] -- Found rosidl_generator_cpp: 3.1.7 (/opt/ros/humble/share/rosidl_generator_cpp/cmake)
[0.138s] -- Using all available rosidl_typesupport_c: rosidl_typesupport_fastrtps_c;rosidl_typesupport_introspection_c
[0.146s] -- Using all available rosidl_typesupport_cpp: rosidl_typesupport_fastrtps_cpp;rosidl_typesupport_introspection_cpp
[0.162s] -- Found geometry_msgs: 4.9.0 (/opt/ros/humble/share/geometry_msgs/cmake)
[0.171s] -- Found sensor_msgs: 4.9.0 (/opt/ros/humble/share/sensor_msgs/cmake)
[0.183s] -- Found rosidl_default_generators: 1.2.0 (/opt/ros/humble/share/rosidl_default_generators/cmake)
[0.398s] -- Found ament_cmake_ros: 0.10.0 (/opt/ros/humble/share/ament_cmake_ros/cmake)
[0.714s] -- Using all available rosidl_typesupport_c: rosidl_typesupport_fastrtps_c;rosidl_typesupport_introspection_c
[0.840s] -- Using all available rosidl_typesupport_cpp: rosidl_typesupport_fastrtps_cpp;rosidl_typesupport_introspection_cpp
[0.855s] -- Found python_cmake_module: 0.10.0 (/opt/ros/humble/share/python_cmake_module/cmake)
[0.870s] -- Using PYTHON_EXECUTABLE: /usr/bin/python3
[0.870s] -- Using PYTHON_INCLUDE_DIRS: /usr/include/python3.10
[0.870s] -- Using PYTHON_LIBRARIES: /usr/lib/x86_64-linux-gnu/libpython3.10.so
[0.907s] -- Found ament_lint_auto: 0.12.14 (/opt/ros/humble/share/ament_lint_auto/cmake)
[0.914s] -- Added test 'cppcheck' to perform static code analysis on C / C++ code
[0.914s] -- Configured cppcheck include dirs: 
[0.914s] -- Configured cppcheck exclude dirs and/or files: 
[0.914s] -- Added test 'lint_cmake' to check CMake code style
[0.915s] -- Added test 'uncrustify' to check C / C++ code style
[0.915s] -- Configured uncrustify additional arguments: 
[0.915s] -- Added test 'xmllint' to check XML markup files
[0.917s] -- Configuring done
[0.942s] -- Generating done
[0.951s] -- Build files have been written to: /home/jay/sort/build/perception_interface
[0.967s] [35m[1mConsolidate compiler generated dependencies of target perception_interface__rosidl_generator_c[0m
[0.972s] [  2%] Built target perception_interface__cpp
[0.973s] [ 12%] Built target perception_interface__rosidl_generator_c
[0.977s] [ 12%] Built target ament_cmake_python_symlink_perception_interface
[0.979s] [35m[1mConsolidate compiler generated dependencies of target perception_interface__rosidl_typesupport_cpp[0m
[0.979s] [35m[1mConsolidate compiler generated dependencies of target perception_interface__rosidl_typesupport_fastrtps_cpp[0m
[0.979s] [35m[1mConsolidate compiler generated dependencies of target perception_interface__rosidl_typesupport_introspection_cpp[0m
[0.979s] [35m[1mConsolidate compiler generated dependencies of target perception_interface__rosidl_typesupport_fastrtps_c[0m
[0.979s] [35m[1mConsolidate compiler generated dependencies of target perception_interface__rosidl_typesupport_introspection_c[0m
[0.980s] [35m[1mConsolidate compiler generated dependencies of target perception_interface__rosidl_typesupport_c[0m
[0.987s] [ 66%] Built target perception_interface__rosidl_typesupport_c
[0.987s] [ 66%] Built target perception_interface__rosidl_typesupport_fastrtps_c
[0.987s] [ 74%] Built target perception_interface__rosidl_typesupport_introspection_cpp
[0.987s] [ 74%] Built target perception_interface__rosidl_typesupport_fastrtps_cpp
[0.987s] [ 74%] Built target perception_interface__rosidl_typesupport_introspection_c
[0.987s] [ 74%] Built target perception_interface__rosidl_typesupport_cpp
[1.000s] [ 74%] Built target perception_interface
[1.013s] [ 76%] Built target perception_interface__py
[1.019s] [35m[1mConsolidate compiler generated dependencies of target perception_interface__rosidl_generator_py[0m
[1.026s] [ 84%] Built target perception_interface__rosidl_generator_py
[1.032s] [35m[1mConsolidate compiler generated dependencies of target perception_interface__rosidl_typesupport_c__pyext[0m
[1.033s] [35m[1mConsolidate compiler generated dependencies of target perception_interface__rosidl_typesupport_introspection_c__pyext[0m
[1.033s] [35m[1mConsolidate compiler generated dependencies of target perception_interface__rosidl_typesupport_fastrtps_c__pyext[0m
[1.040s] [ 94%] Built target perception_interface__rosidl_typesupport_fastrtps_c__pyext
[1.040s] [ 94%] Built target perception_interface__rosidl_typesupport_c__pyext
[1.040s] [100%] Built target perception_interface__rosidl_typesupport_introspection_c__pyext
[1.135s] running egg_info
[1.148s] writing perception_interface.egg-info/PKG-INFO
[1.148s] writing dependency_links to perception_interface.egg-info/dependency_links.txt
[1.149s] writing top-level names to perception_interface.egg-info/top_level.txt
[1.187s] reading manifest file 'perception_interface.egg-info/SOURCES.txt'
[1.188s] writing manifest file 'perception_interface.egg-info/SOURCES.txt'
[1.205s] [100%] Built target ament_cmake_python_build_perception_interface_egg
[1.212s] Invoked command in '/home/jay/sort/build/perception_interface' returned '0': CMAKE_PREFIX_PATH=${CMAKE_PREFIX_PATH}:/opt/ros/humble /usr/bin/cmake --build /home/jay/sort/build/perception_interface -- -j20 -l20
[1.217s] Invoking command in '/home/jay/sort/build/perception_interface': CMAKE_PREFIX_PATH=${CMAKE_PREFIX_PATH}:/opt/ros/humble /usr/bin/cmake --install /home/jay/sort/build/perception_interface
[1.221s] -- Install configuration: ""
[1.221s] -- Execute custom install script
[1.221s] -- Up-to-date symlink: /home/jay/sort/install/perception_interface/share/ament_index/resource_index/rosidl_interfaces/perception_interface
[1.222s] -- Up-to-date symlink: /home/jay/sort/install/perception_interface/include/perception_interface/perception_interface/msg/detail/detection_array__functions.h
[1.222s] -- Up-to-date symlink: /home/jay/sort/install/perception_interface/include/perception_interface/perception_interface/msg/detail/detection_array__struct.h
[1.222s] -- Up-to-date symlink: /home/jay/sort/install/perception_interface/include/perception_interface/perception_interface/msg/detail/detection_array__type_support.h
[1.222s] -- Up-to-date symlink: /home/jay/sort/install/perception_interface/include/perception_interface/perception_interface/msg/detail/detection_result__functions.h
[1.222s] -- Up-to-date symlink: /home/jay/sort/install/perception_interface/include/perception_interface/perception_interface/msg/detail/detection_result__struct.h
[1.222s] -- Up-to-date symlink: /home/jay/sort/install/perception_interface/include/perception_interface/perception_interface/msg/detail/detection_result__type_support.h
[1.222s] -- Up-to-date symlink: /home/jay/sort/install/perception_interface/include/perception_interface/perception_interface/msg/detection_array.h
[1.222s] -- Up-to-date symlink: /home/jay/sort/install/perception_interface/include/perception_interface/perception_interface/msg/detection_result.h
[1.222s] -- Up-to-date symlink: /home/jay/sort/install/perception_interface/include/perception_interface/perception_interface/msg/rosidl_generator_c__visibility_control.h
[1.222s] -- Up-to-date symlink: /home/jay/sort/install/perception_interface/share/perception_interface/environment/library_path.sh
[1.222s] -- Up-to-date symlink: /home/jay/sort/install/perception_interface/share/perception_interface/environment/library_path.dsv
[1.223s] -- Up-to-date symlink: /home/jay/sort/install/perception_interface/include/perception_interface/perception_interface/msg/detail/detection_array__rosidl_typesupport_fastrtps_c.h
[1.223s] -- Up-to-date symlink: /home/jay/sort/install/perception_interface/include/perception_interface/perception_interface/msg/detail/detection_result__rosidl_typesupport_fastrtps_c.h
[1.223s] -- Up-to-date symlink: /home/jay/sort/install/perception_interface/include/perception_interface/perception_interface/msg/rosidl_typesupport_fastrtps_c__visibility_control.h
[1.223s] -- Up-to-date symlink: /home/jay/sort/install/perception_interface/include/perception_interface/perception_interface/msg/detail/detection_array__builder.hpp
[1.223s] -- Up-to-date symlink: /home/jay/sort/install/perception_interface/include/perception_interface/perception_interface/msg/detail/detection_array__struct.hpp
[1.223s] -- Up-to-date symlink: /home/jay/sort/install/perception_interface/include/perception_interface/perception_interface/msg/detail/detection_array__traits.hpp
[1.223s] -- Up-to-date symlink: /home/jay/sort/install/perception_interface/include/perception_interface/perception_interface/msg/detail/detection_array__type_support.hpp
[1.223s] -- Up-to-date symlink: /home/jay/sort/install/perception_interface/include/perception_interface/perception_interface/msg/detail/detection_result__builder.hpp
[1.223s] -- Up-to-date symlink: /home/jay/sort/install/perception_interface/include/perception_interface/perception_interface/msg/detail/detection_result__struct.hpp
[1.223s] -- Up-to-date symlink: /home/jay/sort/install/perception_interface/include/perception_interface/perception_interface/msg/detail/detection_result__traits.hpp
[1.224s] -- Up-to-date symlink: /home/jay/sort/install/perception_interface/include/perception_interface/perception_interface/msg/detail/detection_result__type_support.hpp
[1.224s] -- Up-to-date symlink: /home/jay/sort/install/perception_interface/include/perception_interface/perception_interface/msg/detection_array.hpp
[1.224s] -- Up-to-date symlink: /home/jay/sort/install/perception_interface/include/perception_interface/perception_interface/msg/detection_result.hpp
[1.224s] -- Up-to-date symlink: /home/jay/sort/install/perception_interface/include/perception_interface/perception_interface/msg/rosidl_generator_cpp__visibility_control.hpp
[1.224s] -- Up-to-date symlink: /home/jay/sort/install/perception_interface/include/perception_interface/perception_interface/msg/detail/detection_array__rosidl_typesupport_fastrtps_cpp.hpp
[1.224s] -- Up-to-date symlink: /home/jay/sort/install/perception_interface/include/perception_interface/perception_interface/msg/detail/detection_result__rosidl_typesupport_fastrtps_cpp.hpp
[1.224s] -- Up-to-date symlink: /home/jay/sort/install/perception_interface/include/perception_interface/perception_interface/msg/rosidl_typesupport_fastrtps_cpp__visibility_control.h
[1.224s] -- Up-to-date symlink: /home/jay/sort/install/perception_interface/include/perception_interface/perception_interface/msg/detail/detection_array__rosidl_typesupport_introspection_c.h
[1.224s] -- Up-to-date symlink: /home/jay/sort/install/perception_interface/include/perception_interface/perception_interface/msg/detail/detection_result__rosidl_typesupport_introspection_c.h
[1.225s] -- Up-to-date symlink: /home/jay/sort/install/perception_interface/include/perception_interface/perception_interface/msg/rosidl_typesupport_introspection_c__visibility_control.h
[1.225s] -- Up-to-date symlink: /home/jay/sort/install/perception_interface/include/perception_interface/perception_interface/msg/detail/detection_array__rosidl_typesupport_introspection_cpp.hpp
[1.225s] -- Up-to-date symlink: /home/jay/sort/install/perception_interface/include/perception_interface/perception_interface/msg/detail/detection_result__rosidl_typesupport_introspection_cpp.hpp
[1.225s] -- Up-to-date symlink: /home/jay/sort/install/perception_interface/share/perception_interface/environment/pythonpath.sh
[1.225s] -- Up-to-date symlink: /home/jay/sort/install/perception_interface/share/perception_interface/environment/pythonpath.dsv
[1.225s] -- Up-to-date symlink: /home/jay/sort/install/perception_interface/local/lib/python3.10/dist-packages/perception_interface-0.0.0-py3.10.egg-info/PKG-INFO
[1.225s] -- Up-to-date symlink: /home/jay/sort/install/perception_interface/local/lib/python3.10/dist-packages/perception_interface-0.0.0-py3.10.egg-info/SOURCES.txt
[1.225s] -- Up-to-date symlink: /home/jay/sort/install/perception_interface/local/lib/python3.10/dist-packages/perception_interface-0.0.0-py3.10.egg-info/dependency_links.txt
[1.225s] -- Up-to-date symlink: /home/jay/sort/install/perception_interface/local/lib/python3.10/dist-packages/perception_interface-0.0.0-py3.10.egg-info/top_level.txt
[1.226s] -- Up-to-date symlink: /home/jay/sort/install/perception_interface/local/lib/python3.10/dist-packages/perception_interface/__init__.py
[1.226s] -- Up-to-date symlink: /home/jay/sort/install/perception_interface/local/lib/python3.10/dist-packages/perception_interface/_perception_interface_s.ep.rosidl_typesupport_c.c
[1.226s] -- Up-to-date symlink: /home/jay/sort/install/perception_interface/local/lib/python3.10/dist-packages/perception_interface/_perception_interface_s.ep.rosidl_typesupport_fastrtps_c.c
[1.226s] -- Up-to-date symlink: /home/jay/sort/install/perception_interface/local/lib/python3.10/dist-packages/perception_interface/_perception_interface_s.ep.rosidl_typesupport_introspection_c.c
[1.226s] -- Up-to-date symlink: /home/jay/sort/install/perception_interface/local/lib/python3.10/dist-packages/perception_interface/libperception_interface__rosidl_generator_py.so
[1.226s] -- Up-to-date symlink: /home/jay/sort/install/perception_interface/local/lib/python3.10/dist-packages/perception_interface/msg/__init__.py
[1.226s] -- Up-to-date symlink: /home/jay/sort/install/perception_interface/local/lib/python3.10/dist-packages/perception_interface/msg/_detection_array.py
[1.226s] -- Up-to-date symlink: /home/jay/sort/install/perception_interface/local/lib/python3.10/dist-packages/perception_interface/msg/_detection_array_s.c
[1.226s] -- Up-to-date symlink: /home/jay/sort/install/perception_interface/local/lib/python3.10/dist-packages/perception_interface/msg/_detection_result.py
[1.226s] -- Up-to-date symlink: /home/jay/sort/install/perception_interface/local/lib/python3.10/dist-packages/perception_interface/msg/_detection_result_s.c
[1.226s] -- Up-to-date symlink: /home/jay/sort/install/perception_interface/local/lib/python3.10/dist-packages/perception_interface/perception_interface_s__rosidl_typesupport_c.cpython-310-x86_64-linux-gnu.so
[1.226s] -- Up-to-date symlink: /home/jay/sort/install/perception_interface/local/lib/python3.10/dist-packages/perception_interface/perception_interface_s__rosidl_typesupport_fastrtps_c.cpython-310-x86_64-linux-gnu.so
[1.227s] -- Up-to-date symlink: /home/jay/sort/install/perception_interface/local/lib/python3.10/dist-packages/perception_interface/perception_interface_s__rosidl_typesupport_introspection_c.cpython-310-x86_64-linux-gnu.so
[1.227s] -- Up-to-date symlink: /home/jay/sort/install/perception_interface/local/lib/python3.10/dist-packages/perception_interface/perception_interface_s__rosidl_typesupport_fastrtps_c.cpython-310-x86_64-linux-gnu.so
[1.227s] -- Up-to-date symlink: /home/jay/sort/install/perception_interface/local/lib/python3.10/dist-packages/perception_interface/perception_interface_s__rosidl_typesupport_introspection_c.cpython-310-x86_64-linux-gnu.so
[1.227s] -- Up-to-date symlink: /home/jay/sort/install/perception_interface/local/lib/python3.10/dist-packages/perception_interface/perception_interface_s__rosidl_typesupport_c.cpython-310-x86_64-linux-gnu.so
[1.227s] -- Up-to-date symlink: /home/jay/sort/install/perception_interface/share/perception_interface/msg/DetectionResult.idl
[1.227s] -- Up-to-date symlink: /home/jay/sort/install/perception_interface/share/perception_interface/msg/DetectionArray.idl
[1.227s] -- Up-to-date symlink: /home/jay/sort/install/perception_interface/share/perception_interface/msg/DetectionResult.msg
[1.227s] -- Up-to-date symlink: /home/jay/sort/install/perception_interface/share/perception_interface/msg/DetectionArray.msg
[1.228s] -- Up-to-date symlink: /home/jay/sort/install/perception_interface/share/ament_index/resource_index/package_run_dependencies/perception_interface
[1.228s] -- Up-to-date symlink: /home/jay/sort/install/perception_interface/share/ament_index/resource_index/parent_prefix_path/perception_interface
[1.228s] -- Up-to-date symlink: /home/jay/sort/install/perception_interface/share/perception_interface/environment/ament_prefix_path.sh
[1.228s] -- Up-to-date symlink: /home/jay/sort/install/perception_interface/share/perception_interface/environment/ament_prefix_path.dsv
[1.228s] -- Up-to-date symlink: /home/jay/sort/install/perception_interface/share/perception_interface/environment/path.sh
[1.228s] -- Up-to-date symlink: /home/jay/sort/install/perception_interface/share/perception_interface/environment/path.dsv
[1.228s] -- Up-to-date symlink: /home/jay/sort/install/perception_interface/share/perception_interface/local_setup.bash
[1.228s] -- Up-to-date symlink: /home/jay/sort/install/perception_interface/share/perception_interface/local_setup.sh
[1.228s] -- Up-to-date symlink: /home/jay/sort/install/perception_interface/share/perception_interface/local_setup.zsh
[1.228s] -- Up-to-date symlink: /home/jay/sort/install/perception_interface/share/perception_interface/local_setup.dsv
[1.229s] -- Symlinking: /home/jay/sort/install/perception_interface/share/perception_interface/package.dsv
[1.234s] -- Up-to-date symlink: /home/jay/sort/install/perception_interface/share/ament_index/resource_index/packages/perception_interface
[1.234s] -- Up-to-date symlink: /home/jay/sort/install/perception_interface/share/perception_interface/cmake/rosidl_cmake-extras.cmake
[1.234s] -- Up-to-date symlink: /home/jay/sort/install/perception_interface/share/perception_interface/cmake/ament_cmake_export_dependencies-extras.cmake
[1.234s] -- Up-to-date symlink: /home/jay/sort/install/perception_interface/share/perception_interface/cmake/ament_cmake_export_include_directories-extras.cmake
[1.234s] -- Up-to-date symlink: /home/jay/sort/install/perception_interface/share/perception_interface/cmake/ament_cmake_export_libraries-extras.cmake
[1.235s] -- Up-to-date symlink: /home/jay/sort/install/perception_interface/share/perception_interface/cmake/ament_cmake_export_targets-extras.cmake
[1.235s] -- Up-to-date symlink: /home/jay/sort/install/perception_interface/share/perception_interface/cmake/rosidl_cmake_export_typesupport_targets-extras.cmake
[1.235s] -- Up-to-date symlink: /home/jay/sort/install/perception_interface/share/perception_interface/cmake/rosidl_cmake_export_typesupport_libraries-extras.cmake
[1.235s] -- Up-to-date symlink: /home/jay/sort/install/perception_interface/share/perception_interface/cmake/perception_interfaceConfig.cmake
[1.235s] -- Up-to-date symlink: /home/jay/sort/install/perception_interface/share/perception_interface/cmake/perception_interfaceConfig-version.cmake
[1.235s] -- Up-to-date symlink: /home/jay/sort/install/perception_interface/share/perception_interface/package.xml
[1.235s] -- Up-to-date: /home/jay/sort/install/perception_interface/lib/libperception_interface__rosidl_generator_c.so
[1.235s] -- Up-to-date: /home/jay/sort/install/perception_interface/lib/libperception_interface__rosidl_typesupport_fastrtps_c.so
[1.235s] -- Up-to-date: /home/jay/sort/install/perception_interface/lib/libperception_interface__rosidl_typesupport_fastrtps_cpp.so
[1.236s] -- Up-to-date: /home/jay/sort/install/perception_interface/lib/libperception_interface__rosidl_typesupport_introspection_c.so
[1.236s] -- Up-to-date: /home/jay/sort/install/perception_interface/lib/libperception_interface__rosidl_typesupport_c.so
[1.236s] -- Up-to-date: /home/jay/sort/install/perception_interface/lib/libperception_interface__rosidl_typesupport_introspection_cpp.so
[1.236s] -- Up-to-date: /home/jay/sort/install/perception_interface/lib/libperception_interface__rosidl_typesupport_cpp.so
[1.258s] Listing '/home/jay/sort/install/perception_interface/local/lib/python3.10/dist-packages/perception_interface'...
[1.258s] Compiling '/home/jay/sort/install/perception_interface/local/lib/python3.10/dist-packages/perception_interface/__init__.py'...
[1.258s] Listing '/home/jay/sort/install/perception_interface/local/lib/python3.10/dist-packages/perception_interface/msg'...
[1.261s] -- Up-to-date: /home/jay/sort/install/perception_interface/lib/libperception_interface__rosidl_generator_py.so
[1.261s] -- Up-to-date: /home/jay/sort/install/perception_interface/share/perception_interface/cmake/export_perception_interface__rosidl_generator_cExport.cmake
[1.261s] -- Up-to-date: /home/jay/sort/install/perception_interface/share/perception_interface/cmake/export_perception_interface__rosidl_generator_cExport-noconfig.cmake
[1.261s] -- Up-to-date: /home/jay/sort/install/perception_interface/share/perception_interface/cmake/export_perception_interface__rosidl_typesupport_fastrtps_cExport.cmake
[1.261s] -- Up-to-date: /home/jay/sort/install/perception_interface/share/perception_interface/cmake/export_perception_interface__rosidl_typesupport_fastrtps_cExport-noconfig.cmake
[1.262s] -- Up-to-date: /home/jay/sort/install/perception_interface/share/perception_interface/cmake/export_perception_interface__rosidl_generator_cppExport.cmake
[1.262s] -- Up-to-date: /home/jay/sort/install/perception_interface/share/perception_interface/cmake/export_perception_interface__rosidl_typesupport_fastrtps_cppExport.cmake
[1.262s] -- Up-to-date: /home/jay/sort/install/perception_interface/share/perception_interface/cmake/export_perception_interface__rosidl_typesupport_fastrtps_cppExport-noconfig.cmake
[1.262s] -- Up-to-date: /home/jay/sort/install/perception_interface/share/perception_interface/cmake/perception_interface__rosidl_typesupport_introspection_cExport.cmake
[1.262s] -- Up-to-date: /home/jay/sort/install/perception_interface/share/perception_interface/cmake/perception_interface__rosidl_typesupport_introspection_cExport-noconfig.cmake
[1.262s] -- Up-to-date: /home/jay/sort/install/perception_interface/share/perception_interface/cmake/perception_interface__rosidl_typesupport_cExport.cmake
[1.262s] -- Up-to-date: /home/jay/sort/install/perception_interface/share/perception_interface/cmake/perception_interface__rosidl_typesupport_cExport-noconfig.cmake
[1.262s] -- Up-to-date: /home/jay/sort/install/perception_interface/share/perception_interface/cmake/perception_interface__rosidl_typesupport_introspection_cppExport.cmake
[1.262s] -- Up-to-date: /home/jay/sort/install/perception_interface/share/perception_interface/cmake/perception_interface__rosidl_typesupport_introspection_cppExport-noconfig.cmake
[1.262s] -- Up-to-date: /home/jay/sort/install/perception_interface/share/perception_interface/cmake/perception_interface__rosidl_typesupport_cppExport.cmake
[1.262s] -- Up-to-date: /home/jay/sort/install/perception_interface/share/perception_interface/cmake/perception_interface__rosidl_typesupport_cppExport-noconfig.cmake
[1.262s] -- Up-to-date: /home/jay/sort/install/perception_interface/share/perception_interface/cmake/export_perception_interface__rosidl_generator_pyExport.cmake
[1.262s] -- Up-to-date: /home/jay/sort/install/perception_interface/share/perception_interface/cmake/export_perception_interface__rosidl_generator_pyExport-noconfig.cmake
[1.263s] Invoked command in '/home/jay/sort/build/perception_interface' returned '0': CMAKE_PREFIX_PATH=${CMAKE_PREFIX_PATH}:/opt/ros/humble /usr/bin/cmake --install /home/jay/sort/build/perception_interface
