/home/jay/.local/lib/python3.10/site-packages/setuptools/_distutils/dist.py:289: UserWarning: Unknown distribution option: 'tests_require'
  warnings.warn(msg)
running develop
running egg_info
creating ultralytics_ros2.egg-info
writing ultralytics_ros2.egg-info/PKG-INFO
writing dependency_links to ultralytics_ros2.egg-info/dependency_links.txt
writing entry points to ultralytics_ros2.egg-info/entry_points.txt
writing requirements to ultralytics_ros2.egg-info/requires.txt
writing top-level names to ultralytics_ros2.egg-info/top_level.txt
writing manifest file 'ultralytics_ros2.egg-info/SOURCES.txt'
reading manifest file 'ultralytics_ros2.egg-info/SOURCES.txt'
writing manifest file 'ultralytics_ros2.egg-info/SOURCES.txt'
running build_ext
Creating /home/jay/SCV_Perception/install/ultralytics_ros2/lib/python3.10/site-packages/ultralytics-ros2.egg-link (link to .)
Installing seg_run script to /home/jay/SCV_Perception/install/ultralytics_ros2/lib/ultralytics_ros2

Installed /home/jay/SCV_Perception/build/ultralytics_ros2
running symlink_data
creating /home/jay/SCV_Perception/install/ultralytics_ros2/share/ament_index/resource_index/packages
symbolically linking /home/jay/SCV_Perception/build/ultralytics_ros2/resource/ultralytics_ros2 -> /home/jay/SCV_Perception/install/ultralytics_ros2/share/ament_index/resource_index/packages
symbolically linking /home/jay/SCV_Perception/build/ultralytics_ros2/package.xml -> /home/jay/SCV_Perception/install/ultralytics_ros2/share/ultralytics_ros2
creating /home/jay/SCV_Perception/install/ultralytics_ros2/share/ultralytics_ros2/launch
symbolically linking /home/jay/SCV_Perception/build/ultralytics_ros2/launch/seg.launch.py -> /home/jay/SCV_Perception/install/ultralytics_ros2/share/ultralytics_ros2/launch
creating /home/jay/SCV_Perception/install/ultralytics_ros2/share/ultralytics_ros2/model
creating /home/jay/SCV_Perception/install/ultralytics_ros2/share/ultralytics_ros2/params
