[0.007s] Invoking command in '/home/jay/sort/build/perception_interface': CMAKE_PREFIX_PATH=${CMAKE_PREFIX_PATH}:/opt/ros/humble /usr/bin/cmake --build /home/jay/sort/build/perception_interface -- -j20 -l20
[0.032s] [35m[1mConsolidate compiler generated dependencies of target perception_interface__rosidl_generator_c[0m
[0.038s] [  2%] Built target perception_interface__cpp
[0.039s] [ 12%] Built target perception_interface__rosidl_generator_c
[0.042s] [ 12%] Built target ament_cmake_python_symlink_perception_interface
[0.044s] [35m[1mConsolidate compiler generated dependencies of target perception_interface__rosidl_typesupport_cpp[0m
[0.045s] [35m[1mConsolidate compiler generated dependencies of target perception_interface__rosidl_typesupport_fastrtps_cpp[0m
[0.045s] [35m[1mConsolidate compiler generated dependencies of target perception_interface__rosidl_typesupport_introspection_cpp[0m
[0.045s] [35m[1mConsolidate compiler generated dependencies of target perception_interface__rosidl_typesupport_c[0m
[0.045s] [35m[1mConsolidate compiler generated dependencies of target perception_interface__rosidl_typesupport_introspection_c[0m
[0.045s] [35m[1mConsolidate compiler generated dependencies of target perception_interface__rosidl_typesupport_fastrtps_c[0m
[0.052s] [ 33%] Built target perception_interface__rosidl_typesupport_cpp
[0.052s] [ 33%] Built target perception_interface__rosidl_typesupport_introspection_c
[0.053s] [ 43%] Built target perception_interface__rosidl_typesupport_c
[0.053s] [ 53%] Built target perception_interface__rosidl_typesupport_fastrtps_cpp
[0.053s] [ 64%] Built target perception_interface__rosidl_typesupport_fastrtps_c
[0.053s] [ 74%] Built target perception_interface__rosidl_typesupport_introspection_cpp
[0.065s] [ 74%] Built target perception_interface
[0.077s] [ 76%] Built target perception_interface__py
[0.083s] [35m[1mConsolidate compiler generated dependencies of target perception_interface__rosidl_generator_py[0m
[0.091s] [ 84%] Built target perception_interface__rosidl_generator_py
[0.097s] [35m[1mConsolidate compiler generated dependencies of target perception_interface__rosidl_typesupport_fastrtps_c__pyext[0m
[0.097s] [35m[1mConsolidate compiler generated dependencies of target perception_interface__rosidl_typesupport_introspection_c__pyext[0m
[0.097s] [35m[1mConsolidate compiler generated dependencies of target perception_interface__rosidl_typesupport_c__pyext[0m
[0.105s] [100%] Built target perception_interface__rosidl_typesupport_c__pyext
[0.105s] [100%] Built target perception_interface__rosidl_typesupport_fastrtps_c__pyext
[0.105s] [100%] Built target perception_interface__rosidl_typesupport_introspection_c__pyext
[0.205s] running egg_info
[0.219s] writing perception_interface.egg-info/PKG-INFO
[0.219s] writing dependency_links to perception_interface.egg-info/dependency_links.txt
[0.219s] writing top-level names to perception_interface.egg-info/top_level.txt
[0.260s] reading manifest file 'perception_interface.egg-info/SOURCES.txt'
[0.261s] writing manifest file 'perception_interface.egg-info/SOURCES.txt'
[0.278s] [100%] Built target ament_cmake_python_build_perception_interface_egg
[0.285s] Invoked command in '/home/jay/sort/build/perception_interface' returned '0': CMAKE_PREFIX_PATH=${CMAKE_PREFIX_PATH}:/opt/ros/humble /usr/bin/cmake --build /home/jay/sort/build/perception_interface -- -j20 -l20
[0.290s] Invoking command in '/home/jay/sort/build/perception_interface': CMAKE_PREFIX_PATH=${CMAKE_PREFIX_PATH}:/opt/ros/humble /usr/bin/cmake --install /home/jay/sort/build/perception_interface
[0.294s] -- Install configuration: ""
[0.295s] -- Execute custom install script
[0.295s] -- Up-to-date symlink: /home/jay/sort/install/perception_interface/share/ament_index/resource_index/rosidl_interfaces/perception_interface
[0.295s] -- Up-to-date symlink: /home/jay/sort/install/perception_interface/include/perception_interface/perception_interface/msg/detail/detection_array__functions.h
[0.295s] -- Up-to-date symlink: /home/jay/sort/install/perception_interface/include/perception_interface/perception_interface/msg/detail/detection_array__struct.h
[0.295s] -- Up-to-date symlink: /home/jay/sort/install/perception_interface/include/perception_interface/perception_interface/msg/detail/detection_array__type_support.h
[0.295s] -- Up-to-date symlink: /home/jay/sort/install/perception_interface/include/perception_interface/perception_interface/msg/detail/detection_result__functions.h
[0.295s] -- Up-to-date symlink: /home/jay/sort/install/perception_interface/include/perception_interface/perception_interface/msg/detail/detection_result__struct.h
[0.295s] -- Up-to-date symlink: /home/jay/sort/install/perception_interface/include/perception_interface/perception_interface/msg/detail/detection_result__type_support.h
[0.296s] -- Up-to-date symlink: /home/jay/sort/install/perception_interface/include/perception_interface/perception_interface/msg/detection_array.h
[0.296s] -- Up-to-date symlink: /home/jay/sort/install/perception_interface/include/perception_interface/perception_interface/msg/detection_result.h
[0.296s] -- Up-to-date symlink: /home/jay/sort/install/perception_interface/include/perception_interface/perception_interface/msg/rosidl_generator_c__visibility_control.h
[0.296s] -- Up-to-date symlink: /home/jay/sort/install/perception_interface/share/perception_interface/environment/library_path.sh
[0.296s] -- Up-to-date symlink: /home/jay/sort/install/perception_interface/share/perception_interface/environment/library_path.dsv
[0.296s] -- Up-to-date symlink: /home/jay/sort/install/perception_interface/include/perception_interface/perception_interface/msg/detail/detection_array__rosidl_typesupport_fastrtps_c.h
[0.296s] -- Up-to-date symlink: /home/jay/sort/install/perception_interface/include/perception_interface/perception_interface/msg/detail/detection_result__rosidl_typesupport_fastrtps_c.h
[0.296s] -- Up-to-date symlink: /home/jay/sort/install/perception_interface/include/perception_interface/perception_interface/msg/rosidl_typesupport_fastrtps_c__visibility_control.h
[0.296s] -- Up-to-date symlink: /home/jay/sort/install/perception_interface/include/perception_interface/perception_interface/msg/detail/detection_array__builder.hpp
[0.296s] -- Up-to-date symlink: /home/jay/sort/install/perception_interface/include/perception_interface/perception_interface/msg/detail/detection_array__struct.hpp
[0.297s] -- Up-to-date symlink: /home/jay/sort/install/perception_interface/include/perception_interface/perception_interface/msg/detail/detection_array__traits.hpp
[0.297s] -- Up-to-date symlink: /home/jay/sort/install/perception_interface/include/perception_interface/perception_interface/msg/detail/detection_array__type_support.hpp
[0.297s] -- Up-to-date symlink: /home/jay/sort/install/perception_interface/include/perception_interface/perception_interface/msg/detail/detection_result__builder.hpp
[0.297s] -- Up-to-date symlink: /home/jay/sort/install/perception_interface/include/perception_interface/perception_interface/msg/detail/detection_result__struct.hpp
[0.297s] -- Up-to-date symlink: /home/jay/sort/install/perception_interface/include/perception_interface/perception_interface/msg/detail/detection_result__traits.hpp
[0.297s] -- Up-to-date symlink: /home/jay/sort/install/perception_interface/include/perception_interface/perception_interface/msg/detail/detection_result__type_support.hpp
[0.297s] -- Up-to-date symlink: /home/jay/sort/install/perception_interface/include/perception_interface/perception_interface/msg/detection_array.hpp
[0.297s] -- Up-to-date symlink: /home/jay/sort/install/perception_interface/include/perception_interface/perception_interface/msg/detection_result.hpp
[0.297s] -- Up-to-date symlink: /home/jay/sort/install/perception_interface/include/perception_interface/perception_interface/msg/rosidl_generator_cpp__visibility_control.hpp
[0.297s] -- Up-to-date symlink: /home/jay/sort/install/perception_interface/include/perception_interface/perception_interface/msg/detail/detection_array__rosidl_typesupport_fastrtps_cpp.hpp
[0.297s] -- Up-to-date symlink: /home/jay/sort/install/perception_interface/include/perception_interface/perception_interface/msg/detail/detection_result__rosidl_typesupport_fastrtps_cpp.hpp
[0.297s] -- Up-to-date symlink: /home/jay/sort/install/perception_interface/include/perception_interface/perception_interface/msg/rosidl_typesupport_fastrtps_cpp__visibility_control.h
[0.298s] -- Up-to-date symlink: /home/jay/sort/install/perception_interface/include/perception_interface/perception_interface/msg/detail/detection_array__rosidl_typesupport_introspection_c.h
[0.298s] -- Up-to-date symlink: /home/jay/sort/install/perception_interface/include/perception_interface/perception_interface/msg/detail/detection_result__rosidl_typesupport_introspection_c.h
[0.298s] -- Up-to-date symlink: /home/jay/sort/install/perception_interface/include/perception_interface/perception_interface/msg/rosidl_typesupport_introspection_c__visibility_control.h
[0.298s] -- Up-to-date symlink: /home/jay/sort/install/perception_interface/include/perception_interface/perception_interface/msg/detail/detection_array__rosidl_typesupport_introspection_cpp.hpp
[0.298s] -- Up-to-date symlink: /home/jay/sort/install/perception_interface/include/perception_interface/perception_interface/msg/detail/detection_result__rosidl_typesupport_introspection_cpp.hpp
[0.298s] -- Up-to-date symlink: /home/jay/sort/install/perception_interface/share/perception_interface/environment/pythonpath.sh
[0.298s] -- Up-to-date symlink: /home/jay/sort/install/perception_interface/share/perception_interface/environment/pythonpath.dsv
[0.299s] -- Up-to-date symlink: /home/jay/sort/install/perception_interface/local/lib/python3.10/dist-packages/perception_interface-0.0.0-py3.10.egg-info/PKG-INFO
[0.299s] -- Up-to-date symlink: /home/jay/sort/install/perception_interface/local/lib/python3.10/dist-packages/perception_interface-0.0.0-py3.10.egg-info/SOURCES.txt
[0.299s] -- Up-to-date symlink: /home/jay/sort/install/perception_interface/local/lib/python3.10/dist-packages/perception_interface-0.0.0-py3.10.egg-info/dependency_links.txt
[0.299s] -- Up-to-date symlink: /home/jay/sort/install/perception_interface/local/lib/python3.10/dist-packages/perception_interface-0.0.0-py3.10.egg-info/top_level.txt
[0.299s] -- Up-to-date symlink: /home/jay/sort/install/perception_interface/local/lib/python3.10/dist-packages/perception_interface/__init__.py
[0.299s] -- Up-to-date symlink: /home/jay/sort/install/perception_interface/local/lib/python3.10/dist-packages/perception_interface/_perception_interface_s.ep.rosidl_typesupport_c.c
[0.299s] -- Up-to-date symlink: /home/jay/sort/install/perception_interface/local/lib/python3.10/dist-packages/perception_interface/_perception_interface_s.ep.rosidl_typesupport_fastrtps_c.c
[0.299s] -- Up-to-date symlink: /home/jay/sort/install/perception_interface/local/lib/python3.10/dist-packages/perception_interface/_perception_interface_s.ep.rosidl_typesupport_introspection_c.c
[0.299s] -- Up-to-date symlink: /home/jay/sort/install/perception_interface/local/lib/python3.10/dist-packages/perception_interface/libperception_interface__rosidl_generator_py.so
[0.299s] -- Up-to-date symlink: /home/jay/sort/install/perception_interface/local/lib/python3.10/dist-packages/perception_interface/msg/__init__.py
[0.299s] -- Up-to-date symlink: /home/jay/sort/install/perception_interface/local/lib/python3.10/dist-packages/perception_interface/msg/_detection_array.py
[0.300s] -- Up-to-date symlink: /home/jay/sort/install/perception_interface/local/lib/python3.10/dist-packages/perception_interface/msg/_detection_array_s.c
[0.300s] -- Up-to-date symlink: /home/jay/sort/install/perception_interface/local/lib/python3.10/dist-packages/perception_interface/msg/_detection_result.py
[0.300s] -- Up-to-date symlink: /home/jay/sort/install/perception_interface/local/lib/python3.10/dist-packages/perception_interface/msg/_detection_result_s.c
[0.300s] -- Up-to-date symlink: /home/jay/sort/install/perception_interface/local/lib/python3.10/dist-packages/perception_interface/perception_interface_s__rosidl_typesupport_c.cpython-310-x86_64-linux-gnu.so
[0.300s] -- Up-to-date symlink: /home/jay/sort/install/perception_interface/local/lib/python3.10/dist-packages/perception_interface/perception_interface_s__rosidl_typesupport_fastrtps_c.cpython-310-x86_64-linux-gnu.so
[0.300s] -- Up-to-date symlink: /home/jay/sort/install/perception_interface/local/lib/python3.10/dist-packages/perception_interface/perception_interface_s__rosidl_typesupport_introspection_c.cpython-310-x86_64-linux-gnu.so
[0.300s] -- Up-to-date symlink: /home/jay/sort/install/perception_interface/local/lib/python3.10/dist-packages/perception_interface/perception_interface_s__rosidl_typesupport_fastrtps_c.cpython-310-x86_64-linux-gnu.so
[0.300s] -- Up-to-date symlink: /home/jay/sort/install/perception_interface/local/lib/python3.10/dist-packages/perception_interface/perception_interface_s__rosidl_typesupport_introspection_c.cpython-310-x86_64-linux-gnu.so
[0.300s] -- Up-to-date symlink: /home/jay/sort/install/perception_interface/local/lib/python3.10/dist-packages/perception_interface/perception_interface_s__rosidl_typesupport_c.cpython-310-x86_64-linux-gnu.so
[0.300s] -- Up-to-date symlink: /home/jay/sort/install/perception_interface/share/perception_interface/msg/DetectionResult.idl
[0.301s] -- Up-to-date symlink: /home/jay/sort/install/perception_interface/share/perception_interface/msg/DetectionArray.idl
[0.301s] -- Up-to-date symlink: /home/jay/sort/install/perception_interface/share/perception_interface/msg/DetectionResult.msg
[0.301s] -- Up-to-date symlink: /home/jay/sort/install/perception_interface/share/perception_interface/msg/DetectionArray.msg
[0.301s] -- Up-to-date symlink: /home/jay/sort/install/perception_interface/share/ament_index/resource_index/package_run_dependencies/perception_interface
[0.301s] -- Up-to-date symlink: /home/jay/sort/install/perception_interface/share/ament_index/resource_index/parent_prefix_path/perception_interface
[0.301s] -- Up-to-date symlink: /home/jay/sort/install/perception_interface/share/perception_interface/environment/ament_prefix_path.sh
[0.301s] -- Up-to-date symlink: /home/jay/sort/install/perception_interface/share/perception_interface/environment/ament_prefix_path.dsv
[0.301s] -- Up-to-date symlink: /home/jay/sort/install/perception_interface/share/perception_interface/environment/path.sh
[0.301s] -- Up-to-date symlink: /home/jay/sort/install/perception_interface/share/perception_interface/environment/path.dsv
[0.301s] -- Up-to-date symlink: /home/jay/sort/install/perception_interface/share/perception_interface/local_setup.bash
[0.301s] -- Up-to-date symlink: /home/jay/sort/install/perception_interface/share/perception_interface/local_setup.sh
[0.302s] -- Up-to-date symlink: /home/jay/sort/install/perception_interface/share/perception_interface/local_setup.zsh
[0.302s] -- Up-to-date symlink: /home/jay/sort/install/perception_interface/share/perception_interface/local_setup.dsv
[0.302s] -- Symlinking: /home/jay/sort/install/perception_interface/share/perception_interface/package.dsv
[0.307s] -- Up-to-date symlink: /home/jay/sort/install/perception_interface/share/ament_index/resource_index/packages/perception_interface
[0.307s] -- Up-to-date symlink: /home/jay/sort/install/perception_interface/share/perception_interface/cmake/rosidl_cmake-extras.cmake
[0.307s] -- Up-to-date symlink: /home/jay/sort/install/perception_interface/share/perception_interface/cmake/ament_cmake_export_dependencies-extras.cmake
[0.307s] -- Up-to-date symlink: /home/jay/sort/install/perception_interface/share/perception_interface/cmake/ament_cmake_export_include_directories-extras.cmake
[0.307s] -- Up-to-date symlink: /home/jay/sort/install/perception_interface/share/perception_interface/cmake/ament_cmake_export_libraries-extras.cmake
[0.307s] -- Up-to-date symlink: /home/jay/sort/install/perception_interface/share/perception_interface/cmake/ament_cmake_export_targets-extras.cmake
[0.307s] -- Up-to-date symlink: /home/jay/sort/install/perception_interface/share/perception_interface/cmake/rosidl_cmake_export_typesupport_targets-extras.cmake
[0.307s] -- Up-to-date symlink: /home/jay/sort/install/perception_interface/share/perception_interface/cmake/rosidl_cmake_export_typesupport_libraries-extras.cmake
[0.307s] -- Up-to-date symlink: /home/jay/sort/install/perception_interface/share/perception_interface/cmake/perception_interfaceConfig.cmake
[0.307s] -- Up-to-date symlink: /home/jay/sort/install/perception_interface/share/perception_interface/cmake/perception_interfaceConfig-version.cmake
[0.308s] -- Up-to-date symlink: /home/jay/sort/install/perception_interface/share/perception_interface/package.xml
[0.308s] -- Up-to-date: /home/jay/sort/install/perception_interface/lib/libperception_interface__rosidl_generator_c.so
[0.308s] -- Up-to-date: /home/jay/sort/install/perception_interface/lib/libperception_interface__rosidl_typesupport_fastrtps_c.so
[0.308s] -- Up-to-date: /home/jay/sort/install/perception_interface/lib/libperception_interface__rosidl_typesupport_fastrtps_cpp.so
[0.308s] -- Up-to-date: /home/jay/sort/install/perception_interface/lib/libperception_interface__rosidl_typesupport_introspection_c.so
[0.308s] -- Up-to-date: /home/jay/sort/install/perception_interface/lib/libperception_interface__rosidl_typesupport_c.so
[0.308s] -- Up-to-date: /home/jay/sort/install/perception_interface/lib/libperception_interface__rosidl_typesupport_introspection_cpp.so
[0.309s] -- Up-to-date: /home/jay/sort/install/perception_interface/lib/libperception_interface__rosidl_typesupport_cpp.so
[0.331s] Listing '/home/jay/sort/install/perception_interface/local/lib/python3.10/dist-packages/perception_interface'...
[0.331s] Listing '/home/jay/sort/install/perception_interface/local/lib/python3.10/dist-packages/perception_interface/msg'...
[0.334s] -- Up-to-date: /home/jay/sort/install/perception_interface/lib/libperception_interface__rosidl_generator_py.so
[0.334s] -- Up-to-date: /home/jay/sort/install/perception_interface/share/perception_interface/cmake/export_perception_interface__rosidl_generator_cExport.cmake
[0.334s] -- Up-to-date: /home/jay/sort/install/perception_interface/share/perception_interface/cmake/export_perception_interface__rosidl_generator_cExport-noconfig.cmake
[0.334s] -- Up-to-date: /home/jay/sort/install/perception_interface/share/perception_interface/cmake/export_perception_interface__rosidl_typesupport_fastrtps_cExport.cmake
[0.334s] -- Up-to-date: /home/jay/sort/install/perception_interface/share/perception_interface/cmake/export_perception_interface__rosidl_typesupport_fastrtps_cExport-noconfig.cmake
[0.334s] -- Up-to-date: /home/jay/sort/install/perception_interface/share/perception_interface/cmake/export_perception_interface__rosidl_generator_cppExport.cmake
[0.334s] -- Up-to-date: /home/jay/sort/install/perception_interface/share/perception_interface/cmake/export_perception_interface__rosidl_typesupport_fastrtps_cppExport.cmake
[0.334s] -- Up-to-date: /home/jay/sort/install/perception_interface/share/perception_interface/cmake/export_perception_interface__rosidl_typesupport_fastrtps_cppExport-noconfig.cmake
[0.334s] -- Up-to-date: /home/jay/sort/install/perception_interface/share/perception_interface/cmake/perception_interface__rosidl_typesupport_introspection_cExport.cmake
[0.334s] -- Up-to-date: /home/jay/sort/install/perception_interface/share/perception_interface/cmake/perception_interface__rosidl_typesupport_introspection_cExport-noconfig.cmake
[0.335s] -- Up-to-date: /home/jay/sort/install/perception_interface/share/perception_interface/cmake/perception_interface__rosidl_typesupport_cExport.cmake
[0.335s] -- Up-to-date: /home/jay/sort/install/perception_interface/share/perception_interface/cmake/perception_interface__rosidl_typesupport_cExport-noconfig.cmake
[0.335s] -- Up-to-date: /home/jay/sort/install/perception_interface/share/perception_interface/cmake/perception_interface__rosidl_typesupport_introspection_cppExport.cmake
[0.335s] -- Up-to-date: /home/jay/sort/install/perception_interface/share/perception_interface/cmake/perception_interface__rosidl_typesupport_introspection_cppExport-noconfig.cmake
[0.335s] -- Up-to-date: /home/jay/sort/install/perception_interface/share/perception_interface/cmake/perception_interface__rosidl_typesupport_cppExport.cmake
[0.335s] -- Up-to-date: /home/jay/sort/install/perception_interface/share/perception_interface/cmake/perception_interface__rosidl_typesupport_cppExport-noconfig.cmake
[0.335s] -- Up-to-date: /home/jay/sort/install/perception_interface/share/perception_interface/cmake/export_perception_interface__rosidl_generator_pyExport.cmake
[0.335s] -- Up-to-date: /home/jay/sort/install/perception_interface/share/perception_interface/cmake/export_perception_interface__rosidl_generator_pyExport-noconfig.cmake
[0.336s] Invoked command in '/home/jay/sort/build/perception_interface' returned '0': CMAKE_PREFIX_PATH=${CMAKE_PREFIX_PATH}:/opt/ros/humble /usr/bin/cmake --install /home/jay/sort/build/perception_interface
