-- The C compiler identification is GNU 11.4.0
-- The CXX compiler identification is GNU 11.4.0
-- Detecting C compiler ABI info
-- Detecting C compiler ABI info - done
-- Check for working C compiler: /usr/bin/cc - skipped
-- Detecting C compile features
-- Detecting C compile features - done
-- Detecting CXX compiler ABI info
-- Detecting CXX compiler ABI info - done
-- Check for working CXX compiler: /usr/bin/c++ - skipped
-- Detecting CXX compile features
-- Detecting CXX compile features - done
-- Found ament_cmake: 1.3.12 (/opt/ros/humble/share/ament_cmake/cmake)
-- Found Python3: /usr/bin/python3 (found version "3.10.12") found components: Interpreter 
-- Override CMake install command with custom implementation using symlinks instead of copying resources
-- Configuring done
-- Generating done
-- Build files have been written to: /home/jay/SCV_Perception/build/memsort_ros2
Built target ament_cmake_python_symlink_memsort_ros2_setup
Built target ament_cmake_python_symlink_memsort_ros2
running egg_info
creating memsort_ros2.egg-info
writing memsort_ros2.egg-info/PKG-INFO
writing dependency_links to memsort_ros2.egg-info/dependency_links.txt
writing top-level names to memsort_ros2.egg-info/top_level.txt
writing manifest file 'memsort_ros2.egg-info/SOURCES.txt'
reading manifest file 'memsort_ros2.egg-info/SOURCES.txt'
writing manifest file 'memsort_ros2.egg-info/SOURCES.txt'
Built target ament_cmake_python_build_memsort_ros2_egg
-- Install configuration: ""
-- Execute custom install script
-- Symlinking: /home/jay/SCV_Perception/install/memsort_ros2/share/memsort_ros2/environment/pythonpath.sh
-- Symlinking: /home/jay/SCV_Perception/install/memsort_ros2/share/memsort_ros2/environment/pythonpath.dsv
-- Symlinking: /home/jay/SCV_Perception/install/memsort_ros2/local/lib/python3.10/dist-packages/memsort_ros2-0.1.0-py3.10.egg-info/PKG-INFO
-- Symlinking: /home/jay/SCV_Perception/install/memsort_ros2/local/lib/python3.10/dist-packages/memsort_ros2-0.1.0-py3.10.egg-info/SOURCES.txt
-- Symlinking: /home/jay/SCV_Perception/install/memsort_ros2/local/lib/python3.10/dist-packages/memsort_ros2-0.1.0-py3.10.egg-info/dependency_links.txt
-- Symlinking: /home/jay/SCV_Perception/install/memsort_ros2/local/lib/python3.10/dist-packages/memsort_ros2-0.1.0-py3.10.egg-info/top_level.txt
-- Symlinking: /home/jay/SCV_Perception/install/memsort_ros2/local/lib/python3.10/dist-packages/memsort_ros2/__init__.py
-- Symlinking: /home/jay/SCV_Perception/install/memsort_ros2/local/lib/python3.10/dist-packages/memsort_ros2/memory_sort_node.py
-- Symlinking: /home/jay/SCV_Perception/install/memsort_ros2/local/lib/python3.10/dist-packages/memsort_ros2/your_memory_sort_impl.py
-- Symlinking: /home/jay/SCV_Perception/install/memsort_ros2/lib/memsort_ros2/memory_sort_node
-- Symlinking: /home/jay/SCV_Perception/install/memsort_ros2/share/ament_index/resource_index/package_run_dependencies/memsort_ros2
-- Symlinking: /home/jay/SCV_Perception/install/memsort_ros2/share/ament_index/resource_index/parent_prefix_path/memsort_ros2
-- Symlinking: /home/jay/SCV_Perception/install/memsort_ros2/share/memsort_ros2/environment/ament_prefix_path.sh
-- Symlinking: /home/jay/SCV_Perception/install/memsort_ros2/share/memsort_ros2/environment/ament_prefix_path.dsv
-- Symlinking: /home/jay/SCV_Perception/install/memsort_ros2/share/memsort_ros2/environment/path.sh
-- Symlinking: /home/jay/SCV_Perception/install/memsort_ros2/share/memsort_ros2/environment/path.dsv
-- Symlinking: /home/jay/SCV_Perception/install/memsort_ros2/share/memsort_ros2/local_setup.bash
-- Symlinking: /home/jay/SCV_Perception/install/memsort_ros2/share/memsort_ros2/local_setup.sh
-- Symlinking: /home/jay/SCV_Perception/install/memsort_ros2/share/memsort_ros2/local_setup.zsh
-- Symlinking: /home/jay/SCV_Perception/install/memsort_ros2/share/memsort_ros2/local_setup.dsv
-- Symlinking: /home/jay/SCV_Perception/install/memsort_ros2/share/memsort_ros2/package.dsv
-- Symlinking: /home/jay/SCV_Perception/install/memsort_ros2/share/ament_index/resource_index/packages/memsort_ros2
-- Symlinking: /home/jay/SCV_Perception/install/memsort_ros2/share/memsort_ros2/cmake/memsort_ros2Config.cmake
-- Symlinking: /home/jay/SCV_Perception/install/memsort_ros2/share/memsort_ros2/cmake/memsort_ros2Config-version.cmake
-- Symlinking: /home/jay/SCV_Perception/install/memsort_ros2/share/memsort_ros2/package.xml
Listing '/home/jay/SCV_Perception/install/memsort_ros2/local/lib/python3.10/dist-packages/memsort_ros2'...
Compiling '/home/jay/SCV_Perception/install/memsort_ros2/local/lib/python3.10/dist-packages/memsort_ros2/__init__.py'...
Compiling '/home/jay/SCV_Perception/install/memsort_ros2/local/lib/python3.10/dist-packages/memsort_ros2/memory_sort_node.py'...
Compiling '/home/jay/SCV_Perception/install/memsort_ros2/local/lib/python3.10/dist-packages/memsort_ros2/your_memory_sort_impl.py'...
