[0.006s] Invoking command in '/home/jay/SCV_Perception/build/memsort_ros2': CMAKE_PREFIX_PATH=${CMAKE_PREFIX_PATH}:/home/jay/SCV_Perception/install/ultralytics_ros2:/home/jay/SCV_Perception/install/object_depth_tracker:/opt/ros/humble /usr/bin/cmake /home/jay/SCV_Perception/memsort_ros2 -DAMENT_CMAKE_SYMLINK_INSTALL=1 -DCMAKE_INSTALL_PREFIX=/home/jay/SCV_Perception/install/memsort_ros2
[0.036s] -- The C compiler identification is GNU 11.4.0
[0.070s] -- The CXX compiler identification is GNU 11.4.0
[0.074s] -- Detecting C compiler ABI info
[0.114s] -- Detecting C compiler ABI info - done
[0.119s] -- Check for working C compiler: /usr/bin/cc - skipped
[0.119s] -- Detecting C compile features
[0.119s] -- Detecting C compile features - done
[0.121s] -- Detecting CXX compiler ABI info
[0.168s] -- Detecting CXX compiler ABI info - done
[0.174s] -- Check for working CXX compiler: /usr/bin/c++ - skipped
[0.174s] -- Detecting CXX compile features
[0.174s] -- Detecting CXX compile features - done
[0.175s] -- Found ament_cmake: 1.3.12 (/opt/ros/humble/share/ament_cmake/cmake)
[0.429s] -- Found Python3: /usr/bin/python3 (found version "3.10.12") found components: Interpreter 
[0.473s] -- Override CMake install command with custom implementation using symlinks instead of copying resources
[0.606s] -- Configuring done
[0.608s] -- Generating done
[0.610s] -- Build files have been written to: /home/jay/SCV_Perception/build/memsort_ros2
[0.612s] Invoked command in '/home/jay/SCV_Perception/build/memsort_ros2' returned '0': CMAKE_PREFIX_PATH=${CMAKE_PREFIX_PATH}:/home/jay/SCV_Perception/install/ultralytics_ros2:/home/jay/SCV_Perception/install/object_depth_tracker:/opt/ros/humble /usr/bin/cmake /home/jay/SCV_Perception/memsort_ros2 -DAMENT_CMAKE_SYMLINK_INSTALL=1 -DCMAKE_INSTALL_PREFIX=/home/jay/SCV_Perception/install/memsort_ros2
[0.614s] Invoking command in '/home/jay/SCV_Perception/build/memsort_ros2': CMAKE_PREFIX_PATH=${CMAKE_PREFIX_PATH}:/home/jay/SCV_Perception/install/ultralytics_ros2:/home/jay/SCV_Perception/install/object_depth_tracker:/opt/ros/humble /usr/bin/cmake --build /home/jay/SCV_Perception/build/memsort_ros2 -- -j20 -l20
[0.644s] Built target ament_cmake_python_symlink_memsort_ros2_setup
[0.644s] Built target ament_cmake_python_symlink_memsort_ros2
[0.821s] running egg_info
[0.838s] creating memsort_ros2.egg-info
[0.838s] writing memsort_ros2.egg-info/PKG-INFO
[0.838s] writing dependency_links to memsort_ros2.egg-info/dependency_links.txt
[0.838s] writing top-level names to memsort_ros2.egg-info/top_level.txt
[0.838s] writing manifest file 'memsort_ros2.egg-info/SOURCES.txt'
[0.889s] reading manifest file 'memsort_ros2.egg-info/SOURCES.txt'
[0.889s] writing manifest file 'memsort_ros2.egg-info/SOURCES.txt'
[0.906s] Built target ament_cmake_python_build_memsort_ros2_egg
[0.913s] Invoked command in '/home/jay/SCV_Perception/build/memsort_ros2' returned '0': CMAKE_PREFIX_PATH=${CMAKE_PREFIX_PATH}:/home/jay/SCV_Perception/install/ultralytics_ros2:/home/jay/SCV_Perception/install/object_depth_tracker:/opt/ros/humble /usr/bin/cmake --build /home/jay/SCV_Perception/build/memsort_ros2 -- -j20 -l20
[0.918s] Invoking command in '/home/jay/SCV_Perception/build/memsort_ros2': CMAKE_PREFIX_PATH=${CMAKE_PREFIX_PATH}:/home/jay/SCV_Perception/install/ultralytics_ros2:/home/jay/SCV_Perception/install/object_depth_tracker:/opt/ros/humble /usr/bin/cmake --install /home/jay/SCV_Perception/build/memsort_ros2
[0.923s] -- Install configuration: ""
[0.923s] -- Execute custom install script
[0.924s] -- Symlinking: /home/jay/SCV_Perception/install/memsort_ros2/share/memsort_ros2/environment/pythonpath.sh
[0.928s] -- Symlinking: /home/jay/SCV_Perception/install/memsort_ros2/share/memsort_ros2/environment/pythonpath.dsv
[0.933s] -- Symlinking: /home/jay/SCV_Perception/install/memsort_ros2/local/lib/python3.10/dist-packages/memsort_ros2-0.1.0-py3.10.egg-info/PKG-INFO
[0.938s] -- Symlinking: /home/jay/SCV_Perception/install/memsort_ros2/local/lib/python3.10/dist-packages/memsort_ros2-0.1.0-py3.10.egg-info/SOURCES.txt
[0.943s] -- Symlinking: /home/jay/SCV_Perception/install/memsort_ros2/local/lib/python3.10/dist-packages/memsort_ros2-0.1.0-py3.10.egg-info/dependency_links.txt
[0.947s] -- Symlinking: /home/jay/SCV_Perception/install/memsort_ros2/local/lib/python3.10/dist-packages/memsort_ros2-0.1.0-py3.10.egg-info/top_level.txt
[0.952s] -- Symlinking: /home/jay/SCV_Perception/install/memsort_ros2/local/lib/python3.10/dist-packages/memsort_ros2/__init__.py
[0.957s] -- Symlinking: /home/jay/SCV_Perception/install/memsort_ros2/local/lib/python3.10/dist-packages/memsort_ros2/memory_sort_node.py
[0.961s] -- Symlinking: /home/jay/SCV_Perception/install/memsort_ros2/local/lib/python3.10/dist-packages/memsort_ros2/your_memory_sort_impl.py
[0.966s] -- Symlinking: /home/jay/SCV_Perception/install/memsort_ros2/lib/memsort_ros2/memory_sort_node
[0.971s] -- Symlinking: /home/jay/SCV_Perception/install/memsort_ros2/share/ament_index/resource_index/package_run_dependencies/memsort_ros2
[0.975s] -- Symlinking: /home/jay/SCV_Perception/install/memsort_ros2/share/ament_index/resource_index/parent_prefix_path/memsort_ros2
[0.980s] -- Symlinking: /home/jay/SCV_Perception/install/memsort_ros2/share/memsort_ros2/environment/ament_prefix_path.sh
[0.985s] -- Symlinking: /home/jay/SCV_Perception/install/memsort_ros2/share/memsort_ros2/environment/ament_prefix_path.dsv
[0.990s] -- Symlinking: /home/jay/SCV_Perception/install/memsort_ros2/share/memsort_ros2/environment/path.sh
[0.995s] -- Symlinking: /home/jay/SCV_Perception/install/memsort_ros2/share/memsort_ros2/environment/path.dsv
[1.000s] -- Symlinking: /home/jay/SCV_Perception/install/memsort_ros2/share/memsort_ros2/local_setup.bash
[1.005s] -- Symlinking: /home/jay/SCV_Perception/install/memsort_ros2/share/memsort_ros2/local_setup.sh
[1.010s] -- Symlinking: /home/jay/SCV_Perception/install/memsort_ros2/share/memsort_ros2/local_setup.zsh
[1.014s] -- Symlinking: /home/jay/SCV_Perception/install/memsort_ros2/share/memsort_ros2/local_setup.dsv
[1.019s] -- Symlinking: /home/jay/SCV_Perception/install/memsort_ros2/share/memsort_ros2/package.dsv
[1.023s] -- Symlinking: /home/jay/SCV_Perception/install/memsort_ros2/share/ament_index/resource_index/packages/memsort_ros2
[1.028s] -- Symlinking: /home/jay/SCV_Perception/install/memsort_ros2/share/memsort_ros2/cmake/memsort_ros2Config.cmake
[1.033s] -- Symlinking: /home/jay/SCV_Perception/install/memsort_ros2/share/memsort_ros2/cmake/memsort_ros2Config-version.cmake
[1.038s] -- Symlinking: /home/jay/SCV_Perception/install/memsort_ros2/share/memsort_ros2/package.xml
[1.070s] Listing '/home/jay/SCV_Perception/install/memsort_ros2/local/lib/python3.10/dist-packages/memsort_ros2'...
[1.070s] Compiling '/home/jay/SCV_Perception/install/memsort_ros2/local/lib/python3.10/dist-packages/memsort_ros2/__init__.py'...
[1.070s] Compiling '/home/jay/SCV_Perception/install/memsort_ros2/local/lib/python3.10/dist-packages/memsort_ros2/memory_sort_node.py'...
[1.070s] Compiling '/home/jay/SCV_Perception/install/memsort_ros2/local/lib/python3.10/dist-packages/memsort_ros2/your_memory_sort_impl.py'...
[1.074s] Invoked command in '/home/jay/SCV_Perception/build/memsort_ros2' returned '0': CMAKE_PREFIX_PATH=${CMAKE_PREFIX_PATH}:/home/jay/SCV_Perception/install/ultralytics_ros2:/home/jay/SCV_Perception/install/object_depth_tracker:/opt/ros/humble /usr/bin/cmake --install /home/jay/SCV_Perception/build/memsort_ros2
